Component: ARM Compiler 5.06 update 7 (build 960) Tool: armlink [4d3601]

==============================================================================

Section Cross References

    main.o(i._ZN25_INTERNAL_8_main_cpp_main4pins7setFunc6setPWMENS0_12pinStructureEj) refers to stm32f4xx_tim.o(i.TIM_SetCompare1) for TIM_SetCompare1
    main.o(i._ZN25_INTERNAL_8_main_cpp_main4pins7setFunc6setPWMENS0_12pinStructureEj) refers to stm32f4xx_tim.o(i.TIM_SetCompare2) for TIM_SetCompare2
    main.o(i._ZN25_INTERNAL_8_main_cpp_main4pins7setFunc6setPWMENS0_12pinStructureEj) refers to stm32f4xx_tim.o(i.TIM_SetCompare3) for TIM_SetCompare3
    main.o(i._ZN25_INTERNAL_8_main_cpp_main4pins7setFunc6setPWMENS0_12pinStructureEj) refers to stm32f4xx_tim.o(i.TIM_SetCompare4) for TIM_SetCompare4
    main.o(i._ZN25_INTERNAL_8_main_cpp_main4pins8initFunc10timerClockEP11TIM_TypeDef) refers to stm32f4xx_rcc.o(i.RCC_APB2PeriphClockCmd) for RCC_APB2PeriphClockCmd
    main.o(i._ZN25_INTERNAL_8_main_cpp_main4pins8initFunc10timerClockEP11TIM_TypeDef) refers to stm32f4xx_rcc.o(i.RCC_APB1PeriphClockCmd) for RCC_APB1PeriphClockCmd
    main.o(i._ZN25_INTERNAL_8_main_cpp_main4pins8initFunc7initPwmENS0_12pinStructureE) refers to main.o(i._ZN25_INTERNAL_8_main_cpp_main4pins8initFunc7pinInitENS0_12pinStructureE) for [local to main_cpp]::pins::initFunc::pinInit([local to main_cpp]::pins::pinStructure)
    main.o(i._ZN25_INTERNAL_8_main_cpp_main4pins8initFunc7initPwmENS0_12pinStructureE) refers to stm32f4xx_gpio.o(i.GPIO_PinAFConfig) for GPIO_PinAFConfig
    main.o(i._ZN25_INTERNAL_8_main_cpp_main4pins8initFunc7initPwmENS0_12pinStructureE) refers to main.o(i._ZN25_INTERNAL_8_main_cpp_main4pins8initFunc10timerClockEP11TIM_TypeDef) for [local to main_cpp]::pins::initFunc::timerClock(TIM_TypeDef*)
    main.o(i._ZN25_INTERNAL_8_main_cpp_main4pins8initFunc7initPwmENS0_12pinStructureE) refers to stm32f4xx_tim.o(i.TIM_TimeBaseInit) for TIM_TimeBaseInit
    main.o(i._ZN25_INTERNAL_8_main_cpp_main4pins8initFunc7initPwmENS0_12pinStructureE) refers to stm32f4xx_tim.o(i.TIM_CCxCmd) for TIM_CCxCmd
    main.o(i._ZN25_INTERNAL_8_main_cpp_main4pins8initFunc7initPwmENS0_12pinStructureE) refers to stm32f4xx_tim.o(i.TIM_OC1Init) for TIM_OC1Init
    main.o(i._ZN25_INTERNAL_8_main_cpp_main4pins8initFunc7initPwmENS0_12pinStructureE) refers to stm32f4xx_tim.o(i.TIM_OC2Init) for TIM_OC2Init
    main.o(i._ZN25_INTERNAL_8_main_cpp_main4pins8initFunc7initPwmENS0_12pinStructureE) refers to stm32f4xx_tim.o(i.TIM_OC3Init) for TIM_OC3Init
    main.o(i._ZN25_INTERNAL_8_main_cpp_main4pins8initFunc7initPwmENS0_12pinStructureE) refers to stm32f4xx_tim.o(i.TIM_OC4Init) for TIM_OC4Init
    main.o(i._ZN25_INTERNAL_8_main_cpp_main4pins8initFunc7initPwmENS0_12pinStructureE) refers to stm32f4xx_tim.o(i.TIM_CtrlPWMOutputs) for TIM_CtrlPWMOutputs
    main.o(i._ZN25_INTERNAL_8_main_cpp_main4pins8initFunc7initPwmENS0_12pinStructureE) refers to stm32f4xx_tim.o(i.TIM_Cmd) for TIM_Cmd
    main.o(i._ZN25_INTERNAL_8_main_cpp_main4pins8initFunc7initPwmENS0_12pinStructureE) refers to stm32f4xx_tim.o(i.TIM_SetCompare1) for TIM_SetCompare1
    main.o(i._ZN25_INTERNAL_8_main_cpp_main4pins8initFunc7initPwmENS0_12pinStructureE) refers to stm32f4xx_tim.o(i.TIM_SetCompare2) for TIM_SetCompare2
    main.o(i._ZN25_INTERNAL_8_main_cpp_main4pins8initFunc7initPwmENS0_12pinStructureE) refers to stm32f4xx_tim.o(i.TIM_SetCompare3) for TIM_SetCompare3
    main.o(i._ZN25_INTERNAL_8_main_cpp_main4pins8initFunc7initPwmENS0_12pinStructureE) refers to stm32f4xx_tim.o(i.TIM_SetCompare4) for TIM_SetCompare4
    main.o(i._ZN25_INTERNAL_8_main_cpp_main4pins8initFunc7pinInitENS0_12pinStructureE) refers to main.o(i._ZN25_INTERNAL_8_main_cpp_main4pins8initFunc9GPIOClockEP12GPIO_TypeDef) for [local to main_cpp]::pins::initFunc::GPIOClock(GPIO_TypeDef*)
    main.o(i._ZN25_INTERNAL_8_main_cpp_main4pins8initFunc7pinInitENS0_12pinStructureE) refers to stm32f4xx_gpio.o(i.GPIO_Init) for GPIO_Init
    main.o(i._ZN25_INTERNAL_8_main_cpp_main4pins8initFunc7pinInitENS0_12pinStructureE) refers to stm32f4xx_gpio.o(i.GPIO_SetBits) for GPIO_SetBits
    main.o(i._ZN25_INTERNAL_8_main_cpp_main4pins8initFunc9GPIOClockEP12GPIO_TypeDef) refers to stm32f4xx_rcc.o(i.RCC_AHB1PeriphClockCmd) for RCC_AHB1PeriphClockCmd
    main.o(i.main) refers to stm32f4xx_rcc.o(i.RCC_APB2PeriphClockCmd) for RCC_APB2PeriphClockCmd
    main.o(i.main) refers to time_service.o(i._ZN12time_service4initEv) for time_service::init()
    main.o(i.main) refers to time_service.o(i._ZN12time_service9startTimeEv) for time_service::startTime()
    main.o(i.main) refers to main.o(i._ZN25_INTERNAL_8_main_cpp_main4pins8initFunc7pinInitENS0_12pinStructureE) for [local to main_cpp]::pins::initFunc::pinInit([local to main_cpp]::pins::pinStructure)
    main.o(i.main) refers to stm32f4xx_gpio.o(i.GPIO_SetBits) for GPIO_SetBits
    main.o(i.main) refers to stm32f4xx_gpio.o(i.GPIO_ResetBits) for GPIO_ResetBits
[...]
    i.__kernel_sin                           0x08003130   Section        0  sin_i.o(i.__kernel_sin)
    i.__mathlib_dbl_infnan                   0x08003260   Section        0  dunder.o(i.__mathlib_dbl_infnan)
    i.__mathlib_dbl_invalid                  0x08003278   Section        0  dunder.o(i.__mathlib_dbl_invalid)
    i.__mathlib_dbl_underflow                0x08003298   Section        0  dunder.o(i.__mathlib_dbl_underflow)
    i.__sti___15_uart_handle_cpp_8a507026    0x080032b8   Section        0  uart_handle.o(i.__sti___15_uart_handle_cpp_8a507026)
    __sti___15_uart_handle_cpp_8a507026      0x080032b9   Thumb Code    36  uart_handle.o(i.__sti___15_uart_handle_cpp_8a507026)
    i.__sti___16_base_movment_cpp_11007a78   0x080032ec   Section        0  base_movment.o(i.__sti___16_base_movment_cpp_11007a78)
    __sti___16_base_movment_cpp_11007a78     0x080032ed   Thumb Code    56  base_movment.o(i.__sti___16_base_movment_cpp_11007a78)
    i._sys_exit                              0x08003338   Section        0  retarget.o(i._sys_exit)
    i.assert_failed                          0x0800333c   Section        0  retarget.o(i.assert_failed)
    i.fabs                                   0x08003346   Section        0  fabs.o(i.fabs)
    i.main                                   0x08003360   Section        0  main.o(i.main)
    t._ZNV14CircularBufferIhLj255EE9writeHeadEh 0x08003640   Section        0  uart_handle.o(t._ZNV14CircularBufferIhLj255EE9writeHeadEh)
    x$fpl$basic                              0x080036ac   Section       24  basic.o(x$fpl$basic)
    $v0                                      0x080036ac   Number         0  basic.o(x$fpl$basic)
    x$fpl$dadd                               0x080036c4   Section      336  daddsub_clz.o(x$fpl$dadd)
    $v0                                      0x080036c4   Number         0  daddsub_clz.o(x$fpl$dadd)
    _dadd1                                   0x080036d5   Thumb Code     0  daddsub_clz.o(x$fpl$dadd)
    x$fpl$ddiv                               0x08003814   Section      688  ddiv.o(x$fpl$ddiv)
    $v0                                      0x08003814   Number         0  ddiv.o(x$fpl$ddiv)
    ddiv_entry                               0x0800381b   Thumb Code     0  ddiv.o(x$fpl$ddiv)
    x$fpl$dfix                               0x08003ac4   Section       94  dfix.o(x$fpl$dfix)
    $v0                                      0x08003ac4   Number         0  dfix.o(x$fpl$dfix)
    x$fpl$dfixu                              0x08003b24   Section       90  dfixu.o(x$fpl$dfixu)
    $v0                                      0x08003b24   Number         0  dfixu.o(x$fpl$dfixu)
    x$fpl$dflt                               0x08003b7e   Section       46  dflt_clz.o(x$fpl$dflt)
    $v0                                      0x08003b7e   Number         0  dflt_clz.o(x$fpl$dflt)
    x$fpl$dfltu                              0x08003bac   Section       38  dflt_clz.o(x$fpl$dfltu)
    $v0                                      0x08003bac   Number         0  dflt_clz.o(x$fpl$dfltu)
    x$fpl$dmul                               0x08003bd4   Section      340  dmul.o(x$fpl$dmul)
    $v0                                      0x08003bd4   Number         0  dmul.o(x$fpl$dmul)
    x$fpl$dnaninf                            0x08003d28   Section      156  dnaninf.o(x$fpl$dnaninf)
    $v0                                      0x08003d28   Number         0  dnaninf.o(x$fpl$dnaninf)
    x$fpl$dretinf                            0x08003dc4   Section       12  dretinf.o(x$fpl$dretinf)
    $v0                                      0x08003dc4   Number         0  dretinf.o(x$fpl$dretinf)
    x$fpl$drsb                               0x08003dd0   Section       22  daddsub_clz.o(x$fpl$drsb)
    $v0                                      0x08003dd0   Number         0  daddsub_clz.o(x$fpl$drsb)
    x$fpl$dsub                               0x08003de8   Section      468  daddsub_clz.o(x$fpl$dsub)
    $v0                                      0x08003de8   Number         0  daddsub_clz.o(x$fpl$dsub)
    _dsub1                                   0x08003df9   Thumb Code     0  daddsub_clz.o(x$fpl$dsub)
    x$fpl$fpinit                             0x08003fbc   Section       10  fpinit.o(x$fpl$fpinit)
    $v0                                      0x08003fbc   Number         0  fpinit.o(x$fpl$fpinit)
    .constdata                               0x08003fc6   Section       61  retarget.o(.constdata)
    x$fpl$usenofp                            0x08003fc6   Section        0  usenofp.o(x$fpl$usenofp)
    __tagsym$$used                           0x08003fc6   Number         0  retarget.o(.constdata)
    date_time_commit                         0x08003fc6   Data          61  retarget.o(.constdata)
    .constdata                               0x08004003   Section     1995  oled_gfx.o(.constdata)
    ascii_table_8x16                         0x08004003   Data        1520  oled_gfx.o(.constdata)
    ascii_table_5x8                          0x080045f3   Data         475  oled_gfx.o(.constdata)
    .constdata                               0x080047d0   Section       48  cos_i.o(.constdata)
    C                                        0x080047d0   Data          48  cos_i.o(.constdata)
    .constdata                               0x08004800   Section      200  rred.o(.constdata)
    pio2s                                    0x08004800   Data          48  rred.o(.constdata)
    twooverpi                                0x08004830   Data         152  rred.o(.constdata)
    .constdata                               0x080048c8   Section       40  sin_i.o(.constdata)
    S                                        0x080048c8   Data          40  sin_i.o(.constdata)
    .constdata__ZTV11ISerialPort             0x080048f0   Section       80  uart_handle.o(.constdata__ZTV11ISerialPort)
    .constdata__ZTV8OLED_GFX                 0x08004940   Section        4  oled_gfx.o(.constdata__ZTV8OLED_GFX)
    vtable for OLED_GFX                      0x08004940   Number         0  oled_gfx.o(.constdata__ZTV8OLED_GFX)
    .constdata__ZTV8OLED_GFX                 0x08004944   Section       12  oled_gfx.o(.constdata__ZTV8OLED_GFX)
    .constdata__ZTVN4uart6HandleE            0x08004950   Section       80  uart_handle.o(.constdata__ZTVN4uart6HandleE)
    .init_array                              0x080049c0   Section        4  uart_handle.o(.init_array)
    .init_array                              0x080049c4   Section        4  base_movment.o(.init_array)
    .init_array                              0x080049c8   Section        0  init_aeabi.o(.init_array)
    .data                                    0x20000000   Section     1216  main.o(.data)
    [local to main_cpp]::otherPins::button1  0x20000000   Data          20  main.o(.data)
    [local to main_cpp]::otherPins::button2  0x20000014   Data          20  main.o(.data)
    [local to main_cpp]::otherPins::errorLed 0x20000028   Data          20  main.o(.data)
    [local to main_cpp]::otherPins::workLed  0x2000003c   Data          20  main.o(.data)
    [local to main_cpp]::otherPins::victimLed 0x20000050   Data          20  main.o(.data)
    [local to main_cpp]::otherPins::servPin  0x20000064   Data          20  main.o(.data)
    [local to main_cpp]::otherPins::LeftSensEn 0x20000078   Data          20  main.o(.data)
    [local to main_cpp]::otherPins::RightSensEn 0x2000008c   Data          20  main.o(.data)
    [local to main_cpp]::otherPins::lightSesor 0x200000a0   Data          20  main.o(.data)
    [local to main_cpp]::otherPins::SHARPPin 0x200000b4   Data          20  main.o(.data)
    [local to main_cpp]::vlxPins::sclPinVL   0x200000c8   Data          20  main.o(.data)
    [local to main_cpp]::vlxPins::sdaPinVL   0x200000dc   Data          20  main.o(.data)
    [local to main_cpp]::vlxPins::xshutFr    0x200000f0   Data          20  main.o(.data)
    [local to main_cpp]::vlxPins::enFr       0x20000104   Data          20  main.o(.data)
    [local to main_cpp]::vlxPins::xshutRiFr  0x20000118   Data          20  main.o(.data)
    [local to main_cpp]::vlxPins::enRiFr     0x2000012c   Data          20  main.o(.data)
    [local to main_cpp]::vlxPins::xshutLeFr  0x20000140   Data          20  main.o(.data)
    [local to main_cpp]::vlxPins::enLeFr     0x20000154   Data          20  main.o(.data)
    [local to main_cpp]::vlxPins::xshutRi    0x20000168   Data          20  main.o(.data)
    [local to main_cpp]::vlxPins::xshutLe    0x2000017c   Data          20  main.o(.data)
    [local to main_cpp]::vlxPins::xshutBo    0x20000190   Data          20  main.o(.data)
    [local to main_cpp]::vlxPins::enBo       0x200001a4   Data          20  main.o(.data)
    [local to main_cpp]::mlxPins::sdaPinML   0x200001b8   Data          20  main.o(.data)
    [local to main_cpp]::mlxPins::sclPinML   0x200001cc   Data          20  main.o(.data)
    [local to main_cpp]::FrLeMotPins::out2   0x200001e0   Data          20  main.o(.data)
    [local to main_cpp]::FrLeMotPins::out1   0x200001f4   Data          20  main.o(.data)
    [local to main_cpp]::FrLeMotPins::en     0x20000208   Data          20  main.o(.data)
    [local to main_cpp]::FrLeMotPins::inv    0x2000021c   Data          20  main.o(.data)
    [local to main_cpp]::FrLeMotPins::encPin1 0x20000230   Data          20  main.o(.data)
    [local to main_cpp]::FrLeMotPins::encPin2 0x20000244   Data          20  main.o(.data)
    [local to main_cpp]::FrLeMotPins::posSens 0x20000258   Data          20  main.o(.data)
    [local to main_cpp]::FrLeMotPins::current 0x2000026c   Data          20  main.o(.data)
    [local to main_cpp]::BoRiMotPins::out2   0x20000280   Data          20  main.o(.data)
    [local to main_cpp]::BoRiMotPins::out1   0x20000294   Data          20  main.o(.data)
    [local to main_cpp]::BoRiMotPins::en     0x200002a8   Data          20  main.o(.data)
    [local to main_cpp]::BoRiMotPins::inv    0x200002bc   Data          20  main.o(.data)
    [local to main_cpp]::BoRiMotPins::encPin1 0x200002d0   Data          20  main.o(.data)
    [local to main_cpp]::BoRiMotPins::encPin2 0x200002e4   Data          20  main.o(.data)
    [local to main_cpp]::BoRiMotPins::posSens 0x200002f8   Data          20  main.o(.data)
    [local to main_cpp]::BoRiMotPins::current 0x2000030c   Data          20  main.o(.data)
    [local to main_cpp]::BoLeMotPins::out2   0x20000320   Data          20  main.o(.data)
    [local to main_cpp]::BoLeMotPins::out1   0x20000334   Data          20  main.o(.data)
    [local to main_cpp]::BoLeMotPins::en     0x20000348   Data          20  main.o(.data)
    [local to main_cpp]::BoLeMotPins::inv    0x2000035c   Data          20  main.o(.data)
    [local to main_cpp]::BoLeMotPins::encPin1 0x20000370   Data          20  main.o(.data)
    [local to main_cpp]::BoLeMotPins::encPin2 0x20000384   Data          20  main.o(.data)
    [local to main_cpp]::BoLeMotPins::posSens 0x20000398   Data          20  main.o(.data)
    [local to main_cpp]::BoLeMotPins::current 0x200003ac   Data          20  main.o(.data)
    [local to main_cpp]::FrRiMotPins::out1   0x200003c0   Data          20  main.o(.data)
    [local to main_cpp]::FrRiMotPins::out2   0x200003d4   Data          20  main.o(.data)
    [local to main_cpp]::FrRiMotPins::en     0x200003e8   Data          20  main.o(.data)
    [local to main_cpp]::FrRiMotPins::inv    0x200003fc   Data          20  main.o(.data)
    [local to main_cpp]::FrRiMotPins::encPin1 0x20000410   Data          20  main.o(.data)
    [local to main_cpp]::FrRiMotPins::encPin2 0x20000424   Data          20  main.o(.data)
    [local to main_cpp]::FrRiMotPins::posSens 0x20000438   Data          20  main.o(.data)
    [local to main_cpp]::FrRiMotPins::current 0x2000044c   Data          20  main.o(.data)
    [local to main_cpp]::cameraPins::pinL1   0x20000460   Data          20  main.o(.data)
    [local to main_cpp]::cameraPins::pinL2   0x20000474   Data          20  main.o(.data)
    [local to main_cpp]::cameraPins::pinR1   0x20000488   Data          20  main.o(.data)
    [local to main_cpp]::cameraPins::pinR2   0x2000049c   Data          20  main.o(.data)
    _ZGV_ZZ4mainE9work_disp                  0x200004b0   Data           4  main.o(.data)
    _ZGV_ZZ4mainE4disp                       0x200004b4   Data           4  main.o(.data)
    main::disp                               0x200004b8   Data           1  main.o(.data)
    main::work_disp                          0x200004bc   Data           4  main.o(.data)
    .data                                    0x200004c0   Section       20  system_stm32f4xx.o(.data)
    .data                                    0x200004d4   Section        4  time_service.o(.data)
    .data                                    0x200004d8   Section        1  uart_handle.o(.data)
    .data                                    0x200004dc   Section     1204  base_movment.o(.data)
    frontMovementRast                        0x200004dc   Data           2  base_movment.o(.data)
    [local to base_movment_cpp]::otherPins::button1 0x200004e0   Data          20  base_movment.o(.data)
    [local to base_movment_cpp]::otherPins::button2 0x200004f4   Data          20  base_movment.o(.data)
    [local to base_movment_cpp]::otherPins::errorLed 0x20000508   Data          20  base_movment.o(.data)
    [local to base_movment_cpp]::otherPins::workLed 0x2000051c   Data          20  base_movment.o(.data)
    [local to base_movment_cpp]::otherPins::victimLed 0x20000530   Data          20  base_movment.o(.data)
    [local to base_movment_cpp]::otherPins::servPin 0x20000544   Data          20  base_movment.o(.data)
    [local to base_movment_cpp]::otherPins::LeftSensEn 0x20000558   Data          20  base_movment.o(.data)
    [local to base_movment_cpp]::otherPins::RightSensEn 0x2000056c   Data          20  base_movment.o(.data)
    [local to base_movment_cpp]::otherPins::lightSesor 0x20000580   Data          20  base_movment.o(.data)
    [local to base_movment_cpp]::otherPins::SHARPPin 0x20000594   Data          20  base_movment.o(.data)
    [local to base_movment_cpp]::vlxPins::sclPinVL 0x200005a8   Data          20  base_movment.o(.data)
    [local to base_movment_cpp]::vlxPins::sdaPinVL 0x200005bc   Data          20  base_movment.o(.data)
    [local to base_movment_cpp]::vlxPins::xshutFr 0x200005d0   Data          20  base_movment.o(.data)
    [local to base_movment_cpp]::vlxPins::enFr 0x200005e4   Data          20  base_movment.o(.data)
    [local to base_movment_cpp]::vlxPins::xshutRiFr 0x200005f8   Data          20  base_movment.o(.data)
    [local to base_movment_cpp]::vlxPins::enRiFr 0x2000060c   Data          20  base_movment.o(.data)
    [local to base_movment_cpp]::vlxPins::xshutLeFr 0x20000620   Data          20  base_movment.o(.data)
    [local to base_movment_cpp]::vlxPins::enLeFr 0x20000634   Data          20  base_movment.o(.data)
    [local to base_movment_cpp]::vlxPins::xshutRi 0x20000648   Data          20  base_movment.o(.data)
    [local to base_movment_cpp]::vlxPins::xshutLe 0x2000065c   Data          20  base_movment.o(.data)
    [local to base_movment_cpp]::vlxPins::xshutBo 0x20000670   Data          20  base_movment.o(.data)
    [local to base_movment_cpp]::vlxPins::enBo 0x20000684   Data          20  base_movment.o(.data)
    [local to base_movment_cpp]::mlxPins::sdaPinML 0x20000698   Data          20  base_movment.o(.data)
    [local to base_movment_cpp]::mlxPins::sclPinML 0x200006ac   Data          20  base_movment.o(.data)
    [local to base_movment_cpp]::FrLeMotPins::out2 0x200006c0   Data          20  base_movment.o(.data)
    [local to base_movment_cpp]::FrLeMotPins::out1 0x200006d4   Data          20  base_movment.o(.data)
    [local to base_movment_cpp]::FrLeMotPins::en 0x200006e8   Data          20  base_movment.o(.data)
    [local to base_movment_cpp]::FrLeMotPins::inv 0x200006fc   Data          20  base_movment.o(.data)
    [local to base_movment_cpp]::FrLeMotPins::encPin1 0x20000710   Data          20  base_movment.o(.data)
    [local to base_movment_cpp]::FrLeMotPins::encPin2 0x20000724   Data          20  base_movment.o(.data)
    [local to base_movment_cpp]::FrLeMotPins::posSens 0x20000738   Data          20  base_movment.o(.data)
    [local to base_movment_cpp]::FrLeMotPins::current 0x2000074c   Data          20  base_movment.o(.data)
    [local to base_movment_cpp]::BoRiMotPins::out2 0x20000760   Data          20  base_movment.o(.data)
    [local to base_movment_cpp]::BoRiMotPins::out1 0x20000774   Data          20  base_movment.o(.data)
    [local to base_movment_cpp]::BoRiMotPins::en 0x20000788   Data          20  base_movment.o(.data)
    [local to base_movment_cpp]::BoRiMotPins::inv 0x2000079c   Data          20  base_movment.o(.data)
    [local to base_movment_cpp]::BoRiMotPins::encPin1 0x200007b0   Data          20  base_movment.o(.data)
    [local to base_movment_cpp]::BoRiMotPins::encPin2 0x200007c4   Data          20  base_movment.o(.data)
    [local to base_movment_cpp]::BoRiMotPins::posSens 0x200007d8   Data          20  base_movment.o(.data)
    [local to base_movment_cpp]::BoRiMotPins::current 0x200007ec   Data          20  base_movment.o(.data)
    [local to base_movment_cpp]::BoLeMotPins::out2 0x20000800   Data          20  base_movment.o(.data)
    [local to base_movment_cpp]::BoLeMotPins::out1 0x20000814   Data          20  base_movment.o(.data)
    [local to base_movment_cpp]::BoLeMotPins::en 0x20000828   Data          20  base_movment.o(.data)
    [local to base_movment_cpp]::BoLeMotPins::inv 0x2000083c   Data          20  base_movment.o(.data)
    [local to base_movment_cpp]::BoLeMotPins::encPin1 0x20000850   Data          20  base_movment.o(.data)
    [local to base_movment_cpp]::BoLeMotPins::encPin2 0x20000864   Data          20  base_movment.o(.data)
    [local to base_movment_cpp]::BoLeMotPins::posSens 0x20000878   Data          20  base_movment.o(.data)
    [local to base_movment_cpp]::BoLeMotPins::current 0x2000088c   Data          20  base_movment.o(.data)
    [local to base_movment_cpp]::FrRiMotPins::out1 0x200008a0   Data          20  base_movment.o(.data)
    [local to base_movment_cpp]::FrRiMotPins::out2 0x200008b4   Data          20  base_movment.o(.data)
    [local to base_movment_cpp]::FrRiMotPins::en 0x200008c8   Data          20  base_movment.o(.data)
    [local to base_movment_cpp]::FrRiMotPins::inv 0x200008dc   Data          20  base_movment.o(.data)
    [local to base_movment_cpp]::FrRiMotPins::encPin1 0x200008f0   Data          20  base_movment.o(.data)
    [local to base_movment_cpp]::FrRiMotPins::encPin2 0x20000904   Data          20  base_movment.o(.data)
    [local to base_movment_cpp]::FrRiMotPins::posSens 0x20000918   Data          20  base_movment.o(.data)
    [local to base_movment_cpp]::FrRiMotPins::current 0x2000092c   Data          20  base_movment.o(.data)
    [local to base_movment_cpp]::cameraPins::pinL1 0x20000940   Data          20  base_movment.o(.data)
    [local to base_movment_cpp]::cameraPins::pinL2 0x20000954   Data          20  base_movment.o(.data)
    [local to base_movment_cpp]::cameraPins::pinR1 0x20000968   Data          20  base_movment.o(.data)
    [local to base_movment_cpp]::cameraPins::pinR2 0x2000097c   Data          20  base_movment.o(.data)
    .data                                    0x20000990   Section        3  oled_gfx.o(.data)
    .data                                    0x20000993   Section        4  oled_driver.o(.data)
    .data                                    0x20000998   Section     1200  possensreader.o(.data)
    [local to posSensReader_cpp]::otherPins::button1 0x20000998   Data          20  possensreader.o(.data)
    [local to posSensReader_cpp]::otherPins::button2 0x200009ac   Data          20  possensreader.o(.data)
    [local to posSensReader_cpp]::otherPins::errorLed 0x200009c0   Data          20  possensreader.o(.data)
    [local to posSensReader_cpp]::otherPins::workLed 0x200009d4   Data          20  possensreader.o(.data)
    [local to posSensReader_cpp]::otherPins::victimLed 0x200009e8   Data          20  possensreader.o(.data)
    [local to posSensReader_cpp]::otherPins::servPin 0x200009fc   Data          20  possensreader.o(.data)
    [local to posSensReader_cpp]::otherPins::LeftSensEn 0x20000a10   Data          20  possensreader.o(.data)
    [local to posSensReader_cpp]::otherPins::RightSensEn 0x20000a24   Data          20  possensreader.o(.data)
    [local to posSensReader_cpp]::otherPins::lightSesor 0x20000a38   Data          20  possensreader.o(.data)
    [local to posSensReader_cpp]::otherPins::SHARPPin 0x20000a4c   Data          20  possensreader.o(.data)
    [local to posSensReader_cpp]::vlxPins::sclPinVL 0x20000a60   Data          20  possensreader.o(.data)
    [local to posSensReader_cpp]::vlxPins::sdaPinVL 0x20000a74   Data          20  possensreader.o(.data)
    [local to posSensReader_cpp]::vlxPins::xshutFr 0x20000a88   Data          20  possensreader.o(.data)
    [local to posSensReader_cpp]::vlxPins::enFr 0x20000a9c   Data          20  possensreader.o(.data)
    [local to posSensReader_cpp]::vlxPins::xshutRiFr 0x20000ab0   Data          20  possensreader.o(.data)
    [local to posSensReader_cpp]::vlxPins::enRiFr 0x20000ac4   Data          20  possensreader.o(.data)
    [local to posSensReader_cpp]::vlxPins::xshutLeFr 0x20000ad8   Data          20  possensreader.o(.data)
    [local to posSensReader_cpp]::vlxPins::enLeFr 0x20000aec   Data          20  possensreader.o(.data)
    [local to posSensReader_cpp]::vlxPins::xshutRi 0x20000b00   Data          20  possensreader.o(.data)
    [local to posSensReader_cpp]::vlxPins::xshutLe 0x20000b14   Data          20  possensreader.o(.data)
    [local to posSensReader_cpp]::vlxPins::xshutBo 0x20000b28   Data          20  possensreader.o(.data)
    [local to posSensReader_cpp]::vlxPins::enBo 0x20000b3c   Data          20  possensreader.o(.data)
    [local to posSensReader_cpp]::mlxPins::sdaPinML 0x20000b50   Data          20  possensreader.o(.data)
    [local to posSensReader_cpp]::mlxPins::sclPinML 0x20000b64   Data          20  possensreader.o(.data)
    [local to posSensReader_cpp]::FrLeMotPins::out2 0x20000b78   Data          20  possensreader.o(.data)
    [local to posSensReader_cpp]::FrLeMotPins::out1 0x20000b8c   Data          20  possensreader.o(.data)
    [local to posSensReader_cpp]::FrLeMotPins::en 0x20000ba0   Data          20  possensreader.o(.data)
    [local to posSensReader_cpp]::FrLeMotPins::inv 0x20000bb4   Data          20  possensreader.o(.data)
    [local to posSensReader_cpp]::FrLeMotPins::encPin1 0x20000bc8   Data          20  possensreader.o(.data)
    [local to posSensReader_cpp]::FrLeMotPins::encPin2 0x20000bdc   Data          20  possensreader.o(.data)
    [local to posSensReader_cpp]::FrLeMotPins::posSens 0x20000bf0   Data          20  possensreader.o(.data)
    [local to posSensReader_cpp]::FrLeMotPins::current 0x20000c04   Data          20  possensreader.o(.data)
    [local to posSensReader_cpp]::BoRiMotPins::out2 0x20000c18   Data          20  possensreader.o(.data)
    [local to posSensReader_cpp]::BoRiMotPins::out1 0x20000c2c   Data          20  possensreader.o(.data)
    [local to posSensReader_cpp]::BoRiMotPins::en 0x20000c40   Data          20  possensreader.o(.data)
    [local to posSensReader_cpp]::BoRiMotPins::inv 0x20000c54   Data          20  possensreader.o(.data)
    [local to posSensReader_cpp]::BoRiMotPins::encPin1 0x20000c68   Data          20  possensreader.o(.data)
    [local to posSensReader_cpp]::BoRiMotPins::encPin2 0x20000c7c   Data          20  possensreader.o(.data)
    [local to posSensReader_cpp]::BoRiMotPins::posSens 0x20000c90   Data          20  possensreader.o(.data)
    [local to posSensReader_cpp]::BoRiMotPins::current 0x20000ca4   Data          20  possensreader.o(.data)
    [local to posSensReader_cpp]::BoLeMotPins::out2 0x20000cb8   Data          20  possensreader.o(.data)
    [local to posSensReader_cpp]::BoLeMotPins::out1 0x20000ccc   Data          20  possensreader.o(.data)
    [local to posSensReader_cpp]::BoLeMotPins::en 0x20000ce0   Data          20  possensreader.o(.data)
    [local to posSensReader_cpp]::BoLeMotPins::inv 0x20000cf4   Data          20  possensreader.o(.data)
    [local to posSensReader_cpp]::BoLeMotPins::encPin1 0x20000d08   Data          20  possensreader.o(.data)
    [local to posSensReader_cpp]::BoLeMotPins::encPin2 0x20000d1c   Data          20  possensreader.o(.data)
    [local to posSensReader_cpp]::BoLeMotPins::posSens 0x20000d30   Data          20  possensreader.o(.data)
    [local to posSensReader_cpp]::BoLeMotPins::current 0x20000d44   Data          20  possensreader.o(.data)
    [local to posSensReader_cpp]::FrRiMotPins::out1 0x20000d58   Data          20  possensreader.o(.data)
    [local to posSensReader_cpp]::FrRiMotPins::out2 0x20000d6c   Data          20  possensreader.o(.data)
    [local to posSensReader_cpp]::FrRiMotPins::en 0x20000d80   Data          20  possensreader.o(.data)
    [local to posSensReader_cpp]::FrRiMotPins::inv 0x20000d94   Data          20  possensreader.o(.data)
    [local to posSensReader_cpp]::FrRiMotPins::encPin1 0x20000da8   Data          20  possensreader.o(.data)
    [local to posSensReader_cpp]::FrRiMotPins::encPin2 0x20000dbc   Data          20  possensreader.o(.data)
    [local to posSensReader_cpp]::FrRiMotPins::posSens 0x20000dd0   Data          20  possensreader.o(.data)
    [local to posSensReader_cpp]::FrRiMotPins::current 0x20000de4   Data          20  possensreader.o(.data)
    [local to posSensReader_cpp]::cameraPins::pinL1 0x20000df8   Data          20  possensreader.o(.data)
    [local to posSensReader_cpp]::cameraPins::pinL2 0x20000e0c   Data          20  possensreader.o(.data)
    [local to posSensReader_cpp]::cameraPins::pinR1 0x20000e20   Data          20  possensreader.o(.data)
    [local to posSensReader_cpp]::cameraPins::pinR2 0x20000e34   Data          20  possensreader.o(.data)
    .data__ZZN9posSensor6Reader10getIsnanceENS_10posSensorEEE8Psensors 0x20000e48   Section        4  motor.o(.data__ZZN9posSensor6Reader10getIsnanceENS_10posSensorEEE8Psensors)
    posSensor::Reader::getIsnance(posSensor::posSensorE)::Psensors 0x20000e48   Number         0  motor.o(.data__ZZN9posSensor6Reader10getIsnanceENS_10posSensorEEE8Psensors)
    .bss                                     0x20000e4c   Section     1160  uart_handle.o(.bss)
    .bss                                     0x200012d4   Section       96  libspace.o(.bss)
    .bss__ZZN9posSensor6Reader10getIsnanceENS_10posSensorEEE8Psensors 0x20001334   Section       64  motor.o(.bss__ZZN9posSensor6Reader10getIsnanceENS_10posSensorEEE8Psensors)
    HEAP                                     0x20001378   Section      512  startup_stm32f407xx.o(HEAP)
    Heap_Mem                                 0x20001378   Data         512  startup_stm32f407xx.o(HEAP)
    STACK                                    0x20001578   Section     1024  startup_stm32f407xx.o(STACK)
    Stack_Mem                                0x20001578   Data        1024  startup_stm32f407xx.o(STACK)
    __initial_sp                             0x20001978   Data           0  startup_stm32f407xx.o(STACK)

    Global Symbols

    Symbol Name                              Value     Ov Type        Size  Object(Section)

    BuildAttributes$$THM_ISAv4$E$P$D$K$B$S$7EM$VFPi3$EXTD16$VFPS$VFMA$PE$A:L22UL41UL21$X:L11$S22US41US21$IEEE1$IW$USESV6$~STKCKD$USESV7$~SHL$OTIME$ROPI$IEEEX$EBA8$UX$STANDARDLIB$REQ8$PRES8$EABIv2 0x00000000   Number         0  anon$$obj.o ABSOLUTE
    __ARM_use_no_argv                        0x00000000   Number         0  main.o ABSOLUTE
    SHT$$ARM_EXIDX$$Base                      - Undefined Reference
    SHT$$ARM_EXIDX$$Limit                     - Undefined Reference
    __ARM::default_unexpected_handler()       - Undefined Weak Reference
    __ARM_exceptions_buffer_required          - Undefined Weak Reference
    __ARM_exceptions_init                     - Undefined Weak Reference
    __aeabi_unwind_cpp_pr1                    - Undefined Weak Reference
    __aeabi_unwind_cpp_pr2                    - Undefined Weak Reference
    __alloca_initialize                       - Undefined Weak Reference
    __arm_fini_                               - Undefined Weak Reference
    __arm_preinit_                            - Undefined Weak Reference
    __cxa_begin_cleanup                       - Undefined Weak Reference
    __cxa_call_unexpected                     - Undefined Weak Reference
    __cxa_finalize                            - Undefined Weak Reference
    __cxa_type_match                          - Undefined Weak Reference
    __rt_locale                               - Undefined Weak Reference
    __sigvec_lookup                           - Undefined Weak Reference
    __user_heap_extent                        - Undefined Weak Reference
    _atexit_init                              - Undefined Weak Reference
    _call_atexit_fns                          - Undefined Weak Reference
    _clock_init                               - Undefined Weak Reference
    _fp_trap_init                             - Undefined Weak Reference
    _fp_trap_shutdown                         - Undefined Weak Reference
    _get_lc_collate                           - Undefined Weak Reference
    _get_lc_ctype                             - Undefined Weak Reference
    _get_lc_monetary                          - Undefined Weak Reference
    _get_lc_numeric                           - Undefined Weak Reference
    _get_lc_time                              - Undefined Weak Reference
    _getenv_init                              - Undefined Weak Reference
    _handle_redirection                       - Undefined Weak Reference
    _initio                                   - Undefined Weak Reference
    _mutex_acquire                            - Undefined Weak Reference
    _mutex_free                               - Undefined Weak Reference
    _mutex_release                            - Undefined Weak Reference
    _printf_post_padding                      - Undefined Weak Reference
    _printf_pre_padding                       - Undefined Weak Reference
    _printf_truncate_signed                   - Undefined Weak Reference
    _printf_truncate_unsigned                 - Undefined Weak Reference
    _rand_init                                - Undefined Weak Reference
    _signal_finish                            - Undefined Weak Reference
    _signal_init                              - Undefined Weak Reference
    _terminateio                              - Undefined Weak Reference
    __Vectors_Size                           0x00000188   Number         0  startup_stm32f407xx.o ABSOLUTE
    __Vectors                                0x08000000   Data           4  startup_stm32f407xx.o(RESET)
    __dso_handle                             0x08000000   Number         0  startup_stm32f407xx.o(RESET)
    __Vectors_End                            0x08000188   Data           0  startup_stm32f407xx.o(RESET)
    __main                                   0x08000189   Thumb Code     8  __main.o(!!!main)
    __scatterload                            0x08000191   Thumb Code     0  __scatter.o(!!!scatter)
    __scatterload_rt2                        0x08000191   Thumb Code    44  __scatter.o(!!!scatter)
    __scatterload_rt2_thumb_only             0x08000191   Thumb Code     0  __scatter.o(!!!scatter)
    __scatterload_null                       0x0800019f   Thumb Code     0  __scatter.o(!!!scatter)
    __decompress                             0x080001c5   Thumb Code   100  __dclz77c.o(!!dclz77c)
    __decompress2                            0x080001c5   Thumb Code     0  __dclz77c.o(!!dclz77c)
    __scatterload_zeroinit                   0x08000229   Thumb Code    28  __scatter_zi.o(!!handler_zi)
    __rt_lib_init                            0x08000245   Thumb Code     0  libinit.o(.ARM.Collect$$libinit$$00000000)
    __rt_lib_init_fp_1                       0x08000247   Thumb Code     0  libinit2.o(.ARM.Collect$$libinit$$00000001)
    __rt_lib_init_alloca_1                   0x0800024b   Thumb Code     0  libinit2.o(.ARM.Collect$$libinit$$0000002E)
    __rt_lib_init_argv_1                     0x0800024b   Thumb Code     0  libinit2.o(.ARM.Collect$$libinit$$0000002C)
    __rt_lib_init_atexit_1                   0x0800024b   Thumb Code     0  libinit2.o(.ARM.Collect$$libinit$$0000001B)
    __rt_lib_init_clock_1                    0x0800024b   Thumb Code     0  libinit2.o(.ARM.Collect$$libinit$$00000021)
    __rt_lib_init_cpp_2                      0x0800024b   Thumb Code     0  libinit2.o(.ARM.Collect$$libinit$$00000031)
    __rt_lib_init_exceptions_1               0x0800024b   Thumb Code     0  libinit2.o(.ARM.Collect$$libinit$$00000030)
    __rt_lib_init_fp_trap_1                  0x0800024b   Thumb Code     0  libinit2.o(.ARM.Collect$$libinit$$0000001F)
    __rt_lib_init_getenv_1                   0x0800024b   Thumb Code     0  libinit2.o(.ARM.Collect$$libinit$$00000023)
    __rt_lib_init_heap_1                     0x0800024b   Thumb Code     0  libinit2.o(.ARM.Collect$$libinit$$0000000A)
    __rt_lib_init_lc_collate_1               0x0800024b   Thumb Code     0  libinit2.o(.ARM.Collect$$libinit$$00000011)
    __rt_lib_init_lc_ctype_1                 0x0800024b   Thumb Code     0  libinit2.o(.ARM.Collect$$libinit$$00000013)
    __rt_lib_init_lc_monetary_1              0x0800024b   Thumb Code     0  libinit2.o(.ARM.Collect$$libinit$$00000015)
    __rt_lib_init_lc_numeric_1               0x0800024b   Thumb Code     0  libinit2.o(.ARM.Collect$$libinit$$00000017)
    __rt_lib_init_lc_time_1                  0x0800024b   Thumb Code     0  libinit2.o(.ARM.Collect$$libinit$$00000019)
    __rt_lib_init_preinit_1                  0x0800024b   Thumb Code     0  libinit2.o(.ARM.Collect$$libinit$$00000004)
    __rt_lib_init_rand_1                     0x0800024b   Thumb Code     0  libinit2.o(.ARM.Collect$$libinit$$0000000E)
    __rt_lib_init_signal_1                   0x0800024b   Thumb Code     0  libinit2.o(.ARM.Collect$$libinit$$0000001D)
    __rt_lib_init_stdio_1                    0x0800024b   Thumb Code     0  libinit2.o(.ARM.Collect$$libinit$$00000025)
    __rt_lib_init_user_alloc_1               0x0800024b   Thumb Code     0  libinit2.o(.ARM.Collect$$libinit$$0000000C)
    __rt_lib_init_cpp_1                      0x0800024f   Thumb Code     0  libinit2.o(.ARM.Collect$$libinit$$00000032)
    __rt_lib_init_return                     0x0800024f   Thumb Code     0  libinit2.o(.ARM.Collect$$libinit$$00000033)
    __rt_lib_shutdown                        0x08000251   Thumb Code     0  libshutdown.o(.ARM.Collect$$libshutdown$$00000000)
    __rt_lib_shutdown_cpp_1                  0x08000253   Thumb Code     0  libshutdown2.o(.ARM.Collect$$libshutdown$$00000004)
    __rt_lib_shutdown_fini_1                 0x08000253   Thumb Code     0  libshutdown2.o(.ARM.Collect$$libshutdown$$00000002)
    __rt_lib_shutdown_fp_trap_1              0x08000253   Thumb Code     0  libshutdown2.o(.ARM.Collect$$libshutdown$$00000009)
    __rt_lib_shutdown_heap_1                 0x08000253   Thumb Code     0  libshutdown2.o(.ARM.Collect$$libshutdown$$00000011)
    __rt_lib_shutdown_return                 0x08000253   Thumb Code     0  libshutdown2.o(.ARM.Collect$$libshutdown$$00000012)
    __rt_lib_shutdown_signal_1               0x08000253   Thumb Code     0  libshutdown2.o(.ARM.Collect$$libshutdown$$0000000C)
    __rt_lib_shutdown_stdio_1                0x08000253   Thumb Code     0  libshutdown2.o(.ARM.Collect$$libshutdown$$00000006)
    __rt_lib_shutdown_user_alloc_1           0x08000253   Thumb Code     0  libshutdown2.o(.ARM.Collect$$libshutdown$$0000000E)
    __rt_entry                               0x08000255   Thumb Code     0  __rtentry.o(.ARM.Collect$$rtentry$$00000000)
    __rt_entry_presh_1                       0x08000255   Thumb Code     0  __rtentry2.o(.ARM.Collect$$rtentry$$00000002)
    __rt_entry_sh                            0x08000255   Thumb Code     0  __rtentry4.o(.ARM.Collect$$rtentry$$00000004)
    __rt_entry_li                            0x0800025b   Thumb Code     0  __rtentry2.o(.ARM.Collect$$rtentry$$0000000A)
    __rt_entry_postsh_1                      0x0800025b   Thumb Code     0  __rtentry2.o(.ARM.Collect$$rtentry$$00000009)
    __rt_entry_main                          0x0800025f   Thumb Code     0  __rtentry2.o(.ARM.Collect$$rtentry$$0000000D)
    __rt_entry_postli_1                      0x0800025f   Thumb Code     0  __rtentry2.o(.ARM.Collect$$rtentry$$0000000C)
    __rt_exit                                0x08000267   Thumb Code     0  rtexit.o(.ARM.Collect$$rtexit$$00000000)
    __rt_exit_ls                             0x08000269   Thumb Code     0  rtexit2.o(.ARM.Collect$$rtexit$$00000003)
    __rt_exit_prels_1                        0x08000269   Thumb Code     0  rtexit2.o(.ARM.Collect$$rtexit$$00000002)
    __rt_exit_exit                           0x0800026d   Thumb Code     0  rtexit2.o(.ARM.Collect$$rtexit$$00000004)
    Reset_Handler                            0x08000275   Thumb Code     8  startup_stm32f407xx.o(.text)
    NMI_Handler                              0x0800027d   Thumb Code     2  startup_stm32f407xx.o(.text)
    HardFault_Handler                        0x0800027f   Thumb Code     2  startup_stm32f407xx.o(.text)
    MemManage_Handler                        0x08000281   Thumb Code     2  startup_stm32f407xx.o(.text)
    BusFault_Handler                         0x08000283   Thumb Code     2  startup_stm32f407xx.o(.text)
    UsageFault_Handler                       0x08000285   Thumb Code     2  startup_stm32f407xx.o(.text)
    SVC_Handler                              0x08000287   Thumb Code     2  startup_stm32f407xx.o(.text)
    DebugMon_Handler                         0x08000289   Thumb Code     2  startup_stm32f407xx.o(.text)
    PendSV_Handler                           0x0800028b   Thumb Code     2  startup_stm32f407xx.o(.text)
    ADC_IRQHandler                           0x0800028f   Thumb Code     0  startup_stm32f407xx.o(.text)
    CAN1_RX0_IRQHandler                      0x0800028f   Thumb Code     0  startup_stm32f407xx.o(.text)
    CAN1_RX1_IRQHandler                      0x0800028f   Thumb Code     0  startup_stm32f407xx.o(.text)
    CAN1_SCE_IRQHandler                      0x0800028f   Thumb Code     0  startup_stm32f407xx.o(.text)
    CAN1_TX_IRQHandler                       0x0800028f   Thumb Code     0  startup_stm32f407xx.o(.text)
    CAN2_RX0_IRQHandler                      0x0800028f   Thumb Code     0  startup_stm32f407xx.o(.text)
    CAN2_RX1_IRQHandler                      0x0800028f   Thumb Code     0  startup_stm32f407xx.o(.text)
    CAN2_SCE_IRQHandler                      0x0800028f   Thumb Code     0  startup_stm32f407xx.o(.text)
    CAN2_TX_IRQHandler                       0x0800028f   Thumb Code     0  startup_stm32f407xx.o(.text)
    DCMI_IRQHandler                          0x0800028f   Thumb Code     0  startup_stm32f407xx.o(.text)
    DMA1_Stream0_IRQHandler                  0x0800028f   Thumb Code     0  startup_stm32f407xx.o(.text)
    DMA1_Stream1_IRQHandler                  0x0800028f   Thumb Code     0  startup_stm32f407xx.o(.text)
    DMA1_Stream2_IRQHandler                  0x0800028f   Thumb Code     0  startup_stm32f407xx.o(.text)
    DMA1_Stream3_IRQHandler                  0x0800028f   Thumb Code     0  startup_stm32f407xx.o(.text)
    DMA1_Stream4_IRQHandler                  0x0800028f   Thumb Code     0  startup_stm32f407xx.o(.text)
    DMA1_Stream5_IRQHandler                  0x0800028f   Thumb Code     0  startup_stm32f407xx.o(.text)
    DMA1_Stream6_IRQHandler                  0x0800028f   Thumb Code     0  startup_stm32f407xx.o(.text)
    DMA1_Stream7_IRQHandler                  0x0800028f   Thumb Code     0  startup_stm32f407xx.o(.text)
    DMA2_Stream0_IRQHandler                  0x0800028f   Thumb Code     0  startup_stm32f407xx.o(.text)
    DMA2_Stream1_IRQHandler                  0x0800028f   Thumb Code     0  startup_stm32f407xx.o(.text)
    DMA2_Stream2_IRQHandler                  0x0800028f   Thumb Code     0  startup_stm32f407xx.o(.text)
    DMA2_Stream3_IRQHandler                  0x0800028f   Thumb Code     0  startup_stm32f407xx.o(.text)
    DMA2_Stream4_IRQHandler                  0x0800028f   Thumb Code     0  startup_stm32f407xx.o(.text)
    DMA2_Stream5_IRQHandler                  0x0800028f   Thumb Code     0  startup_stm32f407xx.o(.text)
    DMA2_Stream6_IRQHandler                  0x0800028f   Thumb Code     0  startup_stm32f407xx.o(.text)
    DMA2_Stream7_IRQHandler                  0x0800028f   Thumb Code     0  startup_stm32f407xx.o(.text)
    ETH_IRQHandler                           0x0800028f   Thumb Code     0  startup_stm32f407xx.o(.text)
    ETH_WKUP_IRQHandler                      0x0800028f   Thumb Code     0  startup_stm32f407xx.o(.text)
    EXTI15_10_IRQHandler                     0x0800028f   Thumb Code     0  startup_stm32f407xx.o(.text)
    EXTI2_IRQHandler                         0x0800028f   Thumb Code     0  startup_stm32f407xx.o(.text)
    EXTI3_IRQHandler                         0x0800028f   Thumb Code     0  startup_stm32f407xx.o(.text)
    EXTI4_IRQHandler                         0x0800028f   Thumb Code     0  startup_stm32f407xx.o(.text)
    FLASH_IRQHandler                         0x0800028f   Thumb Code     0  startup_stm32f407xx.o(.text)
    FMC_IRQHandler                           0x0800028f   Thumb Code     0  startup_stm32f407xx.o(.text)
    FPU_IRQHandler                           0x0800028f   Thumb Code     0  startup_stm32f407xx.o(.text)
    HASH_RNG_IRQHandler                      0x0800028f   Thumb Code     0  startup_stm32f407xx.o(.text)
    I2C1_ER_IRQHandler                       0x0800028f   Thumb Code     0  startup_stm32f407xx.o(.text)
    I2C1_EV_IRQHandler                       0x0800028f   Thumb Code     0  startup_stm32f407xx.o(.text)
    I2C2_ER_IRQHandler                       0x0800028f   Thumb Code     0  startup_stm32f407xx.o(.text)
    I2C2_EV_IRQHandler                       0x0800028f   Thumb Code     0  startup_stm32f407xx.o(.text)
    I2C3_ER_IRQHandler                       0x0800028f   Thumb Code     0  startup_stm32f407xx.o(.text)
    I2C3_EV_IRQHandler                       0x0800028f   Thumb Code     0  startup_stm32f407xx.o(.text)
    OTG_FS_IRQHandler                        0x0800028f   Thumb Code     0  startup_stm32f407xx.o(.text)
    OTG_FS_WKUP_IRQHandler                   0x0800028f   Thumb Code     0  startup_stm32f407xx.o(.text)
    OTG_HS_EP1_IN_IRQHandler                 0x0800028f   Thumb Code     0  startup_stm32f407xx.o(.text)
    OTG_HS_EP1_OUT_IRQHandler                0x0800028f   Thumb Code     0  startup_stm32f407xx.o(.text)
    OTG_HS_IRQHandler                        0x0800028f   Thumb Code     0  startup_stm32f407xx.o(.text)
    OTG_HS_WKUP_IRQHandler                   0x0800028f   Thumb Code     0  startup_stm32f407xx.o(.text)
    PVD_IRQHandler                           0x0800028f   Thumb Code     0  startup_stm32f407xx.o(.text)
    RCC_IRQHandler                           0x0800028f   Thumb Code     0  startup_stm32f407xx.o(.text)
    RTC_Alarm_IRQHandler                     0x0800028f   Thumb Code     0  startup_stm32f407xx.o(.text)
    RTC_WKUP_IRQHandler                      0x0800028f   Thumb Code     0  startup_stm32f407xx.o(.text)
    SDIO_IRQHandler                          0x0800028f   Thumb Code     0  startup_stm32f407xx.o(.text)
    SPI1_IRQHandler                          0x0800028f   Thumb Code     0  startup_stm32f407xx.o(.text)
    SPI2_IRQHandler                          0x0800028f   Thumb Code     0  startup_stm32f407xx.o(.text)
    SPI3_IRQHandler                          0x0800028f   Thumb Code     0  startup_stm32f407xx.o(.text)
    TAMP_STAMP_IRQHandler                    0x0800028f   Thumb Code     0  startup_stm32f407xx.o(.text)
    TIM1_BRK_TIM9_IRQHandler                 0x0800028f   Thumb Code     0  startup_stm32f407xx.o(.text)
    TIM1_CC_IRQHandler                       0x0800028f   Thumb Code     0  startup_stm32f407xx.o(.text)
    TIM1_TRG_COM_TIM11_IRQHandler            0x0800028f   Thumb Code     0  startup_stm32f407xx.o(.text)
    TIM2_IRQHandler                          0x0800028f   Thumb Code     0  startup_stm32f407xx.o(.text)
    TIM3_IRQHandler                          0x0800028f   Thumb Code     0  startup_stm32f407xx.o(.text)
    TIM4_IRQHandler                          0x0800028f   Thumb Code     0  startup_stm32f407xx.o(.text)
    TIM5_IRQHandler                          0x0800028f   Thumb Code     0  startup_stm32f407xx.o(.text)
    TIM6_DAC_IRQHandler                      0x0800028f   Thumb Code     0  startup_stm32f407xx.o(.text)
    TIM7_IRQHandler                          0x0800028f   Thumb Code     0  startup_stm32f407xx.o(.text)
    TIM8_BRK_TIM12_IRQHandler                0x0800028f   Thumb Code     0  startup_stm32f407xx.o(.text)
    TIM8_CC_IRQHandler                       0x0800028f   Thumb Code     0  startup_stm32f407xx.o(.text)
    TIM8_TRG_COM_TIM14_IRQHandler            0x0800028f   Thumb Code     0  startup_stm32f407xx.o(.text)
    TIM8_UP_TIM13_IRQHandler                 0x0800028f   Thumb Code     0  startup_stm32f407xx.o(.text)
    UART4_IRQHandler                         0x0800028f   Thumb Code     0  startup_stm32f407xx.o(.text)
    UART5_IRQHandler                         0x0800028f   Thumb Code     0  startup_stm32f407xx.o(.text)
    USART1_IRQHandler                        0x0800028f   Thumb Code     0  startup_stm32f407xx.o(.text)
    USART2_IRQHandler                        0x0800028f   Thumb Code     0  startup_stm32f407xx.o(.text)
    WWDG_IRQHandler                          0x0800028f   Thumb Code     0  startup_stm32f407xx.o(.text)
    __user_initial_stackheap                 0x08000291   Thumb Code     0  startup_stm32f407xx.o(.text)
    __semihosting$guard                      0x080002b5   Thumb Code     0  use_no_semi.o(.text)
    __use_no_semihosting_swi                 0x080002b5   Thumb Code     2  use_no_semi.o(.text)
    __aeabi_memclr                           0x080002b7   Thumb Code     0  rt_memclr.o(.text)
    __rt_memclr                              0x080002b7   Thumb Code    68  rt_memclr.o(.text)
    _memset                                  0x080002bb   Thumb Code     0  rt_memclr.o(.text)
    __aeabi_memclr4                          0x080002fb   Thumb Code     0  rt_memclr_w.o(.text)
    __aeabi_memclr8                          0x080002fb   Thumb Code     0  rt_memclr_w.o(.text)
    __rt_memclr_w                            0x080002fb   Thumb Code    78  rt_memclr_w.o(.text)
    _memset_w                                0x080002ff   Thumb Code     0  rt_memclr_w.o(.text)
    __use_two_region_memory                  0x08000349   Thumb Code     2  heapauxi.o(.text)
    __rt_heap_escrow                         0x0800034b   Thumb Code     2  heapauxi.o(.text)
    __rt_heap_expand                         0x0800034d   Thumb Code     2  heapauxi.o(.text)
    __cpp_initialize__aeabi_                 0x08000351   Thumb Code    26  init_aeabi.o(.text)
    __read_errno                             0x08000375   Thumb Code    10  _rserrno.o(.text)
    __set_errno                              0x0800037f   Thumb Code    12  _rserrno.o(.text)
    __aeabi_errno_addr                       0x0800038d   Thumb Code     8  rt_errno_addr_intlibspace.o(.text)
    __errno$intlibspace                      0x0800038d   Thumb Code     0  rt_errno_addr_intlibspace.o(.text)
    __rt_errno_addr$intlibspace              0x0800038d   Thumb Code     0  rt_errno_addr_intlibspace.o(.text)
    __user_libspace                          0x08000395   Thumb Code     8  libspace.o(.text)
    __user_perproc_libspace                  0x08000395   Thumb Code     0  libspace.o(.text)
    __user_perthread_libspace                0x08000395   Thumb Code     0  libspace.o(.text)
    __user_setup_stackheap                   0x0800039d   Thumb Code    74  sys_stackheap_outer.o(.text)
    exit                                     0x080003e7   Thumb Code    18  exit.o(.text)
    EXTI0_IRQHandler                         0x080003f9   Thumb Code    48  possensreader.o(i.EXTI0_IRQHandler)
    EXTI1_IRQHandler                         0x08000431   Thumb Code    48  possensreader.o(i.EXTI1_IRQHandler)
    EXTI9_5_IRQHandler                       0x08000469   Thumb Code   116  possensreader.o(i.EXTI9_5_IRQHandler)
    EXTI_ClearITPendingBit                   0x080004e9   Thumb Code    30  stm32f4xx_exti.o(i.EXTI_ClearITPendingBit)
    EXTI_GetFlagStatus                       0x0800052d   Thumb Code   162  stm32f4xx_exti.o(i.EXTI_GetFlagStatus)
    EXTI_Init                                0x080005f5   Thumb Code   236  stm32f4xx_exti.o(i.EXTI_Init)
    GPIO_Init                                0x08000705   Thumb Code   352  stm32f4xx_gpio.o(i.GPIO_Init)
    GPIO_PinAFConfig                         0x080008b1   Thumb Code   352  stm32f4xx_gpio.o(i.GPIO_PinAFConfig)
    GPIO_ResetBits                           0x08000a5d   Thumb Code   104  stm32f4xx_gpio.o(i.GPIO_ResetBits)
    GPIO_SetBits                             0x08000b11   Thumb Code   104  stm32f4xx_gpio.o(i.GPIO_SetBits)
    GPIO_StructInit                          0x08000bc5   Thumb Code    18  stm32f4xx_gpio.o(i.GPIO_StructInit)
    GPIO_WriteBit                            0x08000bd9   Thumb Code   206  stm32f4xx_gpio.o(i.GPIO_WriteBit)
    NVIC_Init                                0x08000cf5   Thumb Code   164  misc.o(i.NVIC_Init)
    RCC_AHB1PeriphClockCmd                   0x08000db9   Thumb Code    70  stm32f4xx_rcc.o(i.RCC_AHB1PeriphClockCmd)
    RCC_APB1PeriphClockCmd                   0x08000e29   Thumb Code    70  stm32f4xx_rcc.o(i.RCC_APB1PeriphClockCmd)
    RCC_APB2PeriphClockCmd                   0x08000e95   Thumb Code    70  stm32f4xx_rcc.o(i.RCC_APB2PeriphClockCmd)
    SPI_Cmd                                  0x08000f05   Thumb Code    96  stm32f4xx_spi.o(i.SPI_Cmd)
    SPI_I2S_GetFlagStatus                    0x08000f9d   Thumb Code   134  stm32f4xx_spi.o(i.SPI_I2S_GetFlagStatus)
    SPI_I2S_SendData                         0x08001061   Thumb Code    70  stm32f4xx_spi.o(i.SPI_I2S_SendData)
    SPI_Init                                 0x080010e5   Thumb Code   366  stm32f4xx_spi.o(i.SPI_Init)
    SPI_NSSInternalSoftwareConfig            0x0800128d   Thumb Code   110  stm32f4xx_spi.o(i.SPI_NSSInternalSoftwareConfig)
    SPI_StructInit                           0x08001335   Thumb Code    24  stm32f4xx_spi.o(i.SPI_StructInit)
    SYSCFG_EXTILineConfig                    0x0800134d   Thumb Code   188  stm32f4xx_syscfg.o(i.SYSCFG_EXTILineConfig)
    SysTick_Handler                          0x0800142d   Thumb Code    12  time_service.o(i.SysTick_Handler)
    SystemInit                               0x0800143d   Thumb Code    88  system_stm32f4xx.o(i.SystemInit)
    TIM1_UP_TIM10_IRQHandler                 0x080014a5   Thumb Code   108  possensreader.o(i.TIM1_UP_TIM10_IRQHandler)
    TIM_ARRPreloadConfig                     0x08001515   Thumb Code   144  stm32f4xx_tim.o(i.TIM_ARRPreloadConfig)
    TIM_ClearITPendingBit                    0x080015f9   Thumb Code   108  stm32f4xx_tim.o(i.TIM_ClearITPendingBit)
    TIM_Cmd                                  0x080016b9   Thumb Code   144  stm32f4xx_tim.o(i.TIM_Cmd)
    TIM_ITConfig                             0x0800179d   Thumb Code   160  stm32f4xx_tim.o(i.TIM_ITConfig)
    TIM_TimeBaseInit                         0x08001891   Thumb Code   278  stm32f4xx_tim.o(i.TIM_TimeBaseInit)
    USART3_IRQHandler                        0x080019fd   Thumb Code    10  uart_handle.o(i.USART3_IRQHandler)
    USART6_IRQHandler                        0x08001a0d   Thumb Code    10  uart_handle.o(i.USART6_IRQHandler)
    USART_ClearITPendingBit                  0x08001a1d   Thumb Code   188  stm32f4xx_usart.o(i.USART_ClearITPendingBit)
    OLED_Driver::Write_Data(unsigned char*, unsigned short) 0x08001b21   Thumb Code    92  oled_driver.o(i._ZN11OLED_Driver10Write_DataEPht)
    OLED_Driver::Write_Data(unsigned char)   0x08001b89   Thumb Code    74  oled_driver.o(i._ZN11OLED_Driver10Write_DataEh)
    OLED_Driver::Write_text(unsigned char)   0x08001be1   Thumb Code    56  oled_driver.o(i._ZN11OLED_Driver10Write_textEh)
    OLED_Driver::Device_Init()               0x08001c1d   Thumb Code   446  oled_driver.o(i._ZN11OLED_Driver11Device_InitEv)
    OLED_Driver::RAM_Address()               0x08001de5   Thumb Code    54  oled_driver.o(i._ZN11OLED_Driver11RAM_AddressEv)
    OLED_Driver::Set_Address(unsigned char, unsigned char) 0x08001e1b   Thumb Code    68  oled_driver.o(i._ZN11OLED_Driver11Set_AddressEhh)
    OLED_Driver::Clear_Screen()              0x08001e5f   Thumb Code    54  oled_driver.o(i._ZN11OLED_Driver12Clear_ScreenEv)
    OLED_Driver::Write_Command(unsigned char) 0x08001e95   Thumb Code    74  oled_driver.o(i._ZN11OLED_Driver13Write_CommandEh)
    OLED_Driver::Set_Color(unsigned short)   0x08001eed   Thumb Code    10  oled_driver.o(i._ZN11OLED_Driver9Set_ColorEt)
    OLED_Driver::OLED_Driver()               0x08001efd   Thumb Code     2  oled_driver.o(i._ZN11OLED_DriverC1Ev)
    OLED_Driver::OLED_Driver__sub_object()   0x08001efd   Thumb Code     0  oled_driver.o(i._ZN11OLED_DriverC1Ev)
    time_service::init()                     0x08001f01   Thumb Code    96  time_service.o(i._ZN12time_service4initEv)
    time_service::delay_ms(unsigned)         0x08001f6d   Thumb Code    24  time_service.o(i._ZN12time_service8delay_msEj)
    time_service::startTime()                0x08001f89   Thumb Code    18  time_service.o(i._ZN12time_service9startTimeEv)
    uart::Handle::irqHandler()               0x080022d9   Thumb Code   266  uart_handle.o(i._ZN4uart6Handle10irqHandlerEv)
    uart::Handle::disableTransmit485()       0x080023e3   Thumb Code    18  uart_handle.o(i._ZN4uart6Handle18disableTransmit485Ev)
    uart::Handle::Handle()                   0x080023f5   Thumb Code   132  uart_handle.o(i._ZN4uart6HandleC1Ev)
    uart::Handle::Handle__sub_object()       0x080023f5   Thumb Code     0  uart_handle.o(i._ZN4uart6HandleC1Ev)
    uart::Handle::~Handle()                  0x08002485   Thumb Code     4  uart_handle.o(i._ZN4uart6HandleD1Ev)
    uart::Handle::~Handle__sub_object()      0x08002485   Thumb Code     0  uart_handle.o(i._ZN4uart6HandleD1Ev)
    Display::Display()                       0x08002489   Thumb Code   264  display.o(i._ZN7DisplayC1Ev)
    Display::Display__sub_object()           0x08002489   Thumb Code     0  display.o(i._ZN7DisplayC1Ev)
    OLED_GFX::print_String(unsigned char, unsigned char, char*, FONT_SIZE) 0x080025a1   Thumb Code    64  oled_gfx.o(i._ZN8OLED_GFX12print_StringEhhPc9FONT_SIZE)
    OLED_GFX::Display_String_5x8(unsigned char, unsigned char, char*) 0x080025e5   Thumb Code   162  oled_gfx.o(i._ZN8OLED_GFX18Display_String_5x8EhhPc)
    OLED_GFX::Display_String_8x16(unsigned char, unsigned char, char*) 0x0800268d   Thumb Code   156  oled_gfx.o(i._ZN8OLED_GFX19Display_String_8x16EhhPc)
    OLED_GFX::OLED_GFX()                     0x0800272d   Thumb Code    26  oled_gfx.o(i._ZN8OLED_GFXC1Ev)
    OLED_GFX::OLED_GFX__sub_object()         0x0800274d   Thumb Code    54  oled_gfx.o(i._ZN8OLED_GFXC2Ev)
    posSensor::posSensorE::posSensorE(posSensor::posSensorE::Type) 0x08002795   Thumb Code     4  possensreader.o(i._ZN9posSensor10posSensorEC1ENS0_4TypeE)
    posSensor::posSensorE::posSensorE__sub_object(posSensor::posSensorE::Type) 0x08002795   Thumb Code     0  possensreader.o(i._ZN9posSensor10posSensorEC1ENS0_4TypeE)
    posSensor::Reader::getIsnance(posSensor::posSensorE) 0x08002799   Thumb Code    52  possensreader.o(i._ZN9posSensor6Reader10getIsnanceENS_10posSensorEE)
    posSensor::Reader::m_fullInit()          0x080027d9   Thumb Code   316  possensreader.o(i._ZN9posSensor6Reader10m_fullInitEv)
    posSensor::Reader::add()                 0x08002929   Thumb Code    10  possensreader.o(i._ZN9posSensor6Reader3addEv)
    posSensor::Reader::period(int, bool)     0x08002933   Thumb Code    26  possensreader.o(i._ZN9posSensor6Reader6periodEib)
    posSensor::Reader::Reader()              0x0800294d   Thumb Code    20  motor.o(i._ZN9posSensor6ReaderC1Ev)
    posSensor::Reader::Reader__sub_object()  0x0800294d   Thumb Code     0  motor.o(i._ZN9posSensor6ReaderC1Ev)
    __ARM_fpclassify                         0x08002961   Thumb Code    48  fpclassify.o(i.__ARM_fpclassify)
    __aeabi_atexit                           0x08002991   Thumb Code     4  retarget.o(i.__aeabi_atexit)
    __aeabi_vec_ctor_nocookie_nodtor         0x08002995   Thumb Code    36  aeabi_vec_ctor_nocookie_nodtor.o(i.__aeabi_vec_ctor_nocookie_nodtor)
    __cxa_guard_acquire                      0x080029b9   Thumb Code    16  cxa_guard_acquire.o(i.__cxa_guard_acquire)
    __hardfp_cos                             0x080029c9   Thumb Code   180  cos.o(i.__hardfp_cos)
    __ieee754_rem_pio2                       0x08002a91   Thumb Code   938  rred.o(i.__ieee754_rem_pio2)
    __kernel_cos                             0x08002ec9   Thumb Code   322  cos_i.o(i.__kernel_cos)
    __kernel_poly                            0x08003039   Thumb Code   248  poly.o(i.__kernel_poly)
    __kernel_sin                             0x08003131   Thumb Code   280  sin_i.o(i.__kernel_sin)
    __mathlib_dbl_infnan                     0x08003261   Thumb Code    20  dunder.o(i.__mathlib_dbl_infnan)
    __mathlib_dbl_invalid                    0x08003279   Thumb Code    24  dunder.o(i.__mathlib_dbl_invalid)
    __mathlib_dbl_underflow                  0x08003299   Thumb Code    24  dunder.o(i.__mathlib_dbl_underflow)
    _sys_exit                                0x08003339   Thumb Code     4  retarget.o(i._sys_exit)
    assert_failed                            0x0800333d   Thumb Code    10  retarget.o(i.assert_failed)
    fabs                                     0x08003347   Thumb Code    24  fabs.o(i.fabs)
    main                                     0x08003361   Thumb Code   616  main.o(i.main)
    CircularBuffer<unsigned char, (unsigned)255>::writeHead(unsigned char) volatile 0x08003641   Thumb Code   108  uart_handle.o(t._ZNV14CircularBufferIhLj255EE9writeHeadEh)
    __aeabi_dneg                             0x080036ad   Thumb Code     0  basic.o(x$fpl$basic)
    _dneg                                    0x080036ad   Thumb Code     6  basic.o(x$fpl$basic)
    __aeabi_fneg                             0x080036b3   Thumb Code     0  basic.o(x$fpl$basic)
    _fneg                                    0x080036b3   Thumb Code     6  basic.o(x$fpl$basic)
    _dabs                                    0x080036b9   Thumb Code     6  basic.o(x$fpl$basic)
    _fabs                                    0x080036bf   Thumb Code     6  basic.o(x$fpl$basic)
    __aeabi_dadd                             0x080036c5   Thumb Code     0  daddsub_clz.o(x$fpl$dadd)
    _dadd                                    0x080036c5   Thumb Code   332  daddsub_clz.o(x$fpl$dadd)
    __aeabi_ddiv                             0x08003815   Thumb Code     0  ddiv.o(x$fpl$ddiv)
    _ddiv                                    0x08003815   Thumb Code   552  ddiv.o(x$fpl$ddiv)
    __aeabi_d2iz                             0x08003ac5   Thumb Code     0  dfix.o(x$fpl$dfix)
    _dfix                                    0x08003ac5   Thumb Code    94  dfix.o(x$fpl$dfix)
    __aeabi_d2uiz                            0x08003b25   Thumb Code     0  dfixu.o(x$fpl$dfixu)
    _dfixu                                   0x08003b25   Thumb Code    90  dfixu.o(x$fpl$dfixu)
    __aeabi_i2d                              0x08003b7f   Thumb Code     0  dflt_clz.o(x$fpl$dflt)
    _dflt                                    0x08003b7f   Thumb Code    46  dflt_clz.o(x$fpl$dflt)
    __aeabi_ui2d                             0x08003bad   Thumb Code     0  dflt_clz.o(x$fpl$dfltu)
    _dfltu                                   0x08003bad   Thumb Code    38  dflt_clz.o(x$fpl$dfltu)
    __aeabi_dmul                             0x08003bd5   Thumb Code     0  dmul.o(x$fpl$dmul)
    _dmul                                    0x08003bd5   Thumb Code   332  dmul.o(x$fpl$dmul)
    __fpl_dnaninf                            0x08003d29   Thumb Code   156  dnaninf.o(x$fpl$dnaninf)
    __fpl_dretinf                            0x08003dc5   Thumb Code    12  dretinf.o(x$fpl$dretinf)
    __aeabi_drsub                            0x08003dd1   Thumb Code     0  daddsub_clz.o(x$fpl$drsb)
    _drsb                                    0x08003dd1   Thumb Code    22  daddsub_clz.o(x$fpl$drsb)
    __aeabi_dsub                             0x08003de9   Thumb Code     0  daddsub_clz.o(x$fpl$dsub)
    _dsub                                    0x08003de9   Thumb Code   464  daddsub_clz.o(x$fpl$dsub)
    _fp_init                                 0x08003fbd   Thumb Code    10  fpinit.o(x$fpl$fpinit)
    __fplib_config_fpu_vfp                   0x08003fc5   Thumb Code     0  fpinit.o(x$fpl$fpinit)
    __fplib_config_pureend_doubles           0x08003fc5   Thumb Code     0  fpinit.o(x$fpl$fpinit)
    __I$use$fp                               0x08003fc6   Number         0  usenofp.o(x$fpl$usenofp)
    vtable for ISerialPort                   0x080048f0   Data          80  uart_handle.o(.constdata__ZTV11ISerialPort)
    VTT for OLED_GFX                         0x08004940   Data           4  oled_gfx.o(.constdata__ZTV8OLED_GFX)
    vtable for OLED_GFX                      0x08004944   Data          12  oled_gfx.o(.constdata__ZTV8OLED_GFX)
    vtable for uart::Handle                  0x08004950   Data          80  uart_handle.o(.constdata__ZTVN4uart6HandleE)
    Region$$Table$$Base                      0x080049a0   Number         0  anon$$obj.o(Region$$Table)
    Region$$Table$$Limit                     0x080049c0   Number         0  anon$$obj.o(Region$$Table)
    SHT$$INIT_ARRAY$$Base                    0x080049c0   Number         0  uart_handle.o(.init_array)
    SHT$$INIT_ARRAY$$Limit                   0x080049c8   Number         0  init_aeabi.o(.init_array)
    SystemCoreClock                          0x200004c0   Data           4  system_stm32f4xx.o(.data)
    AHBPrescTable                            0x200004c4   Data          16  system_stm32f4xx.o(.data)
    time_service::systemTime                 0x200004d4   Data           4  time_service.o(.data)
    uart::Handle::handlesCounter             0x200004d8   Data           1  uart_handle.o(.data)
    Row                                      0x20000990   Data           1  oled_gfx.o(.data)
    Column                                   0x20000991   Data           1  oled_gfx.o(.data)
    Font_Size                                0x20000992   Data           1  oled_gfx.o(.data)
    color_byte                               0x20000993   Data           2  oled_driver.o(.data)
    color_fill_byte                          0x20000995   Data           2  oled_driver.o(.data)
    guard variable for posSensor::Reader::getIsnance(posSensor::posSensorE)::Psensors 0x20000e48   Data           4  motor.o(.data__ZZN9posSensor6Reader10getIsnanceENS_10posSensorEEE8Psensors)
    uart::uart3                              0x20000e4c   Data         580  uart_handle.o(.bss)
    uart::uart6                              0x20001090   Data         580  uart_handle.o(.bss)
    __libspace_start                         0x200012d4   Data          96  libspace.o(.bss)
    posSensor::Reader::getIsnance(posSensor::posSensorE)::Psensors 0x20001334   Data          64  motor.o(.bss__ZZN9posSensor6Reader10getIsnanceENS_10posSensorEEE8Psensors)
    __temporary_stack_top$libspace           0x20001334   Data           0  libspace.o(.bss)



==============================================================================

Memory Map of the image

  Image Entry point : 0x08000275

  Load Region LR_1 (Base: 0x08000000, Size: 0x00005814, Max: 0xffffffff, ABSOLUTE, COMPRESSED[0x00004bb4])

    Execution Region ER_RO (Exec base: 0x08000000, Load base: 0x08000000, Size: 0x000049c8, Max: 0xffffffff, ABSOLUTE)

    Exec Addr    Load Addr    Size         Type   Attr      Idx    E Section Name        Object

    0x08000000   0x08000000   0x00000188   Data   RO          375    RESET               startup_stm32f407xx.o
    0x08000188   0x08000188   0x00000008   Code   RO         7257  * !!!main             c_w.l(__main.o)
    0x08000190   0x08000190   0x00000034   Code   RO         7845    !!!scatter          c_w.l(__scatter.o)
    0x080001c4   0x080001c4   0x00000064   Code   RO         7843    !!dclz77c           c_w.l(__dclz77c.o)
    0x08000228   0x08000228   0x0000001c   Code   RO         7847    !!handler_zi        c_w.l(__scatter_zi.o)
    0x08000244   0x08000244   0x00000002   Code   RO         7768    .ARM.Collect$$libinit$$00000000  c_w.l(libinit.o)
    0x08000246   0x08000246   0x00000004   Code   RO         7516    .ARM.Collect$$libinit$$00000001  c_w.l(libinit2.o)
    0x0800024a   0x0800024a   0x00000000   Code   RO         7519    .ARM.Collect$$libinit$$00000004  c_w.l(libinit2.o)
    0x0800024a   0x0800024a   0x00000000   Code   RO         7522    .ARM.Collect$$libinit$$0000000A  c_w.l(libinit2.o)
    0x0800024a   0x0800024a   0x00000000   Code   RO         7524    .ARM.Collect$$libinit$$0000000C  c_w.l(libinit2.o)
    0x0800024a   0x0800024a   0x00000000   Code   RO         7526    .ARM.Collect$$libinit$$0000000E  c_w.l(libinit2.o)
    0x0800024a   0x0800024a   0x00000000   Code   RO         7529    .ARM.Collect$$libinit$$00000011  c_w.l(libinit2.o)
    0x0800024a   0x0800024a   0x00000000   Code   RO         7531    .ARM.Collect$$libinit$$00000013  c_w.l(libinit2.o)
    0x0800024a   0x0800024a   0x00000000   Code   RO         7533    .ARM.Collect$$libinit$$00000015  c_w.l(libinit2.o)
    0x0800024a   0x0800024a   0x00000000   Code   RO         7535    .ARM.Collect$$libinit$$00000017  c_w.l(libinit2.o)
    0x0800024a   0x0800024a   0x00000000   Code   RO         7537    .ARM.Collect$$libinit$$00000019  c_w.l(libinit2.o)
    0x0800024a   0x0800024a   0x00000000   Code   RO         7539    .ARM.Collect$$libinit$$0000001B  c_w.l(libinit2.o)
    0x0800024a   0x0800024a   0x00000000   Code   RO         7541    .ARM.Collect$$libinit$$0000001D  c_w.l(libinit2.o)
    0x0800024a   0x0800024a   0x00000000   Code   RO         7543    .ARM.Collect$$libinit$$0000001F  c_w.l(libinit2.o)
    0x0800024a   0x0800024a   0x00000000   Code   RO         7545    .ARM.Collect$$libinit$$00000021  c_w.l(libinit2.o)
    0x0800024a   0x0800024a   0x00000000   Code   RO         7547    .ARM.Collect$$libinit$$00000023  c_w.l(libinit2.o)
    0x0800024a   0x0800024a   0x00000000   Code   RO         7549    .ARM.Collect$$libinit$$00000025  c_w.l(libinit2.o)
    0x0800024a   0x0800024a   0x00000000   Code   RO         7553    .ARM.Collect$$libinit$$0000002C  c_w.l(libinit2.o)
    0x0800024a   0x0800024a   0x00000000   Code   RO         7555    .ARM.Collect$$libinit$$0000002E  c_w.l(libinit2.o)
    0x0800024a   0x0800024a   0x00000000   Code   RO         7557    .ARM.Collect$$libinit$$00000030  c_w.l(libinit2.o)
    0x0800024a   0x0800024a   0x00000004   Code   RO         7558    .ARM.Collect$$libinit$$00000031  c_w.l(libinit2.o)
    0x0800024e   0x0800024e   0x00000000   Code   RO         7559    .ARM.Collect$$libinit$$00000032  c_w.l(libinit2.o)
    0x0800024e   0x0800024e   0x00000002   Code   RO         7560    .ARM.Collect$$libinit$$00000033  c_w.l(libinit2.o)
    0x08000250   0x08000250   0x00000002   Code   RO         7840    .ARM.Collect$$libshutdown$$00000000  c_w.l(libshutdown.o)
    0x08000252   0x08000252   0x00000000   Code   RO         7821    .ARM.Collect$$libshutdown$$00000002  c_w.l(libshutdown2.o)
    0x08000252   0x08000252   0x00000000   Code   RO         7823    .ARM.Collect$$libshutdown$$00000004  c_w.l(libshutdown2.o)
    0x08000252   0x08000252   0x00000000   Code   RO         7825    .ARM.Collect$$libshutdown$$00000006  c_w.l(libshutdown2.o)
    0x08000252   0x08000252   0x00000000   Code   RO         7828    .ARM.Collect$$libshutdown$$00000009  c_w.l(libshutdown2.o)
    0x08000252   0x08000252   0x00000000   Code   RO         7831    .ARM.Collect$$libshutdown$$0000000C  c_w.l(libshutdown2.o)
    0x08000252   0x08000252   0x00000000   Code   RO         7833    .ARM.Collect$$libshutdown$$0000000E  c_w.l(libshutdown2.o)
    0x08000252   0x08000252   0x00000000   Code   RO         7836    .ARM.Collect$$libshutdown$$00000011  c_w.l(libshutdown2.o)
    0x08000252   0x08000252   0x00000002   Code   RO         7837    .ARM.Collect$$libshutdown$$00000012  c_w.l(libshutdown2.o)
    0x08000254   0x08000254   0x00000000   Code   RO         7446    .ARM.Collect$$rtentry$$00000000  c_w.l(__rtentry.o)
    0x08000254   0x08000254   0x00000000   Code   RO         7638    .ARM.Collect$$rtentry$$00000002  c_w.l(__rtentry2.o)
    0x08000254   0x08000254   0x00000006   Code   RO         7650    .ARM.Collect$$rtentry$$00000004  c_w.l(__rtentry4.o)
    0x0800025a   0x0800025a   0x00000000   Code   RO         7640    .ARM.Collect$$rtentry$$00000009  c_w.l(__rtentry2.o)
    0x0800025a   0x0800025a   0x00000004   Code   RO         7641    .ARM.Collect$$rtentry$$0000000A  c_w.l(__rtentry2.o)
    0x0800025e   0x0800025e   0x00000000   Code   RO         7643    .ARM.Collect$$rtentry$$0000000C  c_w.l(__rtentry2.o)
    0x0800025e   0x0800025e   0x00000008   Code   RO         7644    .ARM.Collect$$rtentry$$0000000D  c_w.l(__rtentry2.o)
    0x08000266   0x08000266   0x00000002   Code   RO         7779    .ARM.Collect$$rtexit$$00000000  c_w.l(rtexit.o)
    0x08000268   0x08000268   0x00000000   Code   RO         7796    .ARM.Collect$$rtexit$$00000002  c_w.l(rtexit2.o)
    0x08000268   0x08000268   0x00000004   Code   RO         7797    .ARM.Collect$$rtexit$$00000003  c_w.l(rtexit2.o)
    0x0800026c   0x0800026c   0x00000006   Code   RO         7798    .ARM.Collect$$rtexit$$00000004  c_w.l(rtexit2.o)
    0x08000272   0x08000272   0x00000002   PAD
    0x08000274   0x08000274   0x00000040   Code   RO          376  * .text               startup_stm32f407xx.o
    0x080002b4   0x080002b4   0x00000002   Code   RO         7213    .text               c_w.l(use_no_semi.o)
    0x080002b6   0x080002b6   0x00000044   Code   RO         7251    .text               c_w.l(rt_memclr.o)
    0x080002fa   0x080002fa   0x0000004e   Code   RO         7253    .text               c_w.l(rt_memclr_w.o)
    0x08000348   0x08000348   0x00000006   Code   RO         7255    .text               c_w.l(heapauxi.o)
    0x0800034e   0x0800034e   0x00000002   PAD
    0x08000350   0x08000350   0x00000024   Code   RO         7262    .text               c_w.l(init_aeabi.o)
    0x08000374   0x08000374   0x00000016   Code   RO         7503    .text               c_w.l(_rserrno.o)
    0x0800038a   0x0800038a   0x00000002   PAD
    0x0800038c   0x0800038c   0x00000008   Code   RO         7662    .text               c_w.l(rt_errno_addr_intlibspace.o)
    0x08000394   0x08000394   0x00000008   Code   RO         7722    .text               c_w.l(libspace.o)
    0x0800039c   0x0800039c   0x0000004a   Code   RO         7725    .text               c_w.l(sys_stackheap_outer.o)
    0x080003e6   0x080003e6   0x00000012   Code   RO         7742    .text               c_w.l(exit.o)
    0x080003f8   0x080003f8   0x00000038   Code   RO         7046    i.EXTI0_IRQHandler  possensreader.o
    0x08000430   0x08000430   0x00000038   Code   RO         7047    i.EXTI1_IRQHandler  possensreader.o
    0x08000468   0x08000468   0x00000080   Code   RO         7048    i.EXTI9_5_IRQHandler  possensreader.o
    0x080004e8   0x080004e8   0x00000044   Code   RO         3928    i.EXTI_ClearITPendingBit  stm32f4xx_exti.o
    0x0800052c   0x0800052c   0x000000c8   Code   RO         3931    i.EXTI_GetFlagStatus  stm32f4xx_exti.o
    0x080005f4   0x080005f4   0x00000110   Code   RO         3933    i.EXTI_Init         stm32f4xx_exti.o
    0x08000704   0x08000704   0x000001ac   Code   RO         1470    i.GPIO_Init         stm32f4xx_gpio.o
    0x080008b0   0x080008b0   0x000001ac   Code   RO         1471    i.GPIO_PinAFConfig  stm32f4xx_gpio.o
    0x08000a5c   0x08000a5c   0x000000b4   Code   RO         1477    i.GPIO_ResetBits    stm32f4xx_gpio.o
    0x08000b10   0x08000b10   0x000000b4   Code   RO         1478    i.GPIO_SetBits      stm32f4xx_gpio.o
    0x08000bc4   0x08000bc4   0x00000012   Code   RO         1479    i.GPIO_StructInit   stm32f4xx_gpio.o
    0x08000bd6   0x08000bd6   0x00000002   PAD
    0x08000bd8   0x08000bd8   0x0000011c   Code   RO         1482    i.GPIO_WriteBit     stm32f4xx_gpio.o
    0x08000cf4   0x08000cf4   0x000000c4   Code   RO         1338    i.NVIC_Init         misc.o
    0x08000db8   0x08000db8   0x00000070   Code   RO         1857    i.RCC_AHB1PeriphClockCmd  stm32f4xx_rcc.o
    0x08000e28   0x08000e28   0x0000006c   Code   RO         1866    i.RCC_APB1PeriphClockCmd  stm32f4xx_rcc.o
    0x08000e94   0x08000e94   0x00000070   Code   RO         1869    i.RCC_APB2PeriphClockCmd  stm32f4xx_rcc.o
    0x08000f04   0x08000f04   0x00000098   Code   RO         2257    i.SPI_Cmd           stm32f4xx_spi.o
    0x08000f9c   0x08000f9c   0x000000c4   Code   RO         2265    i.SPI_I2S_GetFlagStatus  stm32f4xx_spi.o
    0x08001060   0x08001060   0x00000084   Code   RO         2269    i.SPI_I2S_SendData  stm32f4xx_spi.o
    0x080010e4   0x080010e4   0x000001a8   Code   RO         2270    i.SPI_Init          stm32f4xx_spi.o
    0x0800128c   0x0800128c   0x000000a8   Code   RO         2271    i.SPI_NSSInternalSoftwareConfig  stm32f4xx_spi.o
    0x08001334   0x08001334   0x00000018   Code   RO         2273    i.SPI_StructInit    stm32f4xx_spi.o
    0x0800134c   0x0800134c   0x000000e0   Code   RO         4007    i.SYSCFG_EXTILineConfig  stm32f4xx_syscfg.o
    0x0800142c   0x0800142c   0x00000010   Code   RO          521    i.SysTick_Handler   time_service.o
    0x0800143c   0x0800143c   0x00000068   Code   RO          384    i.SystemInit        system_stm32f4xx.o
    0x080014a4   0x080014a4   0x00000070   Code   RO         7049    i.TIM1_UP_TIM10_IRQHandler  possensreader.o
    0x08001514   0x08001514   0x000000e4   Code   RO         2447    i.TIM_ARRPreloadConfig  stm32f4xx_tim.o
    0x080015f8   0x080015f8   0x000000c0   Code   RO         2454    i.TIM_ClearITPendingBit  stm32f4xx_tim.o
    0x080016b8   0x080016b8   0x000000e4   Code   RO         2459    i.TIM_Cmd           stm32f4xx_tim.o
    0x0800179c   0x0800179c   0x000000f4   Code   RO         2484    i.TIM_ITConfig      stm32f4xx_tim.o
    0x08001890   0x08001890   0x0000016c   Code   RO         2531    i.TIM_TimeBaseInit  stm32f4xx_tim.o
    0x080019fc   0x080019fc   0x00000010   Code   RO          794    i.USART3_IRQHandler  uart_handle.o
    0x08001a0c   0x08001a0c   0x00000010   Code   RO          795    i.USART6_IRQHandler  uart_handle.o
    0x08001a1c   0x08001a1c   0x00000104   Code   RO         3109    i.USART_ClearITPendingBit  stm32f4xx_usart.o
    0x08001b20   0x08001b20   0x00000068   Code   RO         6645    i._ZN11OLED_Driver10Write_DataEPht  oled_driver.o
    0x08001b88   0x08001b88   0x00000058   Code   RO         6646    i._ZN11OLED_Driver10Write_DataEh  oled_driver.o
    0x08001be0   0x08001be0   0x0000003c   Code   RO         6647    i._ZN11OLED_Driver10Write_textEh  oled_driver.o
    0x08001c1c   0x08001c1c   0x000001c8   Code   RO         6648    i._ZN11OLED_Driver11Device_InitEv  oled_driver.o
    0x08001de4   0x08001de4   0x00000036   Code   RO         6650    i._ZN11OLED_Driver11RAM_AddressEv  oled_driver.o
    0x08001e1a   0x08001e1a   0x00000044   Code   RO         6651    i._ZN11OLED_Driver11Set_AddressEhh  oled_driver.o
    0x08001e5e   0x08001e5e   0x00000036   Code   RO         6652    i._ZN11OLED_Driver12Clear_ScreenEv  oled_driver.o
    0x08001e94   0x08001e94   0x00000058   Code   RO         6654    i._ZN11OLED_Driver13Write_CommandEh  oled_driver.o
    0x08001eec   0x08001eec   0x00000010   Code   RO         6660    i._ZN11OLED_Driver9Set_ColorEt  oled_driver.o
    0x08001efc   0x08001efc   0x00000002   Code   RO         6661    i._ZN11OLED_DriverC1Ev  oled_driver.o
    0x08001efe   0x08001efe   0x00000002   PAD
    0x08001f00   0x08001f00   0x0000006c   Code   RO          522    i._ZN12time_service4initEv  time_service.o
    0x08001f6c   0x08001f6c   0x0000001c   Code   RO          523    i._ZN12time_service8delay_msEj  time_service.o
    0x08001f88   0x08001f88   0x00000012   Code   RO          525    i._ZN12time_service9startTimeEv  time_service.o
    0x08001f9a   0x08001f9a   0x00000046   Code   RO           10    i._ZN25_INTERNAL_8_main_cpp_main4pins8initFunc7pinInitENS0_12pinStructureE  main.o
    0x08001fe0   0x08001fe0   0x000000e0   Code   RO           11    i._ZN25_INTERNAL_8_main_cpp_main4pins8initFunc9GPIOClockEP12GPIO_TypeDef  main.o
    0x080020c0   0x080020c0   0x00000006   Code   RO          796    i._ZN37_INTERNAL_15_uart_handle_cpp_8a50702613__get_PRIMASKEv  uart_handle.o
    0x080020c6   0x080020c6   0x00000046   Code   RO         7056    i._ZN39_INTERNAL_17_posSensReader_cpp_26b3082c4pins8initFunc7pinInitENS0_12pinStructureE  possensreader.o
    0x0800210c   0x0800210c   0x000000e0   Code   RO         7057    i._ZN39_INTERNAL_17_posSensReader_cpp_26b3082c4pins8initFunc9GPIOClockEP12GPIO_TypeDef  possensreader.o
    0x080021ec   0x080021ec   0x000000ec   Code   RO          385    i._ZN40_INTERNAL_18_system_stm32f4xx_c_5d646a6711SetSysClockEv  system_stm32f4xx.o
    0x080022d8   0x080022d8   0x0000010a   Code   RO          797    i._ZN4uart6Handle10irqHandlerEv  uart_handle.o
    0x080023e2   0x080023e2   0x00000012   Code   RO          808    i._ZN4uart6Handle18disableTransmit485Ev  uart_handle.o
    0x080023f4   0x080023f4   0x00000090   Code   RO          821    i._ZN4uart6HandleC1Ev  uart_handle.o
    0x08002484   0x08002484   0x00000004   Code   RO          998    i._ZN4uart6HandleD1Ev  uart_handle.o
    0x08002488   0x08002488   0x00000118   Code   RO         6478    i._ZN7DisplayC1Ev   display.o
    0x080025a0   0x080025a0   0x00000044   Code   RO         6506    i._ZN8OLED_GFX12print_StringEhhPc9FONT_SIZE  oled_gfx.o
    0x080025e4   0x080025e4   0x000000a8   Code   RO         6511    i._ZN8OLED_GFX18Display_String_5x8EhhPc  oled_gfx.o
    0x0800268c   0x0800268c   0x000000a0   Code   RO         6513    i._ZN8OLED_GFX19Display_String_8x16EhhPc  oled_gfx.o
    0x0800272c   0x0800272c   0x00000020   Code   RO         6517    i._ZN8OLED_GFXC1Ev  oled_gfx.o
    0x0800274c   0x0800274c   0x00000048   Code   RO         6518    i._ZN8OLED_GFXC2Ev  oled_gfx.o
    0x08002794   0x08002794   0x00000004   Code   RO         7157    i._ZN9posSensor10posSensorEC1ENS0_4TypeE  possensreader.o
    0x08002798   0x08002798   0x00000040   Code   RO         7145    i._ZN9posSensor6Reader10getIsnanceENS_10posSensorEE  possensreader.o
    0x080027d8   0x080027d8   0x00000150   Code   RO         7059    i._ZN9posSensor6Reader10m_fullInitEv  possensreader.o
    0x08002928   0x08002928   0x0000000a   Code   RO         7163    i._ZN9posSensor6Reader3addEv  possensreader.o
    0x08002932   0x08002932   0x0000001a   Code   RO         7151    i._ZN9posSensor6Reader6periodEib  possensreader.o
    0x0800294c   0x0800294c   0x00000014   Code   RO         4429    i._ZN9posSensor6ReaderC1Ev  motor.o
    0x08002960   0x08002960   0x00000030   Code   RO         7718    i.__ARM_fpclassify  m_wm.l(fpclassify.o)
    0x08002990   0x08002990   0x00000004   Code   RO          698    i.__aeabi_atexit    retarget.o
    0x08002994   0x08002994   0x00000024   Code   RO         7383    i.__aeabi_vec_ctor_nocookie_nodtor  cpprt_w.l(aeabi_vec_ctor_nocookie_nodtor.o)
    0x080029b8   0x080029b8   0x00000010   Code   RO         7271    i.__cxa_guard_acquire  cpprt_w.l(cxa_guard_acquire.o)
    0x080029c8   0x080029c8   0x000000c8   Code   RO         7422    i.__hardfp_cos      m_wm.l(cos.o)
    0x08002a90   0x08002a90   0x00000438   Code   RO         7621    i.__ieee754_rem_pio2  m_wm.l(rred.o)
    0x08002ec8   0x08002ec8   0x00000170   Code   RO         7590    i.__kernel_cos      m_wm.l(cos_i.o)
    0x08003038   0x08003038   0x000000f8   Code   RO         7720    i.__kernel_poly     m_wm.l(poly.o)
    0x08003130   0x08003130   0x00000130   Code   RO         7629    i.__kernel_sin      m_wm.l(sin_i.o)
    0x08003260   0x08003260   0x00000014   Code   RO         7594    i.__mathlib_dbl_infnan  m_wm.l(dunder.o)
    0x08003274   0x08003274   0x00000004   PAD
    0x08003278   0x08003278   0x00000020   Code   RO         7596    i.__mathlib_dbl_invalid  m_wm.l(dunder.o)
    0x08003298   0x08003298   0x00000020   Code   RO         7599    i.__mathlib_dbl_underflow  m_wm.l(dunder.o)
    0x080032b8   0x080032b8   0x00000034   Code   RO          822    i.__sti___15_uart_handle_cpp_8a507026  uart_handle.o
    0x080032ec   0x080032ec   0x0000004c   Code   RO         6319    i.__sti___16_base_movment_cpp_11007a78  base_movment.o
    0x08003338   0x08003338   0x00000004   Code   RO          700    i._sys_exit         retarget.o
    0x0800333c   0x0800333c   0x0000000a   Code   RO          702    i.assert_failed     retarget.o
    0x08003346   0x08003346   0x00000018   Code   RO         7714    i.fabs              m_wm.l(fabs.o)
    0x0800335e   0x0800335e   0x00000002   PAD
    0x08003360   0x08003360   0x000002e0   Code   RO           13    i.main              main.o
    0x08003640   0x08003640   0x0000006c   Code   RO         1001    t._ZNV14CircularBufferIhLj255EE9writeHeadEh  uart_handle.o
    0x080036ac   0x080036ac   0x00000018   Code   RO         7577    x$fpl$basic         fz_wm.l(basic.o)
    0x080036c4   0x080036c4   0x00000150   Code   RO         7388    x$fpl$dadd          fz_wm.l(daddsub_clz.o)
    0x08003814   0x08003814   0x000002b0   Code   RO         7395    x$fpl$ddiv          fz_wm.l(ddiv.o)
    0x08003ac4   0x08003ac4   0x0000005e   Code   RO         7400    x$fpl$dfix          fz_wm.l(dfix.o)
    0x08003b22   0x08003b22   0x00000002   PAD
    0x08003b24   0x08003b24   0x0000005a   Code   RO         7404    x$fpl$dfixu         fz_wm.l(dfixu.o)
    0x08003b7e   0x08003b7e   0x0000002e   Code   RO         7409    x$fpl$dflt          fz_wm.l(dflt_clz.o)
    0x08003bac   0x08003bac   0x00000026   Code   RO         7408    x$fpl$dfltu         fz_wm.l(dflt_clz.o)
    0x08003bd2   0x08003bd2   0x00000002   PAD
    0x08003bd4   0x08003bd4   0x00000154   Code   RO         7416    x$fpl$dmul          fz_wm.l(dmul.o)
    0x08003d28   0x08003d28   0x0000009c   Code   RO         7581    x$fpl$dnaninf       fz_wm.l(dnaninf.o)
    0x08003dc4   0x08003dc4   0x0000000c   Code   RO         7583    x$fpl$dretinf       fz_wm.l(dretinf.o)
    0x08003dd0   0x08003dd0   0x00000016   Code   RO         7389    x$fpl$drsb          fz_wm.l(daddsub_clz.o)
    0x08003de6   0x08003de6   0x00000002   PAD
    0x08003de8   0x08003de8   0x000001d4   Code   RO         7390    x$fpl$dsub          fz_wm.l(daddsub_clz.o)
    0x08003fbc   0x08003fbc   0x0000000a   Code   RO         7710    x$fpl$fpinit        fz_wm.l(fpinit.o)
    0x08003fc6   0x08003fc6   0x00000000   Code   RO         7589    x$fpl$usenofp       fz_wm.l(usenofp.o)
    0x08003fc6   0x08003fc6   0x0000003d   Data   RO          715    .constdata          retarget.o
    0x08004003   0x08004003   0x000007cb   Data   RO         6536    .constdata          oled_gfx.o
    0x080047ce   0x080047ce   0x00000002   PAD
    0x080047d0   0x080047d0   0x00000030   Data   RO         7591    .constdata          m_wm.l(cos_i.o)
    0x08004800   0x08004800   0x000000c8   Data   RO         7623    .constdata          m_wm.l(rred.o)
    0x080048c8   0x080048c8   0x00000028   Data   RO         7630    .constdata          m_wm.l(sin_i.o)
    0x080048f0   0x080048f0   0x00000050   Data   RO         1043    .constdata__ZTV11ISerialPort  uart_handle.o
    0x08004940   0x08004940   0x00000004   Data   RO         6617    .constdata__ZTV8OLED_GFX  oled_gfx.o
    0x08004944   0x08004944   0x0000000c   Data   RO         6619    .constdata__ZTV8OLED_GFX  oled_gfx.o
    0x08004950   0x08004950   0x00000050   Data   RO          990    .constdata__ZTVN4uart6HandleE  uart_handle.o
    0x080049a0   0x080049a0   0x00000020   Data   RO         7841    Region$$Table       anon$$obj.o
    0x080049c0   0x080049c0   0x00000004   Data   RO          854    .init_array         uart_handle.o
    0x080049c4   0x080049c0   0x00000004   Data   RO         6342    .init_array         base_movment.o
    0x080049c8   0x080049c0   0x00000000   Data   RO         7260    .init_array         c_w.l(init_aeabi.o)


    Execution Region ER_RW (Exec base: 0x20000000, Load base: 0x080049c8, Size: 0x00000e4c, Max: 0xffffffff, ABSOLUTE, COMPRESSED[0x000001ec])

    Exec Addr    Load Addr    Size         Type   Attr      Idx    E Section Name        Object

    0x20000000   COMPRESSED   0x000004c0   Data   RW           24    .data               main.o
    0x200004c0   COMPRESSED   0x00000014   Data   RW          389    .data               system_stm32f4xx.o
    0x200004d4   COMPRESSED   0x00000004   Data   RW          531    .data               time_service.o
    0x200004d8   COMPRESSED   0x00000001   Data   RW          853    .data               uart_handle.o
    0x200004d9   COMPRESSED   0x00000003   PAD
    0x200004dc   COMPRESSED   0x000004b4   Data   RW         6341    .data               base_movment.o
    0x20000990   COMPRESSED   0x00000003   Data   RW         6537    .data               oled_gfx.o
    0x20000993   COMPRESSED   0x00000004   Data   RW         6682    .data               oled_driver.o
    0x20000997   COMPRESSED   0x00000001   PAD
    0x20000998   COMPRESSED   0x000004b0   Data   RW         7074    .data               possensreader.o
    0x20000e48   COMPRESSED   0x00000004   Data   RW         4439    .data__ZZN9posSensor6Reader10getIsnanceENS_10posSensorEEE8Psensors  motor.o


    Execution Region ER_ZI (Exec base: 0x20000e4c, Load base: 0x08004bb4, Size: 0x00000b2c, Max: 0xffffffff, ABSOLUTE)

    Exec Addr    Load Addr    Size         Type   Attr      Idx    E Section Name        Object

    0x20000e4c        -       0x00000488   Zero   RW          852    .bss                uart_handle.o
    0x200012d4        -       0x00000060   Zero   RW         7723    .bss                c_w.l(libspace.o)
    0x20001334        -       0x00000040   Zero   RW         4440    .bss__ZZN9posSensor6Reader10getIsnanceENS_10posSensorEEE8Psensors  motor.o
    0x20001374   0x08004bb4   0x00000004   PAD
    0x20001378        -       0x00000200   Zero   RW          374    HEAP                startup_stm32f407xx.o
    0x20001578        -       0x00000400   Zero   RW          373    STACK               startup_stm32f407xx.o


==============================================================================

Image component sizes


      Code (inc. data)   RO Data    RW Data    ZI Data      Debug   Object Name

        76         20          4       1204          0       8864   base_movment.o
         0          0          0          0          0        456   camera.o
       280         16          0          0          0        740   display.o
         0          0          0          0          0       2028   gyro.o
      1030        164          0       1216          0     266488   main.o
         0          0          0          0          0        404   map_operations.o
       196         32          0          0          0       2848   misc.o
         0          0          0          0          0       2048   mlx906014.o
        20          0          0          4         64       2424   motor.o
       990         60          0          4          0      10925   oled_driver.o
       500         38       2011          3          0       8012   oled_gfx.o
      1086        108          0       1200          0       9281   possensreader.o
        18          0         61          0          0       4221   retarget.o
         0          0          0          0          0        360   servo.o
        64         26        392          0       1536        820   startup_stm32f407xx.o
       540        112          0          0          0       4886   stm32f4xx_exti.o
      1518        382          0          0          0      11873   stm32f4xx_gpio.o
       332        122          0          0          0       1899   stm32f4xx_rcc.o
      1096        296          0          0          0      12853   stm32f4xx_spi.o
       224         36          0          0          0        760   stm32f4xx_syscfg.o
      1256        422          0          0          0      23959   stm32f4xx_tim.o
       260         72          0          0          0       7574   stm32f4xx_usart.o
       340         32          0         20          0     238589   system_stm32f4xx.o
       170         20          0          4          0     308234   time_service.o
       630         40        164          1       1160      17435   uart_handle.o
         0          0          0          0          0      15828   vl53l0x.o

    ----------------------------------------------------------------------
     10630       1998       2666       3660       2764     963809   Object Totals
         0          0         32          0          0          0   (incl. Generated)
         4          0          2          4          4          0   (incl. Padding)

    ----------------------------------------------------------------------

      Code (inc. data)   RO Data    RW Data    ZI Data      Debug   Library Member Name

       100          0          0          0          0          0   __dclz77c.o
         8          0          0          0          0         68   __main.o
         0          0          0          0          0          0   __rtentry.o
        12          0          0          0          0          0   __rtentry2.o
         6          0          0          0          0          0   __rtentry4.o
        52          8          0          0          0          0   __scatter.o
        28          0          0          0          0          0   __scatter_zi.o
        22          0          0          0          0        100   _rserrno.o
        18          0          0          0          0         80   exit.o
         6          0          0          0          0        152   heapauxi.o
        36         10          0          0          0         80   init_aeabi.o
         2          0          0          0          0          0   libinit.o
        10          0          0          0          0          0   libinit2.o
         2          0          0          0          0          0   libshutdown.o
         2          0          0          0          0          0   libshutdown2.o
         8          4          0          0         96         68   libspace.o
         8          4          0          0          0         68   rt_errno_addr_intlibspace.o
        68          0          0          0          0         68   rt_memclr.o
        78          0          0          0          0         80   rt_memclr_w.o
         2          0          0          0          0          0   rtexit.o
        10          0          0          0          0          0   rtexit2.o
        74          0          0          0          0         80   sys_stackheap_outer.o
         2          0          0          0          0         68   use_no_semi.o
        36          0          0          0          0         84   aeabi_vec_ctor_nocookie_nodtor.o
        16          0          0          0          0         68   cxa_guard_acquire.o
        24          0          0          0          0        164   basic.o
       826         16          0          0          0        492   daddsub_clz.o
       688        140          0          0          0        256   ddiv.o
        94          4          0          0          0        140   dfix.o
        90          4          0          0          0        140   dfixu.o
        84          0          0          0          0        232   dflt_clz.o
       340         12          0          0          0        152   dmul.o
       156          4          0          0          0        140   dnaninf.o
        12          0          0          0          0        116   dretinf.o
        10          0          0          0          0        116   fpinit.o
         0          0          0          0          0          0   usenofp.o
       200         20          0          0          0        164   cos.o
       368         46         48          0          0        200   cos_i.o
        84         16          0          0          0        372   dunder.o
        24          0          0          0          0        124   fabs.o
        48          0          0          0          0        124   fpclassify.o
       248          0          0          0          0        152   poly.o
      1080        142        200          0          0        188   rred.o
       304         24         40          0          0        208   sin_i.o

    ----------------------------------------------------------------------
      5304        454        288          0         96       4544   Library Totals
        18          0          0          0          0          0   (incl. Padding)

    ----------------------------------------------------------------------

      Code (inc. data)   RO Data    RW Data    ZI Data      Debug   Library Name

       554         26          0          0         96        912   c_w.l
        52          0          0          0          0        152   cpprt_w.l
      2324        180          0          0          0       1948   fz_wm.l
      2356        248        288          0          0       1532   m_wm.l

    ----------------------------------------------------------------------
      5304        454        288          0         96       4544   Library Totals

    ----------------------------------------------------------------------

==============================================================================


      Code (inc. data)   RO Data    RW Data    ZI Data      Debug   

     15934       2452       2954       3660       2860     958585   Grand Totals
     15934       2452       2954        492       2860     958585   ELF Image Totals (compressed)
     15934       2452       2954        492          0          0   ROM Totals

==============================================================================

    Total RO  Size (Code + RO Data)                18888 (  18.45kB)
    Total RW  Size (RW Data + ZI Data)              6520 (   6.37kB)
    Total ROM Size (Code + RO Data + RW Data)      19380 (  18.93kB)

==============================================================================

