<html>
<body>
<pre>
<h1>�Vision Build Log</h1>
<h2>Tool Versions:</h2>
IDE-Version: �Vision V5.33.0.0
Copyright (C) 2020 ARM Ltd and ARM Germany GmbH. All rights reserved.
License Information: maria litvinova, 1, LIC=2TTQ1-C5DIT-AW42F-6W48K-KQD68-N10FH
 
Tool Versions:
Toolchain:       MDK-ARM Professional  Version: 5.33.0.0
Toolchain Path:  C:\Keil_v5\ARM\ARMCC\Bin
C Compiler:      Armcc.exe V5.06 update 7 (build 960)
Assembler:       Armasm.exe V5.06 update 7 (build 960)
Linker/Locator:  ArmLink.exe V5.06 update 7 (build 960)
Library Manager: ArmAr.exe V5.06 update 7 (build 960)
Hex Converter:   FromElf.exe V5.06 update 7 (build 960)
CPU DLL:         SARMCM3.DLL V5.33.0.0
Dialog DLL:      DCM.DLL V1.17.3.0
Target DLL:      STLink\ST-LINKIII-KEIL_SWO.dll V3.0.8.0
Dialog DLL:      TCM.DLL V1.48.0.0
 
<h2>Project:</h2>
C:\Users\masha\Documents\MazeBot � ����� � �����\MazeBot.uvprojx
Project File Date:  06/23/2022

<h2>Output:</h2>
*** Using Compiler 'V5.06 update 7 (build 960)', folder: 'C:\Keil_v5\ARM\ARMCC\Bin'
Build target 'Target 1'
compiling display.cpp...
compiling OLED_Driver.cpp...
compiling OLED_GFX.cpp...
compiling main_func.cpp...
src\librares\main_func.cpp(16): warning:  #1215-D: #warning directive: временное решение
  #warning временное решение
src\librares\main_func.cpp(18): warning:  #177-D: variable "pauseButtonTimer"  was declared but never referenced
  static const uint32_t pauseButtonTimer = 1900;
src\librares\main_func.cpp(19): warning:  #177-D: variable "greyCountConst"  was declared but never referenced
  static const uint32_t greyCountConst = 20;
src\librares\main_func.cpp(20): warning:  #177-D: variable "contTimer"  was declared but never referenced
  static const uint32_t contTimer = 12000;
src\librares\main_func.cpp(22): warning:  #177-D: variable "checkPointValue"  was declared but never referenced
  static const uint32_t checkPointValue = 600;
src\librares\main_func.cpp(23): warning:  #177-D: variable "fullKitGiveTime"  was declared but never referenced
  static const uint16_t fullKitGiveTime = 5000;
src\librares\main_func.cpp(24): warning:  #177-D: variable "firstPhaseKitGiveTime"  was declared but never referenced
  static const uint16_t firstPhaseKitGiveTime = 2000;
src\librares\main_func.cpp(25): warning:  #177-D: variable "secondPhaseKitGiveTime"  was declared but never referenced
  static const uint16_t secondPhaseKitGiveTime = 3000;
src\librares\main_func.cpp(27): warning:  #177-D: variable "rightServPosition"  was declared but never referenced
  static const uint16_t rightServPosition = 0;
src\librares\main_func.cpp(28): warning:  #177-D: variable "midServPosition"  was declared but never referenced
  static const uint16_t midServPosition = 90;
src\librares\main_func.cpp(29): warning:  #177-D: variable "leftServPosition"  was declared but never referenced
  static const uint16_t leftServPosition = 180;
src\librares\main_func.cpp(30): warning:  #177-D: variable "hillCountLimitLeave"  was declared but never referenced
  static const uint16_t hillCountLimitLeave = 25;
src\librares\main_func.cpp(31): warning:  #177-D: variable "hillCountLimitFind"  was declared but never referenced
  static const uint16_t hillCountLimitFind = 50;
src\librares\main_func.cpp(32): warning:  #177-D: variable "wallRast"  was declared but never referenced
  static const uint16_t wallRast = 200;
src\librares\main_func.cpp(33): warning:  #177-D: variable "rampLength"  was declared but never referenced
  static const uint8_t rampLength = 3;
src\librares\main_func.cpp: 15 warnings, 0 errors
compiling main.cpp...
src\main\main.cpp(209): warning:  #9-D: nested comment is not allowed
          /*motorFrontLeft.worker();
src\main\main.cpp: 1 warning, 0 errors
compiling map_operations.cpp...
linking...
Program Size: Code=31390 RO-data=2994 RW-data=4384 ZI-data=5888  
".\Object\MazeBot.axf" - 0 Error(s), 16 Warning(s).

<h2>Software Packages used:</h2>

Package Vendor: Keil
                http://www.keil.com/pack/Keil.STM32F4xx_DFP.2.16.0.pack
                Keil.STM32F4xx_DFP.2.16.0
                STMicroelectronics STM32F4 Series Device Support, Drivers and Examples

<h2>Collection of Component include folders:</h2>
  C:\Users\masha\AppData\Local\Arm\Packs\Keil\STM32F4xx_DFP\2.16.0\Drivers\CMSIS\Device\ST\STM32F4xx\Include

<h2>Collection of Component Files used:</h2>
Build Time Elapsed:  00:00:05
</pre>
</body>
</html>
