Component: ARM Compiler 5.06 update 7 (build 960) Tool: armlink [4d3601]

==============================================================================

Section Cross References

    main.o(i._ZN29_INTERNAL_8_main_cpp_4c6342354pins7setFunc6setPWMENS0_12pinStructureEj) refers to stm32f4xx_tim.o(i.TIM_SetCompare1) for TIM_SetCompare1
    main.o(i._ZN29_INTERNAL_8_main_cpp_4c6342354pins7setFunc6setPWMENS0_12pinStructureEj) refers to stm32f4xx_tim.o(i.TIM_SetCompare2) for TIM_SetCompare2
    main.o(i._ZN29_INTERNAL_8_main_cpp_4c6342354pins7setFunc6setPWMENS0_12pinStructureEj) refers to stm32f4xx_tim.o(i.TIM_SetCompare3) for TIM_SetCompare3
    main.o(i._ZN29_INTERNAL_8_main_cpp_4c6342354pins7setFunc6setPWMENS0_12pinStructureEj) refers to stm32f4xx_tim.o(i.TIM_SetCompare4) for TIM_SetCompare4
    main.o(i._ZN29_INTERNAL_8_main_cpp_4c6342354pins8initFunc10timerClockEP11TIM_TypeDef) refers to stm32f4xx_rcc.o(i.RCC_APB2PeriphClockCmd) for RCC_APB2PeriphClockCmd
    main.o(i._ZN29_INTERNAL_8_main_cpp_4c6342354pins8initFunc10timerClockEP11TIM_TypeDef) refers to stm32f4xx_rcc.o(i.RCC_APB1PeriphClockCmd) for RCC_APB1PeriphClockCmd
    main.o(i._ZN29_INTERNAL_8_main_cpp_4c6342354pins8initFunc7initPwmENS0_12pinStructureE) refers to main.o(i._ZN29_INTERNAL_8_main_cpp_4c6342354pins8initFunc7pinInitENS0_12pinStructureE) for [local to main_cpp]::pins::initFunc::pinInit([local to main_cpp]::pins::pinStructure)
    main.o(i._ZN29_INTERNAL_8_main_cpp_4c6342354pins8initFunc7initPwmENS0_12pinStructureE) refers to stm32f4xx_gpio.o(i.GPIO_PinAFConfig) for GPIO_PinAFConfig
    main.o(i._ZN29_INTERNAL_8_main_cpp_4c6342354pins8initFunc7initPwmENS0_12pinStructureE) refers to main.o(i._ZN29_INTERNAL_8_main_cpp_4c6342354pins8initFunc10timerClockEP11TIM_TypeDef) for [local to main_cpp]::pins::initFunc::timerClock(TIM_TypeDef*)
    main.o(i._ZN29_INTERNAL_8_main_cpp_4c6342354pins8initFunc7initPwmENS0_12pinStructureE) refers to stm32f4xx_tim.o(i.TIM_TimeBaseInit) for TIM_TimeBaseInit
    main.o(i._ZN29_INTERNAL_8_main_cpp_4c6342354pins8initFunc7initPwmENS0_12pinStructureE) refers to stm32f4xx_tim.o(i.TIM_CCxCmd) for TIM_CCxCmd
    main.o(i._ZN29_INTERNAL_8_main_cpp_4c6342354pins8initFunc7initPwmENS0_12pinStructureE) refers to stm32f4xx_tim.o(i.TIM_OC1Init) for TIM_OC1Init
    main.o(i._ZN29_INTERNAL_8_main_cpp_4c6342354pins8initFunc7initPwmENS0_12pinStructureE) refers to stm32f4xx_tim.o(i.TIM_OC2Init) for TIM_OC2Init
    main.o(i._ZN29_INTERNAL_8_main_cpp_4c6342354pins8initFunc7initPwmENS0_12pinStructureE) refers to stm32f4xx_tim.o(i.TIM_OC3Init) for TIM_OC3Init
    main.o(i._ZN29_INTERNAL_8_main_cpp_4c6342354pins8initFunc7initPwmENS0_12pinStructureE) refers to stm32f4xx_tim.o(i.TIM_OC4Init) for TIM_OC4Init
    main.o(i._ZN29_INTERNAL_8_main_cpp_4c6342354pins8initFunc7initPwmENS0_12pinStructureE) refers to stm32f4xx_tim.o(i.TIM_CtrlPWMOutputs) for TIM_CtrlPWMOutputs
    main.o(i._ZN29_INTERNAL_8_main_cpp_4c6342354pins8initFunc7initPwmENS0_12pinStructureE) refers to stm32f4xx_tim.o(i.TIM_Cmd) for TIM_Cmd
    main.o(i._ZN29_INTERNAL_8_main_cpp_4c6342354pins8initFunc7initPwmENS0_12pinStructureE) refers to stm32f4xx_tim.o(i.TIM_SetCompare1) for TIM_SetCompare1
    main.o(i._ZN29_INTERNAL_8_main_cpp_4c6342354pins8initFunc7initPwmENS0_12pinStructureE) refers to stm32f4xx_tim.o(i.TIM_SetCompare2) for TIM_SetCompare2
    main.o(i._ZN29_INTERNAL_8_main_cpp_4c6342354pins8initFunc7initPwmENS0_12pinStructureE) refers to stm32f4xx_tim.o(i.TIM_SetCompare3) for TIM_SetCompare3
    main.o(i._ZN29_INTERNAL_8_main_cpp_4c6342354pins8initFunc7initPwmENS0_12pinStructureE) refers to stm32f4xx_tim.o(i.TIM_SetCompare4) for TIM_SetCompare4
    main.o(i._ZN29_INTERNAL_8_main_cpp_4c6342354pins8initFunc7pinInitENS0_12pinStructureE) refers to main.o(i._ZN29_INTERNAL_8_main_cpp_4c6342354pins8initFunc9GPIOClockEP12GPIO_TypeDef) for [local to main_cpp]::pins::initFunc::GPIOClock(GPIO_TypeDef*)
    main.o(i._ZN29_INTERNAL_8_main_cpp_4c6342354pins8initFunc7pinInitENS0_12pinStructureE) refers to stm32f4xx_gpio.o(i.GPIO_Init) for GPIO_Init
    main.o(i._ZN29_INTERNAL_8_main_cpp_4c6342354pins8initFunc7pinInitENS0_12pinStructureE) refers to stm32f4xx_gpio.o(i.GPIO_SetBits) for GPIO_SetBits
    main.o(i._ZN29_INTERNAL_8_main_cpp_4c6342354pins8initFunc9GPIOClockEP12GPIO_TypeDef) refers to stm32f4xx_rcc.o(i.RCC_AHB1PeriphClockCmd) for RCC_AHB1PeriphClockCmd
    main.o(i.main) refers to stm32f4xx_rcc.o(i.RCC_APB2PeriphClockCmd) for RCC_APB2PeriphClockCmd
    main.o(i.main) refers to stm32f4xx_rcc.o(i.RCC_AHB1PeriphClockCmd) for RCC_AHB1PeriphClockCmd
    main.o(i.main) refers to stm32f4xx_rcc.o(i.RCC_APB1PeriphClockCmd) for RCC_APB1PeriphClockCmd
    main.o(i.main) refers to uart.o(i.InitUART6) for InitUART6
    main.o(i.main) refers to uart.o(i.InitUART3) for InitUART3
    main.o(i.main) refers to irqs.o(i.initEndstops) for initEndstops
    main.o(i.main) refers to irqs.o(i.initEXTI) for initEXTI
    main.o(i.main) refers to irqs.o(i.initNVIC) for initNVIC
[...]
    Removing vl53l0x_api_core.o(i.VL53L0X_get_vcsel_pulse_period), (70 bytes).
    Removing vl53l0x_api_core.o(i.VL53L0X_isqrt), (44 bytes).
    Removing vl53l0x_api_core.o(i.VL53L0X_load_tuning_settings), (234 bytes).
    Removing vl53l0x_api_core.o(i.VL53L0X_measurement_poll_for_completion), (66 bytes).
    Removing vl53l0x_api_core.o(i.VL53L0X_quadrature_sum), (44 bytes).
    Removing vl53l0x_api_core.o(i.VL53L0X_reverse_bytes), (34 bytes).
    Removing vl53l0x_api_core.o(i.VL53L0X_set_measurement_timing_budget_micro_seconds), (294 bytes).
    Removing vl53l0x_api_core.o(i.VL53L0X_set_vcsel_pulse_period), (766 bytes).
    Removing vl53l0x_api_core.o(i._Z17VL53L0X_calc_dmaxP13VL53L0X_Dev_tjjjjjjPj), (396 bytes).
    Removing vl53l0x_api_core.o(i._Z23VL53L0X_calc_timeout_usP13VL53L0X_Dev_tth), (52 bytes).
    Removing vl53l0x_api_core.o(i._Z26VL53L0X_device_read_strobeP13VL53L0X_Dev_t), (82 bytes).
    Removing vl53l0x_api_core.o(i._Z28VL53L0X_calc_macro_period_psP13VL53L0X_Dev_th), (22 bytes).
    Removing vl53l0x_api_core.o(i.get_sequence_step_timeout), (290 bytes).
    Removing vl53l0x_api_core.o(i.set_sequence_step_timeout), (306 bytes).
    Removing vl53l0x_api_core.o(.ARM.exidx), (8 bytes).
    Removing vl53l0x_api_core.o(.ARM.exidx), (8 bytes).
    Removing vl53l0x_api_core.o(.ARM.exidx), (8 bytes).
    Removing vl53l0x_api_core.o(.ARM.exidx), (8 bytes).
    Removing vl53l0x_api_core.o(.ARM.exidx), (8 bytes).
    Removing vl53l0x_api_core.o(.ARM.exidx), (8 bytes).
    Removing vl53l0x_api_core.o(.ARM.exidx), (8 bytes).
    Removing vl53l0x_api_core.o(.ARM.exidx), (8 bytes).
    Removing vl53l0x_api_core.o(.ARM.exidx), (8 bytes).
    Removing vl53l0x_api_core.o(.ARM.exidx), (8 bytes).
    Removing vl53l0x_api_core.o(.ARM.exidx), (8 bytes).
    Removing vl53l0x_api_core.o(.ARM.exidx), (8 bytes).
    Removing vl53l0x_api_core.o(.ARM.exidx), (8 bytes).
    Removing vl53l0x_api_core.o(.ARM.exidx), (8 bytes).
    Removing vl53l0x_api_core.o(.ARM.exidx), (8 bytes).
    Removing vl53l0x_api_core.o(.ARM.exidx), (8 bytes).
    Removing vl53l0x_api_core.o(.ARM.exidx), (8 bytes).
    Removing vl53l0x_api_core.o(.ARM.exidx), (8 bytes).
    Removing vl53l0x_api_core.o(.ARM.exidx), (8 bytes).
    Removing vl53l0x_api_core.o(.ARM.exidx), (8 bytes).
    Removing vl53l0x_api_core.o(.ARM.exidx), (8 bytes).
    Removing vl53l0x_api_core.o(.ARM.exidx), (8 bytes).
    Removing vl53l0x_api_core.o(.ARM.exidx), (8 bytes).
    Removing vl53l0x_api_core.o(.ARM.exidx), (8 bytes).
    Removing vl53l0x_api_core.o(.ARM.exidx), (8 bytes).
    Removing vl53l0x_api_calibration.o(i.VL53L0X_apply_offset_adjustment), (58 bytes).
    Removing vl53l0x_api_calibration.o(i.VL53L0X_get_offset_calibration_data_micro_meter), (86 bytes).
    Removing vl53l0x_api_calibration.o(i.VL53L0X_get_ref_calibration), (48 bytes).
    Removing vl53l0x_api_calibration.o(i.VL53L0X_get_reference_spads), (120 bytes).
    Removing vl53l0x_api_calibration.o(i.VL53L0X_perform_offset_calibration), (228 bytes).
    Removing vl53l0x_api_calibration.o(i.VL53L0X_perform_phase_calibration), (124 bytes).
    Removing vl53l0x_api_calibration.o(i.VL53L0X_perform_ref_calibration), (76 bytes).
    Removing vl53l0x_api_calibration.o(i.VL53L0X_perform_ref_spad_management), (658 bytes).
    Removing vl53l0x_api_calibration.o(i.VL53L0X_perform_xtalk_calibration), (296 bytes).
    Removing vl53l0x_api_calibration.o(i.VL53L0X_set_offset_calibration_data_micro_meter), (84 bytes).
    Removing vl53l0x_api_calibration.o(i.VL53L0X_set_ref_calibration), (46 bytes).
    Removing vl53l0x_api_calibration.o(i.VL53L0X_set_reference_spads), (194 bytes).
    Removing vl53l0x_api_calibration.o(i._Z11is_aperturej), (24 bytes).
    Removing vl53l0x_api_calibration.o(i._Z15enable_spad_bitPhjj), (50 bytes).
    Removing vl53l0x_api_calibration.o(i._Z16enable_ref_spadsP13VL53L0X_Dev_thPhS1_jjjjPj), (172 bytes).
    Removing vl53l0x_api_calibration.o(i._Z16get_ref_spad_mapP13VL53L0X_Dev_tPh), (24 bytes).
    Removing vl53l0x_api_calibration.o(i._Z16set_ref_spad_mapP13VL53L0X_Dev_tPh), (24 bytes).
    Removing vl53l0x_api_calibration.o(i._Z18get_next_good_spadPhjjPi), (104 bytes).
    Removing vl53l0x_api_calibration.o(i._Z19count_enabled_spadsPhjjPjS_), (180 bytes).
    Removing vl53l0x_api_calibration.o(i._Z26VL53L0X_ref_calibration_ioP13VL53L0X_Dev_thhhPhS1_hh), (176 bytes).
    Removing vl53l0x_api_calibration.o(i._Z30perform_ref_signal_measurementP13VL53L0X_Dev_tPt), (110 bytes).
    Removing vl53l0x_api_calibration.o(i._Z31VL53L0X_perform_vhv_calibrationP13VL53L0X_Dev_tPhhh), (126 bytes).
    Removing vl53l0x_api_calibration.o(i._Z38VL53L0X_perform_single_ref_calibrationP13VL53L0X_Dev_th), (64 bytes).
    Removing vl53l0x_api_calibration.o(.ARM.exidx), (8 bytes).
    Removing vl53l0x_api_calibration.o(.ARM.exidx), (8 bytes).
    Removing vl53l0x_api_calibration.o(.ARM.exidx), (8 bytes).
    Removing vl53l0x_api_calibration.o(.ARM.exidx), (8 bytes).
    Removing vl53l0x_api_calibration.o(.ARM.exidx), (8 bytes).
    Removing vl53l0x_api_calibration.o(.ARM.exidx), (8 bytes).
    Removing vl53l0x_api_calibration.o(.ARM.exidx), (8 bytes).
    Removing vl53l0x_api_calibration.o(.ARM.exidx), (8 bytes).
    Removing vl53l0x_api_calibration.o(.ARM.exidx), (8 bytes).
    Removing vl53l0x_api_calibration.o(.ARM.exidx), (8 bytes).
    Removing vl53l0x_api_calibration.o(.ARM.exidx), (8 bytes).
    Removing vl53l0x_api_calibration.o(.ARM.exidx), (8 bytes).
    Removing vl53l0x_api_calibration.o(.ARM.exidx), (8 bytes).
    Removing vl53l0x_api_calibration.o(.ARM.exidx), (8 bytes).
    Removing vl53l0x_api_calibration.o(.ARM.exidx), (8 bytes).
    Removing vl53l0x_api_calibration.o(.ARM.exidx), (8 bytes).
    Removing vl53l0x_api_calibration.o(.ARM.exidx), (8 bytes).
    Removing vl53l0x_api_calibration.o(.ARM.exidx), (8 bytes).
    Removing vl53l0x_api_calibration.o(.ARM.exidx), (8 bytes).
    Removing vl53l0x_api_calibration.o(.ARM.exidx), (8 bytes).
    Removing vl53l0x_api_calibration.o(.ARM.exidx), (8 bytes).
    Removing vl53l0x_api_calibration.o(.ARM.exidx), (8 bytes).
    Removing vl53l0x_api_calibration.o(.ARM.exidx), (8 bytes).
    Removing vl53l0x_api_calibration.o(.data), (16 bytes).
    Removing i2c.o(.rev16_text), (4 bytes).
    Removing i2c.o(.revsh_text), (4 bytes).
    Removing i2c.o(.rrx_text), (6 bytes).
    Removing i2c.o(i._ZN28_INTERNAL_7_i2c_cpp_2b87a2b612constrainMinEiii), (52 bytes).
    Removing i2c.o(i._ZN28_INTERNAL_7_i2c_cpp_2b87a2b63maxEii), (14 bytes).
    Removing i2c.o(i._ZN28_INTERNAL_7_i2c_cpp_2b87a2b63minEii), (14 bytes).
    Removing i2c.o(i._ZN28_INTERNAL_7_i2c_cpp_2b87a2b64pins7setFunc6setPWMENS0_12pinStructureEj), (74 bytes).
    Removing i2c.o(i._ZN28_INTERNAL_7_i2c_cpp_2b87a2b64pins8initFunc10timerClockEP11TIM_TypeDef), (280 bytes).
    Removing i2c.o(i._ZN28_INTERNAL_7_i2c_cpp_2b87a2b64pins8initFunc7initPwmENS0_12pinStructureE), (308 bytes).
    Removing i2c.o(i._ZN28_INTERNAL_7_i2c_cpp_2b87a2b64pins8initFunc7pinInitENS0_12pinStructureE), (70 bytes).
    Removing i2c.o(i._ZN28_INTERNAL_7_i2c_cpp_2b87a2b64pins8initFunc9GPIOClockEP12GPIO_TypeDef), (224 bytes).
    Removing i2c.o(i._ZN28_INTERNAL_7_i2c_cpp_2b87a2b69constrainEiii), (22 bytes).
    Removing i2c.o(i._ZN3i2c10writeMultiEhPKhh), (98 bytes).
    Removing i2c.o(i._ZN3i2c12readReg16BitEh), (140 bytes).
    Removing i2c.o(i._ZN3i2c12readReg24BitEh), (6 bytes).
    Removing i2c.o(i._ZN3i2c12readReg32BitEh), (172 bytes).
    Removing i2c.o(i._ZN3i2c13writeReg16BitEht), (104 bytes).
    Removing i2c.o(i._ZN3i2c13writeReg32BitEhj), (144 bytes).
    Removing i2c.o(i._ZN3i2c7readRegEh), (124 bytes).
    Removing i2c.o(i._ZN3i2c8init_I2CER7SoftI2Ch), (6 bytes).
    Removing i2c.o(i._ZN3i2c8writeRegEhh), (86 bytes).
    Removing i2c.o(i._ZN3i2c9adrChangeEh), (4 bytes).
    Removing i2c.o(i._ZN3i2c9readMultiEhPhh), (122 bytes).
    Removing i2c.o(.ARM.exidx), (8 bytes).
    Removing i2c.o(.ARM.exidx), (8 bytes).
    Removing i2c.o(.ARM.exidx), (8 bytes).
    Removing i2c.o(.ARM.exidx), (8 bytes).
    Removing i2c.o(.ARM.exidx), (8 bytes).
    Removing i2c.o(.ARM.exidx), (8 bytes).
    Removing i2c.o(.ARM.exidx), (8 bytes).
    Removing i2c.o(.ARM.exidx), (8 bytes).
    Removing i2c.o(.ARM.exidx), (8 bytes).
    Removing i2c.o(.ARM.exidx), (8 bytes).
    Removing i2c.o(.ARM.exidx), (8 bytes).
    Removing i2c.o(.ARM.exidx), (8 bytes).
    Removing i2c.o(.ARM.exidx), (8 bytes).
    Removing i2c.o(.ARM.exidx), (8 bytes).
    Removing i2c.o(.ARM.exidx), (8 bytes).
    Removing i2c.o(.ARM.exidx), (8 bytes).
    Removing i2c.o(.ARM.exidx), (8 bytes).
    Removing i2c.o(.ARM.exidx), (8 bytes).
    Removing i2c.o(.ARM.exidx), (8 bytes).
    Removing i2c.o(.ARM.exidx), (8 bytes).
    Removing softi2c.o(.rev16_text), (4 bytes).
    Removing softi2c.o(.revsh_text), (4 bytes).
    Removing softi2c.o(.rrx_text), (6 bytes).
    Removing softi2c.o(i._ZN33_INTERNAL_11_softI2C_cpp_a1e4d40e12constrainMinEiii), (52 bytes).
    Removing softi2c.o(i._ZN33_INTERNAL_11_softI2C_cpp_a1e4d40e3maxEii), (14 bytes).
    Removing softi2c.o(i._ZN33_INTERNAL_11_softI2C_cpp_a1e4d40e3minEii), (14 bytes).
    Removing softi2c.o(i._ZN33_INTERNAL_11_softI2C_cpp_a1e4d40e4pins7setFunc6setPWMENS0_12pinStructureEj), (74 bytes).
    Removing softi2c.o(i._ZN33_INTERNAL_11_softI2C_cpp_a1e4d40e4pins8initFunc10timerClockEP11TIM_TypeDef), (280 bytes).
    Removing softi2c.o(i._ZN33_INTERNAL_11_softI2C_cpp_a1e4d40e4pins8initFunc7initPwmENS0_12pinStructureE), (308 bytes).
    Removing softi2c.o(i._ZN33_INTERNAL_11_softI2C_cpp_a1e4d40e4pins8initFunc7pinInitENS0_12pinStructureE), (70 bytes).
    Removing softi2c.o(i._ZN33_INTERNAL_11_softI2C_cpp_a1e4d40e4pins8initFunc9GPIOClockEP12GPIO_TypeDef), (224 bytes).
    Removing softi2c.o(i._ZN33_INTERNAL_11_softI2C_cpp_a1e4d40e9constrainEiii), (22 bytes).
    Removing softi2c.o(i._ZN7SoftI2C11generateACKEv), (54 bytes).
    Removing softi2c.o(i._ZN7SoftI2C12generateNACKEv), (54 bytes).
    Removing softi2c.o(i._ZN7SoftI2C12generateStopEv), (54 bytes).
    Removing softi2c.o(i._ZN7SoftI2C13generateStartEv), (74 bytes).
    Removing softi2c.o(i._ZN7SoftI2C6sclLowEv), (14 bytes).
    Removing softi2c.o(i._ZN7SoftI2C6sdaLowEv), (14 bytes).
    Removing softi2c.o(i._ZN7SoftI2C7getByteEv), (76 bytes).
    Removing softi2c.o(i._ZN7SoftI2C7m_delayEv), (22 bytes).
    Removing softi2c.o(i._ZN7SoftI2C7sclHighEv), (14 bytes).
    Removing softi2c.o(i._ZN7SoftI2C7sclReadEv), (20 bytes).
    Removing softi2c.o(i._ZN7SoftI2C7sdaHighEv), (14 bytes).
    Removing softi2c.o(i._ZN7SoftI2C7sdaReadEv), (20 bytes).
    Removing softi2c.o(i._ZN7SoftI2C7waitACKEv), (68 bytes).
    Removing softi2c.o(i._ZN7SoftI2C8sendByteEh), (88 bytes).
    Removing softi2c.o(i._ZN7SoftI2CC1EN4pins12pinStructureES1_), (74 bytes).
    Removing softi2c.o(.ARM.exidx), (8 bytes).
    Removing softi2c.o(.ARM.exidx), (8 bytes).
    Removing softi2c.o(.ARM.exidx), (8 bytes).
    Removing softi2c.o(.ARM.exidx), (8 bytes).
    Removing softi2c.o(.ARM.exidx), (8 bytes).
    Removing softi2c.o(.ARM.exidx), (8 bytes).
    Removing softi2c.o(.ARM.exidx), (8 bytes).
    Removing softi2c.o(.ARM.exidx), (8 bytes).
    Removing softi2c.o(.ARM.exidx), (8 bytes).
    Removing softi2c.o(.ARM.exidx), (8 bytes).
    Removing softi2c.o(.ARM.exidx), (8 bytes).
    Removing softi2c.o(.ARM.exidx), (8 bytes).
    Removing softi2c.o(.ARM.exidx), (8 bytes).
    Removing softi2c.o(.ARM.exidx), (8 bytes).
    Removing softi2c.o(.ARM.exidx), (8 bytes).
    Removing softi2c.o(.ARM.exidx), (8 bytes).
    Removing softi2c.o(.ARM.exidx), (8 bytes).
    Removing softi2c.o(.ARM.exidx), (8 bytes).
    Removing softi2c.o(.ARM.exidx), (8 bytes).
    Removing softi2c.o(.ARM.exidx), (8 bytes).
    Removing softi2c.o(.ARM.exidx), (8 bytes).
    Removing softi2c.o(.ARM.exidx), (8 bytes).
    Removing softi2c.o(.ARM.exidx), (8 bytes).
    Removing softi2c.o(.ARM.exidx), (8 bytes).
    Removing analog_input.o(.rev16_text), (4 bytes).
    Removing analog_input.o(.revsh_text), (4 bytes).
    Removing analog_input.o(.rrx_text), (6 bytes).
    Removing analog_input.o(i._ZN12Analog_input6getAdcEh), (8 bytes).
    Removing analog_input.o(i._ZN12Analog_inputC1Ev), (320 bytes).
    Removing analog_input.o(.ARM.exidx), (8 bytes).
    Removing analog_input.o(.ARM.exidx), (8 bytes).
    Removing pwm.o(.rev16_text), (4 bytes).
    Removing pwm.o(.revsh_text), (4 bytes).
    Removing pwm.o(.rrx_text), (6 bytes).
    Removing pwm.o(i.initMotorPins), (196 bytes).
    Removing pwm.o(i.initPWM), (264 bytes).
    Removing pwm.o(i.setPWM1), (72 bytes).
    Removing pwm.o(i.setPWM2), (72 bytes).
    Removing pwm.o(i.setPWM3), (72 bytes).
    Removing pwm.o(i.setPWM4), (76 bytes).
    Removing pwm.o(i.setPWMlight), (28 bytes).
    Removing pwm.o(.ARM.exidx), (8 bytes).
    Removing pwm.o(.ARM.exidx), (8 bytes).
    Removing pwm.o(.ARM.exidx), (8 bytes).
    Removing pwm.o(.ARM.exidx), (8 bytes).
    Removing pwm.o(.ARM.exidx), (8 bytes).
    Removing pwm.o(.ARM.exidx), (8 bytes).
    Removing pwm.o(.ARM.exidx), (8 bytes).
    Removing irqs.o(.rev16_text), (4 bytes).
    Removing irqs.o(.revsh_text), (4 bytes).
    Removing irqs.o(.rrx_text), (6 bytes).
    Removing irqs.o(i.Button1), (12 bytes).
    Removing irqs.o(i.Button2), (12 bytes).
    Removing irqs.o(i.Button3), (12 bytes).
    Removing irqs.o(i.Button4), (12 bytes).
    Removing irqs.o(i.Encoder1), (12 bytes).
    Removing irqs.o(i.Encoder2), (12 bytes).
    Removing irqs.o(i._Z12InitEncodersv), (104 bytes).
    Removing irqs.o(i.resetButton1), (12 bytes).
    Removing irqs.o(i.resetButton2), (12 bytes).
    Removing irqs.o(i.resetButton3), (12 bytes).
    Removing irqs.o(i.resetButton4), (12 bytes).
    Removing irqs.o(.ARM.exidx), (8 bytes).
    Removing irqs.o(.ARM.exidx), (8 bytes).
    Removing irqs.o(.ARM.exidx), (8 bytes).
    Removing irqs.o(.ARM.exidx), (8 bytes).
    Removing irqs.o(.ARM.exidx), (8 bytes).
    Removing irqs.o(.ARM.exidx), (8 bytes).
    Removing irqs.o(.ARM.exidx), (8 bytes).
    Removing irqs.o(.ARM.exidx), (8 bytes).
    Removing irqs.o(.ARM.exidx), (8 bytes).
    Removing irqs.o(.ARM.exidx), (8 bytes).
    Removing irqs.o(.ARM.exidx), (8 bytes).
    Removing irqs.o(.ARM.exidx), (8 bytes).
    Removing irqs.o(.ARM.exidx), (8 bytes).
    Removing irqs.o(.ARM.exidx), (8 bytes).
    Removing irqs.o(.ARM.exidx), (8 bytes).
    Removing irqs.o(.ARM.exidx), (8 bytes).
    Removing irqs.o(.ARM.exidx), (8 bytes).
    Removing ssd1306.o(.rev16_text), (4 bytes).
    Removing ssd1306.o(.revsh_text), (4 bytes).
    Removing ssd1306.o(.rrx_text), (6 bytes).
    Removing ssd1306.o(i._ZN7SSD130610stopscrollEv), (14 bytes).
    Removing ssd1306.o(i._ZN7SSD130613drawFastHLineEssst), (728 bytes).
    Removing ssd1306.o(i._ZN7SSD130613drawFastVLineEssst), (724 bytes).
    Removing ssd1306.o(i._ZN7SSD130615ssd1306_commandEh), (48 bytes).
    Removing ssd1306.o(i._ZN7SSD130615startscrollleftEhh), (74 bytes).
    Removing ssd1306.o(i._ZN7SSD130616startscrollrightEhh), (74 bytes).
    Removing ssd1306.o(i._ZN7SSD130619startscrolldiagleftEhh), (90 bytes).
    Removing ssd1306.o(i._ZN7SSD130620startscrolldiagrightEhh), (90 bytes).
    Removing ssd1306.o(i._ZN7SSD13063dimEb), (42 bytes).
    Removing ssd1306.o(i._ZN7SSD13064drawEv), (12 bytes).
    Removing ssd1306.o(i._ZN7SSD13065beginEhb), (372 bytes).
    Removing ssd1306.o(i._ZN7SSD13065clearEv), (20 bytes).
    Removing ssd1306.o(i._ZN7SSD13066invertEh), (28 bytes).
    Removing ssd1306.o(i._ZN7SSD13067displayEPh), (110 bytes).
    Removing ssd1306.o(i._ZN7SSD13067displayEv), (116 bytes).
    Removing ssd1306.o(i._ZN7SSD13068switchOnEv), (14 bytes).
    Removing ssd1306.o(i._ZN7SSD13069drawPixelEsst), (248 bytes).
    Removing ssd1306.o(i._ZN7SSD13069switchOffEv), (14 bytes).
    Removing ssd1306.o(i._ZN7SSD1306C1Ejtttttt), (84 bytes).
    Removing ssd1306.o(i._ZN7SSD1306C1Ev), (12 bytes).
    Removing ssd1306.o(.ARM.exidx), (8 bytes).
    Removing ssd1306.o(.ARM.exidx), (8 bytes).
    Removing ssd1306.o(.ARM.exidx), (8 bytes).
    Removing ssd1306.o(.ARM.exidx), (8 bytes).
    Removing ssd1306.o(.ARM.exidx), (8 bytes).
    Removing ssd1306.o(.ARM.exidx), (8 bytes).
    Removing ssd1306.o(.ARM.exidx), (8 bytes).
    Removing ssd1306.o(.ARM.exidx), (8 bytes).
    Removing ssd1306.o(.ARM.exidx), (8 bytes).
    Removing ssd1306.o(.ARM.exidx), (8 bytes).
    Removing ssd1306.o(.ARM.exidx), (8 bytes).
    Removing ssd1306.o(.ARM.exidx), (8 bytes).
    Removing ssd1306.o(.ARM.exidx), (8 bytes).
    Removing ssd1306.o(.ARM.exidx), (8 bytes).
    Removing ssd1306.o(.ARM.exidx), (8 bytes).
    Removing ssd1306.o(.ARM.exidx), (8 bytes).
    Removing ssd1306.o(.ARM.exidx), (8 bytes).
    Removing ssd1306.o(.ARM.exidx), (8 bytes).
    Removing ssd1306.o(.ARM.exidx), (8 bytes).
    Removing ssd1306.o(.ARM.exidx), (8 bytes).
    Removing ssd1306.o(.data), (1024 bytes).
    Removing stm32f407_pin.o(.rev16_text), (4 bytes).
    Removing stm32f407_pin.o(.revsh_text), (4 bytes).
    Removing stm32f407_pin.o(.rrx_text), (6 bytes).
    Removing stm32f407_pin.o(i._Z7initPinP12GPIO_TypeDefthhh), (488 bytes).
    Removing stm32f407_pin.o(.ARM.exidx), (8 bytes).
    Removing stm32f407_spi.o(.rev16_text), (4 bytes).
    Removing stm32f407_spi.o(.revsh_text), (4 bytes).
    Removing stm32f407_spi.o(.rrx_text), (6 bytes).
    Removing stm32f407_spi.o(i._Z12SPIAvailablej), (12 bytes).
    Removing stm32f407_spi.o(i._Z12readRxBufSPIj), (24 bytes).
    Removing stm32f407_spi.o(i._Z13writeTxBufSPIjt), (44 bytes).
    Removing stm32f407_spi.o(i._Z7initSPIjbhtiiii), (604 bytes).
    Removing stm32f407_spi.o(i._Z8writeSPIjt), (72 bytes).
    Removing stm32f407_spi.o(i._ZN39_INTERNAL_17_stm32f407_SPI_cpp_b247d88116__NVIC_EnableIRQE4IRQn), (26 bytes).
    Removing stm32f407_spi.o(.ARM.exidx), (8 bytes).
    Removing stm32f407_spi.o(.ARM.exidx), (8 bytes).
    Removing stm32f407_spi.o(.ARM.exidx), (8 bytes).
    Removing stm32f407_spi.o(.ARM.exidx), (8 bytes).
    Removing stm32f407_spi.o(.ARM.exidx), (8 bytes).
    Removing stm32f407_spi.o(.ARM.exidx), (8 bytes).
    Removing stm32f407_spi.o(.ARM.exidx), (8 bytes).
    Removing stm32f407_spi.o(.ARM.exidx), (8 bytes).
    Removing stm32f407_spi.o(.ARM.exidx), (8 bytes).
    Removing stm32f407_spi.o(.ARM.exidx), (8 bytes).
    Removing stm32f407_sysfunc.o(.rev16_text), (4 bytes).
    Removing stm32f407_sysfunc.o(.revsh_text), (4 bytes).
    Removing stm32f407_sysfunc.o(.rrx_text), (6 bytes).
    Removing stm32f407_sysfunc.o(i._Z11delayMicrosj), (24 bytes).
    Removing stm32f407_sysfunc.o(i._Z5delayj), (24 bytes).
    Removing stm32f407_sysfunc.o(i._Z6microsv), (32 bytes).
    Removing stm32f407_sysfunc.o(i._Z6millisv), (12 bytes).
    Removing stm32f407_sysfunc.o(i._Z7initRCCv), (332 bytes).
    Removing stm32f407_sysfunc.o(i._Z8sysStartv), (180 bytes).
    Removing stm32f407_sysfunc.o(.ARM.exidx), (8 bytes).
    Removing stm32f407_sysfunc.o(.ARM.exidx), (8 bytes).
    Removing stm32f407_sysfunc.o(.ARM.exidx), (8 bytes).
    Removing stm32f407_sysfunc.o(.ARM.exidx), (8 bytes).
    Removing stm32f407_sysfunc.o(.ARM.exidx), (8 bytes).
    Removing stm32f407_sysfunc.o(.ARM.exidx), (8 bytes).
    Removing stm32f407_sysfunc.o(.ARM.exidx), (8 bytes).
    Removing tcs34725.o(.rev16_text), (4 bytes).
    Removing tcs34725.o(.revsh_text), (4 bytes).
    Removing tcs34725.o(.rrx_text), (6 bytes).
    Removing tcs34725.o(i._Z13tcs34725_initv), (204 bytes).
    Removing tcs34725.o(i._Z16tcs34725_getDataPtS_S_S_), (82 bytes).
    Removing tcs34725.o(i._Z18tcs34725_readByteshPhh), (232 bytes).
    Removing tcs34725.o(i._Z18tcs34725_writeBytehh), (148 bytes).
    Removing tcs34725.o(i._Z27tcs34725_setIntegrationTimeh), (14 bytes).
    Removing tcs34725.o(.ARM.exidx), (8 bytes).
    Removing tcs34725.o(.ARM.exidx), (8 bytes).
    Removing tcs34725.o(.ARM.exidx), (8 bytes).
    Removing tcs34725.o(.ARM.exidx), (8 bytes).
    Removing tcs34725.o(.ARM.exidx), (8 bytes).
    Removing uart.o(.rev16_text), (4 bytes).
    Removing uart.o(.revsh_text), (4 bytes).
    Removing uart.o(.rrx_text), (6 bytes).
    Removing uart.o(i.GetUART3data), (12 bytes).
    Removing uart.o(i.GetUART6data), (12 bytes).
    Removing uart.o(.ARM.exidx), (8 bytes).
    Removing uart.o(.ARM.exidx), (8 bytes).
    Removing uart.o(.ARM.exidx), (8 bytes).
    Removing uart.o(.ARM.exidx), (8 bytes).
    Removing uart.o(.ARM.exidx), (8 bytes).
    Removing uart.o(.data), (8 bytes).
    Removing vl53l0x.o(.constdata__ZTV7vl53l0x), (20 bytes).
    Removing vl53l0x.o(.constdata__ZTVN5tasks5ITaskIjEE), (20 bytes).
    Removing vl53l0x.o(.constdata__ZTI7vl53l0x), (32 bytes).
    Removing vl53l0x.o(.constdata__ZTIN5tasks5ITaskIjEE), (8 bytes).
    Removing vl53l0x.o(.constdata__ZTI3i2c), (8 bytes).
    Removing vl53l0x.o(.constdata__ZTS7vl53l0x), (9 bytes).
    Removing vl53l0x.o(.constdata__ZTS3i2c), (5 bytes).
    Removing vl53l0x.o(.constdata__ZTSN5tasks5ITaskIjEE), (18 bytes).
    Removing vl53l0x.o(t._ZN5tasks5ITaskIjED2Ev), (2 bytes).
    Removing vl53l0x.o(.ARM.exidx), (8 bytes).
    Removing vl53l0x.o(t._ZN5tasks5ITaskIjED0Ev), (16 bytes).
    Removing vl53l0x.o(.ARM.exidx), (8 bytes).
    Removing ssd1306.o(.constdata__ZTV7SSD1306), (16 bytes).
    Removing ssd1306.o(i._Z6setPinP12GPIO_TypeDeftb), (28 bytes).
    Removing ssd1306.o(.ARM.exidx), (8 bytes).
    Removing ssd1306.o(i._Z7initPinthhh), (200 bytes).
    Removing ssd1306.o(.ARM.exidx), (8 bytes).
    Removing ssd1306.o(i._Z6setPintb), (172 bytes).
    Removing ssd1306.o(.ARM.exidx), (8 bytes).
    Removing ssd1306.o(i._ZN7SSD130612fastSPIwriteEh), (18 bytes).
    Removing ssd1306.o(.ARM.exidx), (8 bytes).
    Removing ssd1306.o(.constdata__ZTI7SSD1306), (8 bytes).
    Removing ssd1306.o(.data__ZZN7SSD130621drawFastVLineInternalEssstE7premask), (8 bytes).
    Removing ssd1306.o(.data__ZZN7SSD130621drawFastVLineInternalEssstE8postmask), (8 bytes).
    Removing ssd1306.o(.constdata__ZTS7SSD1306), (9 bytes).

1448 unused section(s) (total 104500 bytes) removed from the image.

==============================================================================

Image Symbol Table

    Local Symbols

    Symbol Name                              Value     Ov Type        Size  Object(Section)

    ../../../edgfe/lib_src/arm_exceptions.c  0x00000000   Number         0  arm_exceptions_support.o ABSOLUTE
    ../../../edgfe/lib_src/arm_exceptions.c  0x00000000   Number         0  arm_exceptions_callterm.o ABSOLUTE
    ../../../edgfe/lib_src/arm_exceptions.c  0x00000000   Number         0  arm_exceptions_mem.o ABSOLUTE
    ../../../edgfe/lib_src/arm_exceptions.c  0x00000000   Number         0  arm_exceptions_terminate.o ABSOLUTE
    ../../../edgfe/lib_src/arm_exceptions.c  0x00000000   Number         0  arm_exceptions_globs.o ABSOLUTE
    ../../../edgfe/lib_src/arm_noexceptions.c 0x00000000   Number         0  arm_begincatch_noexceptions.o ABSOLUTE
    ../../../edgfe/lib_src/delete.c          0x00000000   Number         0  delete.o ABSOLUTE
    ../../../edgfe/lib_src/pure_virt.c       0x00000000   Number         0  pure_virt.o ABSOLUTE
    ../../../edgfe/lib_src/typeinfo.c        0x00000000   Number         0  type_info_dtor.o ABSOLUTE
    ../../../edgfe/lib_src/typeinfo.c        0x00000000   Number         0  lib_rtti_impl.o ABSOLUTE
    ../clib/angel/boardlib.s                 0x00000000   Number         0  boardshut.o ABSOLUTE
    ../clib/angel/boardlib.s                 0x00000000   Number         0  boardinit3.o ABSOLUTE
    ../clib/angel/boardlib.s                 0x00000000   Number         0  boardinit2.o ABSOLUTE
    ../clib/angel/boardlib.s                 0x00000000   Number         0  boardinit1.o ABSOLUTE
    ../clib/angel/handlers.s                 0x00000000   Number         0  __scatter_zi.o ABSOLUTE
    ../clib/angel/handlers.s                 0x00000000   Number         0  __scatter_copy.o ABSOLUTE
    ../clib/angel/kernel.s                   0x00000000   Number         0  rtexit2.o ABSOLUTE
    ../clib/angel/kernel.s                   0x00000000   Number         0  rtexit.o ABSOLUTE
    ../clib/angel/kernel.s                   0x00000000   Number         0  __rtentry2.o ABSOLUTE
    ../clib/angel/kernel.s                   0x00000000   Number         0  __rtentry4.o ABSOLUTE
    ../clib/angel/kernel.s                   0x00000000   Number         0  __rtentry.o ABSOLUTE
    ../clib/angel/rt.s                       0x00000000   Number         0  rt_heap_descriptor_intlibspace.o ABSOLUTE
    ../clib/angel/rt.s                       0x00000000   Number         0  rt_heap_descriptor.o ABSOLUTE
    ../clib/angel/rt.s                       0x00000000   Number         0  rt_raise.o ABSOLUTE
    ../clib/angel/rt.s                       0x00000000   Number         0  rt_eh_globals_addr.o ABSOLUTE
    ../clib/angel/rt.s                       0x00000000   Number         0  rt_eh_globals_addr_intlibspace.o ABSOLUTE
    ../clib/angel/rt.s                       0x00000000   Number         0  rt_errno_addr_intlibspace.o ABSOLUTE
    ../clib/angel/rt.s                       0x00000000   Number         0  rt_errno_addr.o ABSOLUTE
    ../clib/angel/scatter.s                  0x00000000   Number         0  __scatter.o ABSOLUTE
    ../clib/angel/startup.s                  0x00000000   Number         0  __main.o ABSOLUTE
    ../clib/angel/sys.s                      0x00000000   Number         0  libspace.o ABSOLUTE
    ../clib/angel/sys.s                      0x00000000   Number         0  use_no_semi.o ABSOLUTE
    ../clib/angel/sys.s                      0x00000000   Number         0  sys_stackheap_outer.o ABSOLUTE
    ../clib/angel/sys.s                      0x00000000   Number         0  mutex_dummy.o ABSOLUTE
    ../clib/armsys.c                         0x00000000   Number         0  no_argv.o ABSOLUTE
    ../clib/armsys.c                         0x00000000   Number         0  _get_argv_nomalloc.o ABSOLUTE
    ../clib/armsys.c                         0x00000000   Number         0  _get_argv.o ABSOLUTE
    ../clib/armsys.c                         0x00000000   Number         0  argv_veneer.o ABSOLUTE
    ../clib/armsys.c                         0x00000000   Number         0  argv_veneer.o ABSOLUTE
    ../clib/fenv.c                           0x00000000   Number         0  _rserrno.o ABSOLUTE
    ../clib/heap1.c                          0x00000000   Number         0  h1_final_mt.o ABSOLUTE
    ../clib/heap1.c                          0x00000000   Number         0  h1_init.o ABSOLUTE
    ../clib/heap1.c                          0x00000000   Number         0  h1_extend.o ABSOLUTE
    ../clib/heap1.c                          0x00000000   Number         0  h1_alloc_mt.o ABSOLUTE
    ../clib/heap1.c                          0x00000000   Number         0  h1_init_mt.o ABSOLUTE
    ../clib/heap1.c                          0x00000000   Number         0  h1_alloc.o ABSOLUTE
    ../clib/heap1.c                          0x00000000   Number         0  h1_extend_mt.o ABSOLUTE
    ../clib/heap1.c                          0x00000000   Number         0  h1_free_mt.o ABSOLUTE
    ../clib/heap1.c                          0x00000000   Number         0  h1_final.o ABSOLUTE
    ../clib/heap1.c                          0x00000000   Number         0  h1_free.o ABSOLUTE
    ../clib/heap2.c                          0x00000000   Number         0  heap2.o ABSOLUTE
    ../clib/heap2.c                          0x00000000   Number         0  heap2mt.o ABSOLUTE
    ../clib/heap2.c                          0x00000000   Number         0  fdtree.o ABSOLUTE
    ../clib/heapalloc.c                      0x00000000   Number         0  maybetermalloc2.o ABSOLUTE
    ../clib/heapalloc.c                      0x00000000   Number         0  init_alloc.o ABSOLUTE
    ../clib/heapalloc.c                      0x00000000   Number         0  malloc.o ABSOLUTE
    ../clib/heapalloc.c                      0x00000000   Number         0  heapstubs.o ABSOLUTE
    ../clib/heapalloc.c                      0x00000000   Number         0  free.o ABSOLUTE
    ../clib/heapalloc.c                      0x00000000   Number         0  term_alloc.o ABSOLUTE
    ../clib/heapalloc.c                      0x00000000   Number         0  hrguard.o ABSOLUTE
    ../clib/heapalloc.c                      0x00000000   Number         0  maybetermalloc2.o ABSOLUTE
    ../clib/heapalloc.c                      0x00000000   Number         0  hguard.o ABSOLUTE
    ../clib/heapalloc.c                      0x00000000   Number         0  maybetermalloc1.o ABSOLUTE
    ../clib/heapalloc.c                      0x00000000   Number         0  maybetermalloc1.o ABSOLUTE
    ../clib/heapaux.c                        0x00000000   Number         0  heapauxi.o ABSOLUTE
    ../clib/heapaux.c                        0x00000000   Number         0  heapauxa.o ABSOLUTE
    ../clib/libinit.s                        0x00000000   Number         0  libshutdown.o ABSOLUTE
    ../clib/libinit.s                        0x00000000   Number         0  libshutdown2.o ABSOLUTE
    ../clib/libinit.s                        0x00000000   Number         0  libinit.o ABSOLUTE
    ../clib/libinit.s                        0x00000000   Number         0  libinit2.o ABSOLUTE
    ../clib/memcpset.s                       0x00000000   Number         0  rt_memclr_w.o ABSOLUTE
    ../clib/memcpset.s                       0x00000000   Number         0  rt_memcpy_w.o ABSOLUTE
    ../clib/memcpset.s                       0x00000000   Number         0  rt_memcpy_v6.o ABSOLUTE
    ../clib/memcpset.s                       0x00000000   Number         0  rt_memclr.o ABSOLUTE
    ../clib/signal.c                         0x00000000   Number         0  defsig_abrt_inner.o ABSOLUTE
    ../clib/signal.c                         0x00000000   Number         0  defsig_other.o ABSOLUTE
    ../clib/signal.c                         0x00000000   Number         0  defsig_cppl_inner.o ABSOLUTE
    ../clib/signal.c                         0x00000000   Number         0  defsig_stak_inner.o ABSOLUTE
    ../clib/signal.c                         0x00000000   Number         0  defsig_rtred_inner.o ABSOLUTE
    ../clib/signal.c                         0x00000000   Number         0  defsig_pvfn_outer.o ABSOLUTE
    ../clib/signal.c                         0x00000000   Number         0  defsig_fpe_inner.o ABSOLUTE
    ../clib/signal.c                         0x00000000   Number         0  defsig_pvfn_formal.o ABSOLUTE
    ../clib/signal.c                         0x00000000   Number         0  defsig_rtmem_inner.o ABSOLUTE
    ../clib/signal.c                         0x00000000   Number         0  defsig_abrt_formal.o ABSOLUTE
    ../clib/signal.c                         0x00000000   Number         0  defsig_abrt_outer.o ABSOLUTE
    ../clib/signal.c                         0x00000000   Number         0  defsig_segv_inner.o ABSOLUTE
    ../clib/signal.c                         0x00000000   Number         0  defsig_rtmem_formal.o ABSOLUTE
    ../clib/signal.c                         0x00000000   Number         0  defsig_rtmem_outer.o ABSOLUTE
    ../clib/signal.c                         0x00000000   Number         0  defsig_general.o ABSOLUTE
    ../clib/signal.c                         0x00000000   Number         0  __raise.o ABSOLUTE
    ../clib/signal.c                         0x00000000   Number         0  defsig_exit.o ABSOLUTE
    ../clib/signal.c                         0x00000000   Number         0  defsig_pvfn_inner.o ABSOLUTE
    ../clib/signal.s                         0x00000000   Number         0  defsig.o ABSOLUTE
    ../clib/stdlib.c                         0x00000000   Number         0  abort.o ABSOLUTE
    ../clib/stdlib.c                         0x00000000   Number         0  exit.o ABSOLUTE
    ../clib/string.c                         0x00000000   Number         0  strcpy.o ABSOLUTE
    ../fplib/basic.s                         0x00000000   Number         0  basic.o ABSOLUTE
    ../fplib/daddsub.s                       0x00000000   Number         0  daddsub_clz.o ABSOLUTE
    ../fplib/dcheck1.s                       0x00000000   Number         0  dcheck1.o ABSOLUTE
    ../fplib/dcmpi.s                         0x00000000   Number         0  dcmpi.o ABSOLUTE
    ../fplib/ddiv.s                          0x00000000   Number         0  ddiv.o ABSOLUTE
    ../fplib/dfixu.s                         0x00000000   Number         0  dfixu.o ABSOLUTE
    ../fplib/dflt.s                          0x00000000   Number         0  dflt_clz.o ABSOLUTE
    ../fplib/dleqf.s                         0x00000000   Number         0  dleqf.o ABSOLUTE
    ../fplib/dmul.s                          0x00000000   Number         0  dmul.o ABSOLUTE
    ../fplib/dnaninf.s                       0x00000000   Number         0  dnaninf.o ABSOLUTE
    ../fplib/dretinf.s                       0x00000000   Number         0  dretinf.o ABSOLUTE
    ../fplib/drleqf.s                        0x00000000   Number         0  drleqf.o ABSOLUTE
    ../fplib/dsqrt.s                         0x00000000   Number         0  dsqrt_umaal.o ABSOLUTE
    ../fplib/fpinit.s                        0x00000000   Number         0  fpinit.o ABSOLUTE
    ../fplib/retnan.s                        0x00000000   Number         0  retnan.o ABSOLUTE
    ../fplib/scalbn.s                        0x00000000   Number         0  scalbn.o ABSOLUTE
    ../fplib/trapv.s                         0x00000000   Number         0  trapv.o ABSOLUTE
    ../fplib/usenofp.s                       0x00000000   Number         0  usenofp.o ABSOLUTE
    ../mathlib/dunder.c                      0x00000000   Number         0  dunder.o ABSOLUTE
    ../mathlib/fabs.c                        0x00000000   Number         0  fabs.o ABSOLUTE
    ../mathlib/fpclassify.c                  0x00000000   Number         0  fpclassify.o ABSOLUTE
    ../mathlib/poly.c                        0x00000000   Number         0  poly.o ABSOLUTE
    ../mathlib/pow.c                         0x00000000   Number         0  pow.o ABSOLUTE
    ../mathlib/pow.c                         0x00000000   Number         0  pow_x.o ABSOLUTE
    ../mathlib/qnan.c                        0x00000000   Number         0  qnan.o ABSOLUTE
    ../mathlib/sqrt.c                        0x00000000   Number         0  sqrt_x.o ABSOLUTE
    ../mathlib/sqrt.c                        0x00000000   Number         0  sqrt.o ABSOLUTE
    dc.s                                     0x00000000   Number         0  dc.o ABSOLUTE
    src\\external\\retarget.cpp              0x00000000   Number         0  retarget.o ABSOLUTE
    src\\librares\\analog_input.cpp          0x00000000   Number         0  analog_input.o ABSOLUTE
    src\\librares\\i2c.cpp                   0x00000000   Number         0  i2c.o ABSOLUTE
    src\\librares\\irqs\\irqs.c              0x00000000   Number         0  irqs.o ABSOLUTE
    src\\librares\\periph_library\\src\\stm32f407_SPI.cpp 0x00000000   Number         0  stm32f407_spi.o ABSOLUTE
    src\\librares\\periph_library\\src\\stm32f407_pin.cpp 0x00000000   Number         0  stm32f407_pin.o ABSOLUTE
    src\\librares\\periph_library\\src\\stm32f407_sysFunc.cpp 0x00000000   Number         0  stm32f407_sysfunc.o ABSOLUTE
    src\\librares\\pwm\\pwm.c                0x00000000   Number         0  pwm.o ABSOLUTE
    src\\librares\\softI2C.cpp               0x00000000   Number         0  softi2c.o ABSOLUTE
    src\\librares\\ssd1306\\SSD1306\\src\\SSD1306.cpp 0x00000000   Number         0  ssd1306.o ABSOLUTE
    src\\librares\\tcs34725\\tcs34725.c      0x00000000   Number         0  tcs34725.o ABSOLUTE
    src\\librares\\uart\\uart.c              0x00000000   Number         0  uart.o ABSOLUTE
    src\\librares\\vl53l0x\\platform\\vl53l0x_platform.cpp 0x00000000   Number         0  vl53l0x_platform.o ABSOLUTE
    src\\librares\\vl53l0x\\vl53l0x.cpp      0x00000000   Number         0  vl53l0x.o ABSOLUTE
    src\\main\\main.cpp                      0x00000000   Number         0  main.o ABSOLUTE
    src\\main\\system_stm32f4xx.c            0x00000000   Number         0  system_stm32f4xx.o ABSOLUTE
    src\\spl4\\src\\misc.c                   0x00000000   Number         0  misc.o ABSOLUTE
    src\\spl4\\src\\stm32f4xx_adc.c          0x00000000   Number         0  stm32f4xx_adc.o ABSOLUTE
    src\\spl4\\src\\stm32f4xx_dma.c          0x00000000   Number         0  stm32f4xx_dma.o ABSOLUTE
    src\\spl4\\src\\stm32f4xx_dma2d.c        0x00000000   Number         0  stm32f4xx_dma2d.o ABSOLUTE
    src\\spl4\\src\\stm32f4xx_exti.c         0x00000000   Number         0  stm32f4xx_exti.o ABSOLUTE
    src\\spl4\\src\\stm32f4xx_gpio.c         0x00000000   Number         0  stm32f4xx_gpio.o ABSOLUTE
    src\\spl4\\src\\stm32f4xx_i2c.c          0x00000000   Number         0  stm32f4xx_i2c.o ABSOLUTE
    src\\spl4\\src\\stm32f4xx_rcc.c          0x00000000   Number         0  stm32f4xx_rcc.o ABSOLUTE
    src\\spl4\\src\\stm32f4xx_spi.c          0x00000000   Number         0  stm32f4xx_spi.o ABSOLUTE
    src\\spl4\\src\\stm32f4xx_syscfg.c       0x00000000   Number         0  stm32f4xx_syscfg.o ABSOLUTE
    src\\spl4\\src\\stm32f4xx_tim.c          0x00000000   Number         0  stm32f4xx_tim.o ABSOLUTE
    src\\spl4\\src\\stm32f4xx_usart.c        0x00000000   Number         0  stm32f4xx_usart.o ABSOLUTE
    src\\time_service\\time_service.cpp      0x00000000   Number         0  time_service.o ABSOLUTE
    src\external\retarget.cpp                0x00000000   Number         0  retarget.o ABSOLUTE
    src\librares\analog_input.cpp            0x00000000   Number         0  analog_input.o ABSOLUTE
    src\librares\i2c.cpp                     0x00000000   Number         0  i2c.o ABSOLUTE
    src\librares\irqs\irqs.c                 0x00000000   Number         0  irqs.o ABSOLUTE
    src\librares\periph_library\src\stm32f407_SPI.cpp 0x00000000   Number         0  stm32f407_spi.o ABSOLUTE
    src\librares\periph_library\src\stm32f407_pin.cpp 0x00000000   Number         0  stm32f407_pin.o ABSOLUTE
    src\librares\periph_library\src\stm32f407_sysFunc.cpp 0x00000000   Number         0  stm32f407_sysfunc.o ABSOLUTE
    src\librares\pwm\pwm.c                   0x00000000   Number         0  pwm.o ABSOLUTE
    src\librares\softI2C.cpp                 0x00000000   Number         0  softi2c.o ABSOLUTE
    src\librares\ssd1306\SSD1306\src\SSD1306.cpp 0x00000000   Number         0  ssd1306.o ABSOLUTE
    src\librares\tcs34725\tcs34725.c         0x00000000   Number         0  tcs34725.o ABSOLUTE
    src\librares\uart\uart.c                 0x00000000   Number         0  uart.o ABSOLUTE
    src\librares\vl53l0x\core\src\vl53l0x_api.c 0x00000000   Number         0  vl53l0x_api.o ABSOLUTE
    src\librares\vl53l0x\core\src\vl53l0x_api_calibration.c 0x00000000   Number         0  vl53l0x_api_calibration.o ABSOLUTE
    src\librares\vl53l0x\core\src\vl53l0x_api_core.c 0x00000000   Number         0  vl53l0x_api_core.o ABSOLUTE
    src\librares\vl53l0x\core\src\vl53l0x_api_ranging.c 0x00000000   Number         0  vl53l0x_api_ranging.o ABSOLUTE
    src\librares\vl53l0x\core\src\vl53l0x_api_strings.c 0x00000000   Number         0  vl53l0x_api_strings.o ABSOLUTE
    src\librares\vl53l0x\platform\vl53l0x_platform.cpp 0x00000000   Number         0  vl53l0x_platform.o ABSOLUTE
    src\librares\vl53l0x\vl53l0x.cpp         0x00000000   Number         0  vl53l0x.o ABSOLUTE
    src\main\main.cpp                        0x00000000   Number         0  main.o ABSOLUTE
    src\main\startup_stm32f407xx.s           0x00000000   Number         0  startup_stm32f407xx.o ABSOLUTE
    src\main\system_stm32f4xx.c              0x00000000   Number         0  system_stm32f4xx.o ABSOLUTE
    src\spl4\src\misc.c                      0x00000000   Number         0  misc.o ABSOLUTE
    src\spl4\src\stm32f4xx_adc.c             0x00000000   Number         0  stm32f4xx_adc.o ABSOLUTE
    src\spl4\src\stm32f4xx_dma.c             0x00000000   Number         0  stm32f4xx_dma.o ABSOLUTE
    src\spl4\src\stm32f4xx_dma2d.c           0x00000000   Number         0  stm32f4xx_dma2d.o ABSOLUTE
    src\spl4\src\stm32f4xx_exti.c            0x00000000   Number         0  stm32f4xx_exti.o ABSOLUTE
    src\spl4\src\stm32f4xx_gpio.c            0x00000000   Number         0  stm32f4xx_gpio.o ABSOLUTE
    src\spl4\src\stm32f4xx_i2c.c             0x00000000   Number         0  stm32f4xx_i2c.o ABSOLUTE
    src\spl4\src\stm32f4xx_rcc.c             0x00000000   Number         0  stm32f4xx_rcc.o ABSOLUTE
    src\spl4\src\stm32f4xx_spi.c             0x00000000   Number         0  stm32f4xx_spi.o ABSOLUTE
    src\spl4\src\stm32f4xx_syscfg.c          0x00000000   Number         0  stm32f4xx_syscfg.o ABSOLUTE
    src\spl4\src\stm32f4xx_tim.c             0x00000000   Number         0  stm32f4xx_tim.o ABSOLUTE
    src\spl4\src\stm32f4xx_usart.c           0x00000000   Number         0  stm32f4xx_usart.o ABSOLUTE
    src\time_service\time_service.cpp        0x00000000   Number         0  time_service.o ABSOLUTE
    RESET                                    0x08000000   Section      392  startup_stm32f407xx.o(RESET)
    !!!main                                  0x08000188   Section        8  __main.o(!!!main)
    !!!scatter                               0x08000190   Section       52  __scatter.o(!!!scatter)
    !!handler_copy                           0x080001c4   Section       26  __scatter_copy.o(!!handler_copy)
    !!handler_zi                             0x080001e0   Section       28  __scatter_zi.o(!!handler_zi)
    .ARM.Collect$$libinit$$00000000          0x080001fc   Section        2  libinit.o(.ARM.Collect$$libinit$$00000000)
    .ARM.Collect$$libinit$$00000001          0x080001fe   Section        4  libinit2.o(.ARM.Collect$$libinit$$00000001)
    .ARM.Collect$$libinit$$00000004          0x08000202   Section        0  libinit2.o(.ARM.Collect$$libinit$$00000004)
    .ARM.Collect$$libinit$$0000000A          0x08000202   Section        0  libinit2.o(.ARM.Collect$$libinit$$0000000A)
    .ARM.Collect$$libinit$$0000000C          0x08000202   Section        0  libinit2.o(.ARM.Collect$$libinit$$0000000C)
    .ARM.Collect$$libinit$$0000000E          0x08000202   Section        0  libinit2.o(.ARM.Collect$$libinit$$0000000E)
    .ARM.Collect$$libinit$$00000011          0x08000202   Section        0  libinit2.o(.ARM.Collect$$libinit$$00000011)
    .ARM.Collect$$libinit$$00000013          0x08000202   Section        0  libinit2.o(.ARM.Collect$$libinit$$00000013)
    .ARM.Collect$$libinit$$00000015          0x08000202   Section        0  libinit2.o(.ARM.Collect$$libinit$$00000015)
    .ARM.Collect$$libinit$$00000017          0x08000202   Section        0  libinit2.o(.ARM.Collect$$libinit$$00000017)
    .ARM.Collect$$libinit$$00000019          0x08000202   Section        0  libinit2.o(.ARM.Collect$$libinit$$00000019)
    .ARM.Collect$$libinit$$0000001B          0x08000202   Section        0  libinit2.o(.ARM.Collect$$libinit$$0000001B)
    .ARM.Collect$$libinit$$0000001D          0x08000202   Section        0  libinit2.o(.ARM.Collect$$libinit$$0000001D)
    .ARM.Collect$$libinit$$0000001F          0x08000202   Section        0  libinit2.o(.ARM.Collect$$libinit$$0000001F)
    .ARM.Collect$$libinit$$00000021          0x08000202   Section        0  libinit2.o(.ARM.Collect$$libinit$$00000021)
    .ARM.Collect$$libinit$$00000023          0x08000202   Section        0  libinit2.o(.ARM.Collect$$libinit$$00000023)
    .ARM.Collect$$libinit$$00000025          0x08000202   Section        0  libinit2.o(.ARM.Collect$$libinit$$00000025)
    .ARM.Collect$$libinit$$0000002C          0x08000202   Section        0  libinit2.o(.ARM.Collect$$libinit$$0000002C)
    .ARM.Collect$$libinit$$0000002E          0x08000202   Section        0  libinit2.o(.ARM.Collect$$libinit$$0000002E)
    .ARM.Collect$$libinit$$00000030          0x08000202   Section        0  libinit2.o(.ARM.Collect$$libinit$$00000030)
    .ARM.Collect$$libinit$$00000032          0x08000202   Section        0  libinit2.o(.ARM.Collect$$libinit$$00000032)
    .ARM.Collect$$libinit$$00000033          0x08000202   Section        2  libinit2.o(.ARM.Collect$$libinit$$00000033)
    .ARM.Collect$$libshutdown$$00000000      0x08000204   Section        2  libshutdown.o(.ARM.Collect$$libshutdown$$00000000)
    .ARM.Collect$$libshutdown$$00000002      0x08000206   Section        0  libshutdown2.o(.ARM.Collect$$libshutdown$$00000002)
    .ARM.Collect$$libshutdown$$00000004      0x08000206   Section        0  libshutdown2.o(.ARM.Collect$$libshutdown$$00000004)
    .ARM.Collect$$libshutdown$$00000006      0x08000206   Section        0  libshutdown2.o(.ARM.Collect$$libshutdown$$00000006)
    .ARM.Collect$$libshutdown$$00000009      0x08000206   Section        0  libshutdown2.o(.ARM.Collect$$libshutdown$$00000009)
    .ARM.Collect$$libshutdown$$0000000C      0x08000206   Section        0  libshutdown2.o(.ARM.Collect$$libshutdown$$0000000C)
    .ARM.Collect$$libshutdown$$0000000E      0x08000206   Section        0  libshutdown2.o(.ARM.Collect$$libshutdown$$0000000E)
    .ARM.Collect$$libshutdown$$00000011      0x08000206   Section        0  libshutdown2.o(.ARM.Collect$$libshutdown$$00000011)
    .ARM.Collect$$libshutdown$$00000012      0x08000206   Section        2  libshutdown2.o(.ARM.Collect$$libshutdown$$00000012)
    .ARM.Collect$$rtentry$$00000000          0x08000208   Section        0  __rtentry.o(.ARM.Collect$$rtentry$$00000000)
    .ARM.Collect$$rtentry$$00000002          0x08000208   Section        0  __rtentry2.o(.ARM.Collect$$rtentry$$00000002)
    .ARM.Collect$$rtentry$$00000004          0x08000208   Section        6  __rtentry4.o(.ARM.Collect$$rtentry$$00000004)
    .ARM.Collect$$rtentry$$00000009          0x0800020e   Section        0  __rtentry2.o(.ARM.Collect$$rtentry$$00000009)
    .ARM.Collect$$rtentry$$0000000A          0x0800020e   Section        4  __rtentry2.o(.ARM.Collect$$rtentry$$0000000A)
    .ARM.Collect$$rtentry$$0000000C          0x08000212   Section        0  __rtentry2.o(.ARM.Collect$$rtentry$$0000000C)
    .ARM.Collect$$rtentry$$0000000D          0x08000212   Section        8  __rtentry2.o(.ARM.Collect$$rtentry$$0000000D)
    .ARM.Collect$$rtexit$$00000000           0x0800021a   Section        2  rtexit.o(.ARM.Collect$$rtexit$$00000000)
    .ARM.Collect$$rtexit$$00000002           0x0800021c   Section        0  rtexit2.o(.ARM.Collect$$rtexit$$00000002)
    .ARM.Collect$$rtexit$$00000003           0x0800021c   Section        4  rtexit2.o(.ARM.Collect$$rtexit$$00000003)
    .ARM.Collect$$rtexit$$00000004           0x08000220   Section        6  rtexit2.o(.ARM.Collect$$rtexit$$00000004)
    .text                                    0x08000228   Section       64  startup_stm32f407xx.o(.text)
    $v0                                      0x08000228   Number         0  startup_stm32f407xx.o(.text)
    .text                                    0x08000268   Section        2  use_no_semi.o(.text)
    .text                                    0x0800026a   Section        0  heapauxi.o(.text)
    .text                                    0x08000270   Section        8  libspace.o(.text)
    .text                                    0x08000278   Section       74  sys_stackheap_outer.o(.text)
    .text                                    0x080002c2   Section        0  exit.o(.text)
    i.EXTI15_10_IRQHandler                   0x080002d4   Section        0  irqs.o(i.EXTI15_10_IRQHandler)
    i.EXTI2_IRQHandler                       0x08000380   Section        0  irqs.o(i.EXTI2_IRQHandler)
    i.EXTI3_IRQHandler                       0x080003a8   Section        0  irqs.o(i.EXTI3_IRQHandler)
    i.EXTI_ClearFlag                         0x080003d0   Section        0  stm32f4xx_exti.o(i.EXTI_ClearFlag)
    i.EXTI_GetITStatus                       0x08000410   Section        0  stm32f4xx_exti.o(i.EXTI_GetITStatus)
    i.EXTI_Init                              0x080004d8   Section        0  stm32f4xx_exti.o(i.EXTI_Init)
    i.GPIO_Init                              0x080005e8   Section        0  stm32f4xx_gpio.o(i.GPIO_Init)
    i.GPIO_PinAFConfig                       0x08000794   Section        0  stm32f4xx_gpio.o(i.GPIO_PinAFConfig)
    i.GPIO_ReadInputDataBit                  0x08000940   Section        0  stm32f4xx_gpio.o(i.GPIO_ReadInputDataBit)
    i.GPIO_StructInit                        0x08000a50   Section        0  stm32f4xx_gpio.o(i.GPIO_StructInit)
    i.InitUART3                              0x08000a64   Section        0  uart.o(i.InitUART3)
    i.InitUART6                              0x08000b20   Section        0  uart.o(i.InitUART6)
    i.NVIC_Init                              0x08000be8   Section        0  misc.o(i.NVIC_Init)
    i.RCC_AHB1PeriphClockCmd                 0x08000cac   Section        0  stm32f4xx_rcc.o(i.RCC_AHB1PeriphClockCmd)
    i.RCC_APB1PeriphClockCmd                 0x08000d1c   Section        0  stm32f4xx_rcc.o(i.RCC_APB1PeriphClockCmd)
    i.RCC_APB2PeriphClockCmd                 0x08000d88   Section        0  stm32f4xx_rcc.o(i.RCC_APB2PeriphClockCmd)
    i.RCC_GetClocksFreq                      0x08000df8   Section        0  stm32f4xx_rcc.o(i.RCC_GetClocksFreq)
    i.SPI1_IRQHandler                        0x08000ee0   Section        0  stm32f407_spi.o(i.SPI1_IRQHandler)
    i.SPI2_IRQHandler                        0x08000eea   Section        0  stm32f407_spi.o(i.SPI2_IRQHandler)
    i.SPI3_IRQHandler                        0x08000ef4   Section        0  stm32f407_spi.o(i.SPI3_IRQHandler)
    i.SYSCFG_EXTILineConfig                  0x08000f00   Section        0  stm32f4xx_syscfg.o(i.SYSCFG_EXTILineConfig)
    i.SysTick_Handler                        0x08000fe0   Section        0  time_service.o(i.SysTick_Handler)
    i.SystemInit                             0x08000ff0   Section        0  system_stm32f4xx.o(i.SystemInit)
    i.TIM7_IRQHandler                        0x08001058   Section        0  stm32f407_sysfunc.o(i.TIM7_IRQHandler)
    i.USART_Cmd                              0x08001084   Section        0  stm32f4xx_usart.o(i.USART_Cmd)
    i.USART_ITConfig                         0x08001144   Section        0  stm32f4xx_usart.o(i.USART_ITConfig)
    i.USART_Init                             0x080012a8   Section        0  stm32f4xx_usart.o(i.USART_Init)
    i._Z19SPIInterruptHandlerj               0x080014e0   Section        0  stm32f407_spi.o(i._Z19SPIInterruptHandlerj)
    i._ZN27_INTERNAL_6_uart_c_72988eb216__NVIC_EnableIRQE4IRQn 0x08001528   Section        0  uart.o(i._ZN27_INTERNAL_6_uart_c_72988eb216__NVIC_EnableIRQE4IRQn)
    [local to uart_c]::__NVIC_EnableIRQ(IRQn) 0x08001529   Thumb Code    26  uart.o(i._ZN27_INTERNAL_6_uart_c_72988eb216__NVIC_EnableIRQE4IRQn)
    i._ZN40_INTERNAL_18_system_stm32f4xx_c_5d646a6711SetSysClockEv 0x08001544   Section        0  system_stm32f4xx.o(i._ZN40_INTERNAL_18_system_stm32f4xx_c_5d646a6711SetSysClockEv)
    [local to system_stm32f4xx_c]::SetSysClock() 0x08001545   Thumb Code   220  system_stm32f4xx.o(i._ZN40_INTERNAL_18_system_stm32f4xx_c_5d646a6711SetSysClockEv)
    i._sys_exit                              0x08001630   Section        0  retarget.o(i._sys_exit)
    i.assert_failed                          0x08001634   Section        0  retarget.o(i.assert_failed)
    i.initEXTI                               0x0800163e   Section        0  irqs.o(i.initEXTI)
    i.initEndstops                           0x080016f4   Section        0  irqs.o(i.initEndstops)
    i.initNVIC                               0x08001794   Section        0  irqs.o(i.initNVIC)
    i.main                                   0x080017f2   Section        0  main.o(i.main)
    x$fpl$fpinit                             0x0800186c   Section       10  fpinit.o(x$fpl$fpinit)
    $v0                                      0x0800186c   Number         0  fpinit.o(x$fpl$fpinit)
    .constdata                               0x08001876   Section       61  retarget.o(.constdata)
    __tagsym$$used                           0x08001876   Number         0  retarget.o(.constdata)
    date_time_commit                         0x08001876   Data          61  retarget.o(.constdata)
    .data                                    0x20000000   Section        4  time_service.o(.data)
    .data                                    0x20000004   Section       16  stm32f4xx_rcc.o(.data)
    APBAHBPrescTable                         0x20000004   Data          16  stm32f4xx_rcc.o(.data)
    .data                                    0x20000018   Section       36  irqs.o(.data)
    .data                                    0x2000003c   Section        6  stm32f407_spi.o(.data)
    .data                                    0x20000044   Section        4  stm32f407_sysfunc.o(.data)
    .bss                                     0x20000048   Section       96  libspace.o(.bss)
    HEAP                                     0x200000a8   Section      512  startup_stm32f407xx.o(HEAP)
    Heap_Mem                                 0x200000a8   Data         512  startup_stm32f407xx.o(HEAP)
    STACK                                    0x200002a8   Section     1024  startup_stm32f407xx.o(STACK)
    Stack_Mem                                0x200002a8   Data        1024  startup_stm32f407xx.o(STACK)
    __initial_sp                             0x200006a8   Data           0  startup_stm32f407xx.o(STACK)

    Global Symbols

    Symbol Name                              Value     Ov Type        Size  Object(Section)

    BuildAttributes$$THM_ISAv4$E$P$D$K$B$S$7EM$VFPi3$EXTD16$VFPS$VFMA$PE$A:L22UL41UL21$X:L11$S22US41US21$IEEE1$IW$USESV6$~STKCKD$USESV7$~SHL$OTIME$ROPI$IEEEX$EBA8$UX$STANDARDLIB$REQ8$PRES8$EABIv2 0x00000000   Number         0  anon$$obj.o ABSOLUTE
    __ARM_use_no_argv                        0x00000000   Number         0  main.o ABSOLUTE
    __ARM::default_unexpected_handler()       - Undefined Weak Reference
    __ARM_exceptions_buffer_required          - Undefined Weak Reference
    __ARM_exceptions_init                     - Undefined Weak Reference
    __alloca_initialize                       - Undefined Weak Reference
    __arm_fini_                               - Undefined Weak Reference
    __arm_preinit_                            - Undefined Weak Reference
    __cpp_initialize__aeabi_                  - Undefined Weak Reference
    __cxa_finalize                            - Undefined Weak Reference
    __rt_locale                               - Undefined Weak Reference
    __sigvec_lookup                           - Undefined Weak Reference
    __user_heap_extent                        - Undefined Weak Reference
    _atexit_init                              - Undefined Weak Reference
    _call_atexit_fns                          - Undefined Weak Reference
    _clock_init                               - Undefined Weak Reference
    _fp_trap_init                             - Undefined Weak Reference
    _fp_trap_shutdown                         - Undefined Weak Reference
    _get_lc_collate                           - Undefined Weak Reference
    _get_lc_ctype                             - Undefined Weak Reference
    _get_lc_monetary                          - Undefined Weak Reference
    _get_lc_numeric                           - Undefined Weak Reference
    _get_lc_time                              - Undefined Weak Reference
    _getenv_init                              - Undefined Weak Reference
    _handle_redirection                       - Undefined Weak Reference
    _initio                                   - Undefined Weak Reference
    _mutex_acquire                            - Undefined Weak Reference
    _mutex_free                               - Undefined Weak Reference
    _mutex_release                            - Undefined Weak Reference
    _rand_init                                - Undefined Weak Reference
    _signal_finish                            - Undefined Weak Reference
    _signal_init                              - Undefined Weak Reference
    _terminateio                              - Undefined Weak Reference
    __Vectors_Size                           0x00000188   Number         0  startup_stm32f407xx.o ABSOLUTE
    __Vectors                                0x08000000   Data           4  startup_stm32f407xx.o(RESET)
    __Vectors_End                            0x08000188   Data           0  startup_stm32f407xx.o(RESET)
    __main                                   0x08000189   Thumb Code     8  __main.o(!!!main)
    __scatterload                            0x08000191   Thumb Code     0  __scatter.o(!!!scatter)
    __scatterload_rt2                        0x08000191   Thumb Code    44  __scatter.o(!!!scatter)
    __scatterload_rt2_thumb_only             0x08000191   Thumb Code     0  __scatter.o(!!!scatter)
    __scatterload_null                       0x0800019f   Thumb Code     0  __scatter.o(!!!scatter)
    __scatterload_copy                       0x080001c5   Thumb Code    26  __scatter_copy.o(!!handler_copy)
    __scatterload_zeroinit                   0x080001e1   Thumb Code    28  __scatter_zi.o(!!handler_zi)
    __rt_lib_init                            0x080001fd   Thumb Code     0  libinit.o(.ARM.Collect$$libinit$$00000000)
    __rt_lib_init_fp_1                       0x080001ff   Thumb Code     0  libinit2.o(.ARM.Collect$$libinit$$00000001)
    __rt_lib_init_alloca_1                   0x08000203   Thumb Code     0  libinit2.o(.ARM.Collect$$libinit$$0000002E)
    __rt_lib_init_argv_1                     0x08000203   Thumb Code     0  libinit2.o(.ARM.Collect$$libinit$$0000002C)
    __rt_lib_init_atexit_1                   0x08000203   Thumb Code     0  libinit2.o(.ARM.Collect$$libinit$$0000001B)
    __rt_lib_init_clock_1                    0x08000203   Thumb Code     0  libinit2.o(.ARM.Collect$$libinit$$00000021)
    __rt_lib_init_cpp_1                      0x08000203   Thumb Code     0  libinit2.o(.ARM.Collect$$libinit$$00000032)
    __rt_lib_init_exceptions_1               0x08000203   Thumb Code     0  libinit2.o(.ARM.Collect$$libinit$$00000030)
    __rt_lib_init_fp_trap_1                  0x08000203   Thumb Code     0  libinit2.o(.ARM.Collect$$libinit$$0000001F)
    __rt_lib_init_getenv_1                   0x08000203   Thumb Code     0  libinit2.o(.ARM.Collect$$libinit$$00000023)
    __rt_lib_init_heap_1                     0x08000203   Thumb Code     0  libinit2.o(.ARM.Collect$$libinit$$0000000A)
    __rt_lib_init_lc_collate_1               0x08000203   Thumb Code     0  libinit2.o(.ARM.Collect$$libinit$$00000011)
    __rt_lib_init_lc_ctype_1                 0x08000203   Thumb Code     0  libinit2.o(.ARM.Collect$$libinit$$00000013)
    __rt_lib_init_lc_monetary_1              0x08000203   Thumb Code     0  libinit2.o(.ARM.Collect$$libinit$$00000015)
    __rt_lib_init_lc_numeric_1               0x08000203   Thumb Code     0  libinit2.o(.ARM.Collect$$libinit$$00000017)
    __rt_lib_init_lc_time_1                  0x08000203   Thumb Code     0  libinit2.o(.ARM.Collect$$libinit$$00000019)
    __rt_lib_init_preinit_1                  0x08000203   Thumb Code     0  libinit2.o(.ARM.Collect$$libinit$$00000004)
    __rt_lib_init_rand_1                     0x08000203   Thumb Code     0  libinit2.o(.ARM.Collect$$libinit$$0000000E)
    __rt_lib_init_return                     0x08000203   Thumb Code     0  libinit2.o(.ARM.Collect$$libinit$$00000033)
    __rt_lib_init_signal_1                   0x08000203   Thumb Code     0  libinit2.o(.ARM.Collect$$libinit$$0000001D)
    __rt_lib_init_stdio_1                    0x08000203   Thumb Code     0  libinit2.o(.ARM.Collect$$libinit$$00000025)
    __rt_lib_init_user_alloc_1               0x08000203   Thumb Code     0  libinit2.o(.ARM.Collect$$libinit$$0000000C)
    __rt_lib_shutdown                        0x08000205   Thumb Code     0  libshutdown.o(.ARM.Collect$$libshutdown$$00000000)
    __rt_lib_shutdown_cpp_1                  0x08000207   Thumb Code     0  libshutdown2.o(.ARM.Collect$$libshutdown$$00000004)
    __rt_lib_shutdown_fini_1                 0x08000207   Thumb Code     0  libshutdown2.o(.ARM.Collect$$libshutdown$$00000002)
    __rt_lib_shutdown_fp_trap_1              0x08000207   Thumb Code     0  libshutdown2.o(.ARM.Collect$$libshutdown$$00000009)
    __rt_lib_shutdown_heap_1                 0x08000207   Thumb Code     0  libshutdown2.o(.ARM.Collect$$libshutdown$$00000011)
    __rt_lib_shutdown_return                 0x08000207   Thumb Code     0  libshutdown2.o(.ARM.Collect$$libshutdown$$00000012)
    __rt_lib_shutdown_signal_1               0x08000207   Thumb Code     0  libshutdown2.o(.ARM.Collect$$libshutdown$$0000000C)
    __rt_lib_shutdown_stdio_1                0x08000207   Thumb Code     0  libshutdown2.o(.ARM.Collect$$libshutdown$$00000006)
    __rt_lib_shutdown_user_alloc_1           0x08000207   Thumb Code     0  libshutdown2.o(.ARM.Collect$$libshutdown$$0000000E)
    __rt_entry                               0x08000209   Thumb Code     0  __rtentry.o(.ARM.Collect$$rtentry$$00000000)
    __rt_entry_presh_1                       0x08000209   Thumb Code     0  __rtentry2.o(.ARM.Collect$$rtentry$$00000002)
    __rt_entry_sh                            0x08000209   Thumb Code     0  __rtentry4.o(.ARM.Collect$$rtentry$$00000004)
    __rt_entry_li                            0x0800020f   Thumb Code     0  __rtentry2.o(.ARM.Collect$$rtentry$$0000000A)
    __rt_entry_postsh_1                      0x0800020f   Thumb Code     0  __rtentry2.o(.ARM.Collect$$rtentry$$00000009)
    __rt_entry_main                          0x08000213   Thumb Code     0  __rtentry2.o(.ARM.Collect$$rtentry$$0000000D)
    __rt_entry_postli_1                      0x08000213   Thumb Code     0  __rtentry2.o(.ARM.Collect$$rtentry$$0000000C)
    __rt_exit                                0x0800021b   Thumb Code     0  rtexit.o(.ARM.Collect$$rtexit$$00000000)
    __rt_exit_ls                             0x0800021d   Thumb Code     0  rtexit2.o(.ARM.Collect$$rtexit$$00000003)
    __rt_exit_prels_1                        0x0800021d   Thumb Code     0  rtexit2.o(.ARM.Collect$$rtexit$$00000002)
    __rt_exit_exit                           0x08000221   Thumb Code     0  rtexit2.o(.ARM.Collect$$rtexit$$00000004)
    Reset_Handler                            0x08000229   Thumb Code     8  startup_stm32f407xx.o(.text)
    NMI_Handler                              0x08000231   Thumb Code     2  startup_stm32f407xx.o(.text)
    HardFault_Handler                        0x08000233   Thumb Code     2  startup_stm32f407xx.o(.text)
    MemManage_Handler                        0x08000235   Thumb Code     2  startup_stm32f407xx.o(.text)
    BusFault_Handler                         0x08000237   Thumb Code     2  startup_stm32f407xx.o(.text)
    UsageFault_Handler                       0x08000239   Thumb Code     2  startup_stm32f407xx.o(.text)
    SVC_Handler                              0x0800023b   Thumb Code     2  startup_stm32f407xx.o(.text)
    DebugMon_Handler                         0x0800023d   Thumb Code     2  startup_stm32f407xx.o(.text)
    PendSV_Handler                           0x0800023f   Thumb Code     2  startup_stm32f407xx.o(.text)
    ADC_IRQHandler                           0x08000243   Thumb Code     0  startup_stm32f407xx.o(.text)
    CAN1_RX0_IRQHandler                      0x08000243   Thumb Code     0  startup_stm32f407xx.o(.text)
    CAN1_RX1_IRQHandler                      0x08000243   Thumb Code     0  startup_stm32f407xx.o(.text)
    CAN1_SCE_IRQHandler                      0x08000243   Thumb Code     0  startup_stm32f407xx.o(.text)
    CAN1_TX_IRQHandler                       0x08000243   Thumb Code     0  startup_stm32f407xx.o(.text)
    CAN2_RX0_IRQHandler                      0x08000243   Thumb Code     0  startup_stm32f407xx.o(.text)
    CAN2_RX1_IRQHandler                      0x08000243   Thumb Code     0  startup_stm32f407xx.o(.text)
    CAN2_SCE_IRQHandler                      0x08000243   Thumb Code     0  startup_stm32f407xx.o(.text)
    CAN2_TX_IRQHandler                       0x08000243   Thumb Code     0  startup_stm32f407xx.o(.text)
    DCMI_IRQHandler                          0x08000243   Thumb Code     0  startup_stm32f407xx.o(.text)
    DMA1_Stream0_IRQHandler                  0x08000243   Thumb Code     0  startup_stm32f407xx.o(.text)
    DMA1_Stream1_IRQHandler                  0x08000243   Thumb Code     0  startup_stm32f407xx.o(.text)
    DMA1_Stream2_IRQHandler                  0x08000243   Thumb Code     0  startup_stm32f407xx.o(.text)
    DMA1_Stream3_IRQHandler                  0x08000243   Thumb Code     0  startup_stm32f407xx.o(.text)
    DMA1_Stream4_IRQHandler                  0x08000243   Thumb Code     0  startup_stm32f407xx.o(.text)
    DMA1_Stream5_IRQHandler                  0x08000243   Thumb Code     0  startup_stm32f407xx.o(.text)
    DMA1_Stream6_IRQHandler                  0x08000243   Thumb Code     0  startup_stm32f407xx.o(.text)
    DMA1_Stream7_IRQHandler                  0x08000243   Thumb Code     0  startup_stm32f407xx.o(.text)
    DMA2_Stream0_IRQHandler                  0x08000243   Thumb Code     0  startup_stm32f407xx.o(.text)
    DMA2_Stream1_IRQHandler                  0x08000243   Thumb Code     0  startup_stm32f407xx.o(.text)
    DMA2_Stream2_IRQHandler                  0x08000243   Thumb Code     0  startup_stm32f407xx.o(.text)
    DMA2_Stream3_IRQHandler                  0x08000243   Thumb Code     0  startup_stm32f407xx.o(.text)
    DMA2_Stream4_IRQHandler                  0x08000243   Thumb Code     0  startup_stm32f407xx.o(.text)
    DMA2_Stream5_IRQHandler                  0x08000243   Thumb Code     0  startup_stm32f407xx.o(.text)
    DMA2_Stream6_IRQHandler                  0x08000243   Thumb Code     0  startup_stm32f407xx.o(.text)
    DMA2_Stream7_IRQHandler                  0x08000243   Thumb Code     0  startup_stm32f407xx.o(.text)
    ETH_IRQHandler                           0x08000243   Thumb Code     0  startup_stm32f407xx.o(.text)
    ETH_WKUP_IRQHandler                      0x08000243   Thumb Code     0  startup_stm32f407xx.o(.text)
    EXTI0_IRQHandler                         0x08000243   Thumb Code     0  startup_stm32f407xx.o(.text)
    EXTI1_IRQHandler                         0x08000243   Thumb Code     0  startup_stm32f407xx.o(.text)
    EXTI4_IRQHandler                         0x08000243   Thumb Code     0  startup_stm32f407xx.o(.text)
    EXTI9_5_IRQHandler                       0x08000243   Thumb Code     0  startup_stm32f407xx.o(.text)
    FLASH_IRQHandler                         0x08000243   Thumb Code     0  startup_stm32f407xx.o(.text)
    FMC_IRQHandler                           0x08000243   Thumb Code     0  startup_stm32f407xx.o(.text)
    FPU_IRQHandler                           0x08000243   Thumb Code     0  startup_stm32f407xx.o(.text)
    HASH_RNG_IRQHandler                      0x08000243   Thumb Code     0  startup_stm32f407xx.o(.text)
    I2C1_ER_IRQHandler                       0x08000243   Thumb Code     0  startup_stm32f407xx.o(.text)
    I2C1_EV_IRQHandler                       0x08000243   Thumb Code     0  startup_stm32f407xx.o(.text)
    I2C2_ER_IRQHandler                       0x08000243   Thumb Code     0  startup_stm32f407xx.o(.text)
    I2C2_EV_IRQHandler                       0x08000243   Thumb Code     0  startup_stm32f407xx.o(.text)
    I2C3_ER_IRQHandler                       0x08000243   Thumb Code     0  startup_stm32f407xx.o(.text)
    I2C3_EV_IRQHandler                       0x08000243   Thumb Code     0  startup_stm32f407xx.o(.text)
    OTG_FS_IRQHandler                        0x08000243   Thumb Code     0  startup_stm32f407xx.o(.text)
    OTG_FS_WKUP_IRQHandler                   0x08000243   Thumb Code     0  startup_stm32f407xx.o(.text)
    OTG_HS_EP1_IN_IRQHandler                 0x08000243   Thumb Code     0  startup_stm32f407xx.o(.text)
    OTG_HS_EP1_OUT_IRQHandler                0x08000243   Thumb Code     0  startup_stm32f407xx.o(.text)
    OTG_HS_IRQHandler                        0x08000243   Thumb Code     0  startup_stm32f407xx.o(.text)
    OTG_HS_WKUP_IRQHandler                   0x08000243   Thumb Code     0  startup_stm32f407xx.o(.text)
    PVD_IRQHandler                           0x08000243   Thumb Code     0  startup_stm32f407xx.o(.text)
    RCC_IRQHandler                           0x08000243   Thumb Code     0  startup_stm32f407xx.o(.text)
    RTC_Alarm_IRQHandler                     0x08000243   Thumb Code     0  startup_stm32f407xx.o(.text)
    RTC_WKUP_IRQHandler                      0x08000243   Thumb Code     0  startup_stm32f407xx.o(.text)
    SDIO_IRQHandler                          0x08000243   Thumb Code     0  startup_stm32f407xx.o(.text)
    TAMP_STAMP_IRQHandler                    0x08000243   Thumb Code     0  startup_stm32f407xx.o(.text)
    TIM1_BRK_TIM9_IRQHandler                 0x08000243   Thumb Code     0  startup_stm32f407xx.o(.text)
    TIM1_CC_IRQHandler                       0x08000243   Thumb Code     0  startup_stm32f407xx.o(.text)
    TIM1_TRG_COM_TIM11_IRQHandler            0x08000243   Thumb Code     0  startup_stm32f407xx.o(.text)
    TIM1_UP_TIM10_IRQHandler                 0x08000243   Thumb Code     0  startup_stm32f407xx.o(.text)
    TIM2_IRQHandler                          0x08000243   Thumb Code     0  startup_stm32f407xx.o(.text)
    TIM3_IRQHandler                          0x08000243   Thumb Code     0  startup_stm32f407xx.o(.text)
    TIM4_IRQHandler                          0x08000243   Thumb Code     0  startup_stm32f407xx.o(.text)
    TIM5_IRQHandler                          0x08000243   Thumb Code     0  startup_stm32f407xx.o(.text)
    TIM6_DAC_IRQHandler                      0x08000243   Thumb Code     0  startup_stm32f407xx.o(.text)
    TIM8_BRK_TIM12_IRQHandler                0x08000243   Thumb Code     0  startup_stm32f407xx.o(.text)
    TIM8_CC_IRQHandler                       0x08000243   Thumb Code     0  startup_stm32f407xx.o(.text)
    TIM8_TRG_COM_TIM14_IRQHandler            0x08000243   Thumb Code     0  startup_stm32f407xx.o(.text)
    TIM8_UP_TIM13_IRQHandler                 0x08000243   Thumb Code     0  startup_stm32f407xx.o(.text)
    UART4_IRQHandler                         0x08000243   Thumb Code     0  startup_stm32f407xx.o(.text)
    UART5_IRQHandler                         0x08000243   Thumb Code     0  startup_stm32f407xx.o(.text)
    USART1_IRQHandler                        0x08000243   Thumb Code     0  startup_stm32f407xx.o(.text)
    USART2_IRQHandler                        0x08000243   Thumb Code     0  startup_stm32f407xx.o(.text)
    USART3_IRQHandler                        0x08000243   Thumb Code     0  startup_stm32f407xx.o(.text)
    USART6_IRQHandler                        0x08000243   Thumb Code     0  startup_stm32f407xx.o(.text)
    WWDG_IRQHandler                          0x08000243   Thumb Code     0  startup_stm32f407xx.o(.text)
    __user_initial_stackheap                 0x08000245   Thumb Code     0  startup_stm32f407xx.o(.text)
    __semihosting$guard                      0x08000269   Thumb Code     0  use_no_semi.o(.text)
    __use_no_semihosting_swi                 0x08000269   Thumb Code     2  use_no_semi.o(.text)
    __use_two_region_memory                  0x0800026b   Thumb Code     2  heapauxi.o(.text)
    __rt_heap_escrow                         0x0800026d   Thumb Code     2  heapauxi.o(.text)
    __rt_heap_expand                         0x0800026f   Thumb Code     2  heapauxi.o(.text)
    __user_libspace                          0x08000271   Thumb Code     8  libspace.o(.text)
    __user_perproc_libspace                  0x08000271   Thumb Code     0  libspace.o(.text)
    __user_perthread_libspace                0x08000271   Thumb Code     0  libspace.o(.text)
    __user_setup_stackheap                   0x08000279   Thumb Code    74  sys_stackheap_outer.o(.text)
    exit                                     0x080002c3   Thumb Code    18  exit.o(.text)
    EXTI15_10_IRQHandler                     0x080002d5   Thumb Code   142  irqs.o(i.EXTI15_10_IRQHandler)
    EXTI2_IRQHandler                         0x08000381   Thumb Code    30  irqs.o(i.EXTI2_IRQHandler)
    EXTI3_IRQHandler                         0x080003a9   Thumb Code    30  irqs.o(i.EXTI3_IRQHandler)
    EXTI_ClearFlag                           0x080003d1   Thumb Code    28  stm32f4xx_exti.o(i.EXTI_ClearFlag)
    EXTI_GetITStatus                         0x08000411   Thumb Code   164  stm32f4xx_exti.o(i.EXTI_GetITStatus)
    EXTI_Init                                0x080004d9   Thumb Code   236  stm32f4xx_exti.o(i.EXTI_Init)
    GPIO_Init                                0x080005e9   Thumb Code   352  stm32f4xx_gpio.o(i.GPIO_Init)
    GPIO_PinAFConfig                         0x08000795   Thumb Code   352  stm32f4xx_gpio.o(i.GPIO_PinAFConfig)
    GPIO_ReadInputDataBit                    0x08000941   Thumb Code   194  stm32f4xx_gpio.o(i.GPIO_ReadInputDataBit)
    GPIO_StructInit                          0x08000a51   Thumb Code    18  stm32f4xx_gpio.o(i.GPIO_StructInit)
    InitUART3                                0x08000a65   Thumb Code   178  uart.o(i.InitUART3)
    InitUART6                                0x08000b21   Thumb Code   182  uart.o(i.InitUART6)
    NVIC_Init                                0x08000be9   Thumb Code   164  misc.o(i.NVIC_Init)
    RCC_AHB1PeriphClockCmd                   0x08000cad   Thumb Code    70  stm32f4xx_rcc.o(i.RCC_AHB1PeriphClockCmd)
    RCC_APB1PeriphClockCmd                   0x08000d1d   Thumb Code    70  stm32f4xx_rcc.o(i.RCC_APB1PeriphClockCmd)
    RCC_APB2PeriphClockCmd                   0x08000d89   Thumb Code    70  stm32f4xx_rcc.o(i.RCC_APB2PeriphClockCmd)
    RCC_GetClocksFreq                        0x08000df9   Thumb Code   214  stm32f4xx_rcc.o(i.RCC_GetClocksFreq)
    SPI1_IRQHandler                          0x08000ee1   Thumb Code    10  stm32f407_spi.o(i.SPI1_IRQHandler)
    SPI2_IRQHandler                          0x08000eeb   Thumb Code    10  stm32f407_spi.o(i.SPI2_IRQHandler)
    SPI3_IRQHandler                          0x08000ef5   Thumb Code    10  stm32f407_spi.o(i.SPI3_IRQHandler)
    SYSCFG_EXTILineConfig                    0x08000f01   Thumb Code   188  stm32f4xx_syscfg.o(i.SYSCFG_EXTILineConfig)
    SysTick_Handler                          0x08000fe1   Thumb Code    12  time_service.o(i.SysTick_Handler)
    SystemInit                               0x08000ff1   Thumb Code    88  system_stm32f4xx.o(i.SystemInit)
    TIM7_IRQHandler                          0x08001059   Thumb Code    34  stm32f407_sysfunc.o(i.TIM7_IRQHandler)
    USART_Cmd                                0x08001085   Thumb Code   120  stm32f4xx_usart.o(i.USART_Cmd)
    USART_ITConfig                           0x08001145   Thumb Code   284  stm32f4xx_usart.o(i.USART_ITConfig)
    USART_Init                               0x080012a9   Thumb Code   492  stm32f4xx_usart.o(i.USART_Init)
    SPIInterruptHandler(unsigned)            0x080014e1   Thumb Code    52  stm32f407_spi.o(i._Z19SPIInterruptHandlerj)
    _sys_exit                                0x08001631   Thumb Code     4  retarget.o(i._sys_exit)
    assert_failed                            0x08001635   Thumb Code    10  retarget.o(i.assert_failed)
    initEXTI                                 0x0800163f   Thumb Code   180  irqs.o(i.initEXTI)
    initEndstops                             0x080016f5   Thumb Code   148  irqs.o(i.initEndstops)
    initNVIC                                 0x08001795   Thumb Code    94  irqs.o(i.initNVIC)
    main                                     0x080017f3   Thumb Code   122  main.o(i.main)
    _fp_init                                 0x0800186d   Thumb Code    10  fpinit.o(x$fpl$fpinit)
    __fplib_config_fpu_vfp                   0x08001875   Thumb Code     0  fpinit.o(x$fpl$fpinit)
    __fplib_config_pureend_doubles           0x08001875   Thumb Code     0  fpinit.o(x$fpl$fpinit)
    Region$$Table$$Base                      0x080018b4   Number         0  anon$$obj.o(Region$$Table)
    Region$$Table$$Limit                     0x080018d4   Number         0  anon$$obj.o(Region$$Table)
    time_service::systemTime                 0x20000000   Data           4  time_service.o(.data)
    enc1                                     0x20000018   Data           8  irqs.o(.data)
    enc2                                     0x20000020   Data           8  irqs.o(.data)
    signal1                                  0x20000028   Data           4  irqs.o(.data)
    button1                                  0x2000002c   Data           4  irqs.o(.data)
    button2                                  0x20000030   Data           4  irqs.o(.data)
    button3                                  0x20000034   Data           4  irqs.o(.data)
    button4                                  0x20000038   Data           4  irqs.o(.data)
    _RxData                                  0x2000003c   Data           4  stm32f407_spi.o(.data)
    _available                               0x20000040   Data           2  stm32f407_spi.o(.data)
    _millis                                  0x20000044   Data           4  stm32f407_sysfunc.o(.data)
    __libspace_start                         0x20000048   Data          96  libspace.o(.bss)
    __temporary_stack_top$libspace           0x200000a8   Data           0  libspace.o(.bss)



==============================================================================

Memory Map of the image

  Image Entry point : 0x08000229

  Load Region LR_1 (Base: 0x08000000, Size: 0x0000191c, Max: 0xffffffff, ABSOLUTE)

    Execution Region ER_RO (Exec base: 0x08000000, Load base: 0x08000000, Size: 0x000018d4, Max: 0xffffffff, ABSOLUTE)

    Exec Addr    Load Addr    Size         Type   Attr      Idx    E Section Name        Object

    0x08000000   0x08000000   0x00000188   Data   RO          318    RESET               startup_stm32f407xx.o
    0x08000188   0x08000188   0x00000008   Code   RO         5926  * !!!main             c_w.l(__main.o)
    0x08000190   0x08000190   0x00000034   Code   RO         6441    !!!scatter          c_w.l(__scatter.o)
    0x080001c4   0x080001c4   0x0000001a   Code   RO         6443    !!handler_copy      c_w.l(__scatter_copy.o)
    0x080001de   0x080001de   0x00000002   PAD
    0x080001e0   0x080001e0   0x0000001c   Code   RO         6445    !!handler_zi        c_w.l(__scatter_zi.o)
    0x080001fc   0x080001fc   0x00000002   Code   RO         6316    .ARM.Collect$$libinit$$00000000  c_w.l(libinit.o)
    0x080001fe   0x080001fe   0x00000004   Code   RO         6317    .ARM.Collect$$libinit$$00000001  c_w.l(libinit2.o)
    0x08000202   0x08000202   0x00000000   Code   RO         6320    .ARM.Collect$$libinit$$00000004  c_w.l(libinit2.o)
    0x08000202   0x08000202   0x00000000   Code   RO         6323    .ARM.Collect$$libinit$$0000000A  c_w.l(libinit2.o)
    0x08000202   0x08000202   0x00000000   Code   RO         6325    .ARM.Collect$$libinit$$0000000C  c_w.l(libinit2.o)
    0x08000202   0x08000202   0x00000000   Code   RO         6327    .ARM.Collect$$libinit$$0000000E  c_w.l(libinit2.o)
    0x08000202   0x08000202   0x00000000   Code   RO         6330    .ARM.Collect$$libinit$$00000011  c_w.l(libinit2.o)
    0x08000202   0x08000202   0x00000000   Code   RO         6332    .ARM.Collect$$libinit$$00000013  c_w.l(libinit2.o)
    0x08000202   0x08000202   0x00000000   Code   RO         6334    .ARM.Collect$$libinit$$00000015  c_w.l(libinit2.o)
    0x08000202   0x08000202   0x00000000   Code   RO         6336    .ARM.Collect$$libinit$$00000017  c_w.l(libinit2.o)
    0x08000202   0x08000202   0x00000000   Code   RO         6338    .ARM.Collect$$libinit$$00000019  c_w.l(libinit2.o)
    0x08000202   0x08000202   0x00000000   Code   RO         6340    .ARM.Collect$$libinit$$0000001B  c_w.l(libinit2.o)
    0x08000202   0x08000202   0x00000000   Code   RO         6342    .ARM.Collect$$libinit$$0000001D  c_w.l(libinit2.o)
    0x08000202   0x08000202   0x00000000   Code   RO         6344    .ARM.Collect$$libinit$$0000001F  c_w.l(libinit2.o)
    0x08000202   0x08000202   0x00000000   Code   RO         6346    .ARM.Collect$$libinit$$00000021  c_w.l(libinit2.o)
    0x08000202   0x08000202   0x00000000   Code   RO         6348    .ARM.Collect$$libinit$$00000023  c_w.l(libinit2.o)
    0x08000202   0x08000202   0x00000000   Code   RO         6350    .ARM.Collect$$libinit$$00000025  c_w.l(libinit2.o)
    0x08000202   0x08000202   0x00000000   Code   RO         6354    .ARM.Collect$$libinit$$0000002C  c_w.l(libinit2.o)
    0x08000202   0x08000202   0x00000000   Code   RO         6356    .ARM.Collect$$libinit$$0000002E  c_w.l(libinit2.o)
    0x08000202   0x08000202   0x00000000   Code   RO         6358    .ARM.Collect$$libinit$$00000030  c_w.l(libinit2.o)
    0x08000202   0x08000202   0x00000000   Code   RO         6360    .ARM.Collect$$libinit$$00000032  c_w.l(libinit2.o)
    0x08000202   0x08000202   0x00000002   Code   RO         6361    .ARM.Collect$$libinit$$00000033  c_w.l(libinit2.o)
    0x08000204   0x08000204   0x00000002   Code   RO         6438    .ARM.Collect$$libshutdown$$00000000  c_w.l(libshutdown.o)
    0x08000206   0x08000206   0x00000000   Code   RO         6419    .ARM.Collect$$libshutdown$$00000002  c_w.l(libshutdown2.o)
    0x08000206   0x08000206   0x00000000   Code   RO         6421    .ARM.Collect$$libshutdown$$00000004  c_w.l(libshutdown2.o)
    0x08000206   0x08000206   0x00000000   Code   RO         6423    .ARM.Collect$$libshutdown$$00000006  c_w.l(libshutdown2.o)
    0x08000206   0x08000206   0x00000000   Code   RO         6426    .ARM.Collect$$libshutdown$$00000009  c_w.l(libshutdown2.o)
    0x08000206   0x08000206   0x00000000   Code   RO         6429    .ARM.Collect$$libshutdown$$0000000C  c_w.l(libshutdown2.o)
    0x08000206   0x08000206   0x00000000   Code   RO         6431    .ARM.Collect$$libshutdown$$0000000E  c_w.l(libshutdown2.o)
    0x08000206   0x08000206   0x00000000   Code   RO         6434    .ARM.Collect$$libshutdown$$00000011  c_w.l(libshutdown2.o)
    0x08000206   0x08000206   0x00000002   Code   RO         6435    .ARM.Collect$$libshutdown$$00000012  c_w.l(libshutdown2.o)
    0x08000208   0x08000208   0x00000000   Code   RO         6064    .ARM.Collect$$rtentry$$00000000  c_w.l(__rtentry.o)
    0x08000208   0x08000208   0x00000000   Code   RO         6201    .ARM.Collect$$rtentry$$00000002  c_w.l(__rtentry2.o)
    0x08000208   0x08000208   0x00000006   Code   RO         6213    .ARM.Collect$$rtentry$$00000004  c_w.l(__rtentry4.o)
    0x0800020e   0x0800020e   0x00000000   Code   RO         6203    .ARM.Collect$$rtentry$$00000009  c_w.l(__rtentry2.o)
    0x0800020e   0x0800020e   0x00000004   Code   RO         6204    .ARM.Collect$$rtentry$$0000000A  c_w.l(__rtentry2.o)
    0x08000212   0x08000212   0x00000000   Code   RO         6206    .ARM.Collect$$rtentry$$0000000C  c_w.l(__rtentry2.o)
    0x08000212   0x08000212   0x00000008   Code   RO         6207    .ARM.Collect$$rtentry$$0000000D  c_w.l(__rtentry2.o)
    0x0800021a   0x0800021a   0x00000002   Code   RO         6369    .ARM.Collect$$rtexit$$00000000  c_w.l(rtexit.o)
    0x0800021c   0x0800021c   0x00000000   Code   RO         6390    .ARM.Collect$$rtexit$$00000002  c_w.l(rtexit2.o)
    0x0800021c   0x0800021c   0x00000004   Code   RO         6391    .ARM.Collect$$rtexit$$00000003  c_w.l(rtexit2.o)
    0x08000220   0x08000220   0x00000006   Code   RO         6392    .ARM.Collect$$rtexit$$00000004  c_w.l(rtexit2.o)
    0x08000226   0x08000226   0x00000002   PAD
    0x08000228   0x08000228   0x00000040   Code   RO          319  * .text               startup_stm32f407xx.o
    0x08000268   0x08000268   0x00000002   Code   RO         5912    .text               c_w.l(use_no_semi.o)
    0x0800026a   0x0800026a   0x00000006   Code   RO         5924    .text               c_w.l(heapauxi.o)
    0x08000270   0x08000270   0x00000008   Code   RO         6274    .text               c_w.l(libspace.o)
    0x08000278   0x08000278   0x0000004a   Code   RO         6277    .text               c_w.l(sys_stackheap_outer.o)
    0x080002c2   0x080002c2   0x00000012   Code   RO         6294    .text               c_w.l(exit.o)
    0x080002d4   0x080002d4   0x000000ac   Code   RO         5251    i.EXTI15_10_IRQHandler  irqs.o
    0x08000380   0x08000380   0x00000028   Code   RO         5252    i.EXTI2_IRQHandler  irqs.o
    0x080003a8   0x080003a8   0x00000028   Code   RO         5253    i.EXTI3_IRQHandler  irqs.o
    0x080003d0   0x080003d0   0x00000040   Code   RO         3117    i.EXTI_ClearFlag    stm32f4xx_exti.o
    0x08000410   0x08000410   0x000000c8   Code   RO         3122    i.EXTI_GetITStatus  stm32f4xx_exti.o
    0x080004d8   0x080004d8   0x00000110   Code   RO         3123    i.EXTI_Init         stm32f4xx_exti.o
    0x080005e8   0x080005e8   0x000001ac   Code   RO          660    i.GPIO_Init         stm32f4xx_gpio.o
    0x08000794   0x08000794   0x000001ac   Code   RO          661    i.GPIO_PinAFConfig  stm32f4xx_gpio.o
    0x08000940   0x08000940   0x00000110   Code   RO          664    i.GPIO_ReadInputDataBit  stm32f4xx_gpio.o
    0x08000a50   0x08000a50   0x00000012   Code   RO          669    i.GPIO_StructInit   stm32f4xx_gpio.o
    0x08000a62   0x08000a62   0x00000002   PAD
    0x08000a64   0x08000a64   0x000000bc   Code   RO         5857    i.InitUART3         uart.o
    0x08000b20   0x08000b20   0x000000c8   Code   RO         5858    i.InitUART6         uart.o
    0x08000be8   0x08000be8   0x000000c4   Code   RO          528    i.NVIC_Init         misc.o
    0x08000cac   0x08000cac   0x00000070   Code   RO         1047    i.RCC_AHB1PeriphClockCmd  stm32f4xx_rcc.o
    0x08000d1c   0x08000d1c   0x0000006c   Code   RO         1056    i.RCC_APB1PeriphClockCmd  stm32f4xx_rcc.o
    0x08000d88   0x08000d88   0x00000070   Code   RO         1059    i.RCC_APB2PeriphClockCmd  stm32f4xx_rcc.o
    0x08000df8   0x08000df8   0x000000e8   Code   RO         1068    i.RCC_GetClocksFreq  stm32f4xx_rcc.o
    0x08000ee0   0x08000ee0   0x0000000a   Code   RO         5627    i.SPI1_IRQHandler   stm32f407_spi.o
    0x08000eea   0x08000eea   0x0000000a   Code   RO         5628    i.SPI2_IRQHandler   stm32f407_spi.o
    0x08000ef4   0x08000ef4   0x0000000a   Code   RO         5629    i.SPI3_IRQHandler   stm32f407_spi.o
    0x08000efe   0x08000efe   0x00000002   PAD
    0x08000f00   0x08000f00   0x000000e0   Code   RO         3197    i.SYSCFG_EXTILineConfig  stm32f4xx_syscfg.o
    0x08000fe0   0x08000fe0   0x00000010   Code   RO          370    i.SysTick_Handler   time_service.o
    0x08000ff0   0x08000ff0   0x00000068   Code   RO          327    i.SystemInit        system_stm32f4xx.o
    0x08001058   0x08001058   0x0000002c   Code   RO         5725    i.TIM7_IRQHandler   stm32f407_sysfunc.o
    0x08001084   0x08001084   0x000000c0   Code   RO         2302    i.USART_Cmd         stm32f4xx_usart.o
    0x08001144   0x08001144   0x00000164   Code   RO         2308    i.USART_ITConfig    stm32f4xx_usart.o
    0x080012a8   0x080012a8   0x00000238   Code   RO         2309    i.USART_Init        stm32f4xx_usart.o
    0x080014e0   0x080014e0   0x00000048   Code   RO         5633    i._Z19SPIInterruptHandlerj  stm32f407_spi.o
    0x08001528   0x08001528   0x0000001a   Code   RO         5859    i._ZN27_INTERNAL_6_uart_c_72988eb216__NVIC_EnableIRQE4IRQn  uart.o
    0x08001542   0x08001542   0x00000002   PAD
    0x08001544   0x08001544   0x000000ec   Code   RO          328    i._ZN40_INTERNAL_18_system_stm32f4xx_c_5d646a6711SetSysClockEv  system_stm32f4xx.o
    0x08001630   0x08001630   0x00000004   Code   RO          437    i._sys_exit         retarget.o
    0x08001634   0x08001634   0x0000000a   Code   RO          439    i.assert_failed     retarget.o
    0x0800163e   0x0800163e   0x000000b4   Code   RO         5257    i.initEXTI          irqs.o
    0x080016f2   0x080016f2   0x00000002   PAD
    0x080016f4   0x080016f4   0x000000a0   Code   RO         5258    i.initEndstops      irqs.o
    0x08001794   0x08001794   0x0000005e   Code   RO         5259    i.initNVIC          irqs.o
    0x080017f2   0x080017f2   0x0000007a   Code   RO           13    i.main              main.o
    0x0800186c   0x0800186c   0x0000000a   Code   RO         6385    x$fpl$fpinit        fz_wm.l(fpinit.o)
    0x08001876   0x08001876   0x0000003d   Data   RO          452    .constdata          retarget.o
    0x080018b3   0x080018b3   0x00000001   PAD
    0x080018b4   0x080018b4   0x00000020   Data   RO         6439    Region$$Table       anon$$obj.o


    Execution Region ER_RW (Exec base: 0x20000000, Load base: 0x080018d4, Size: 0x00000048, Max: 0xffffffff, ABSOLUTE)

    Exec Addr    Load Addr    Size         Type   Attr      Idx    E Section Name        Object

    0x20000000   0x080018d4   0x00000004   Data   RW          380    .data               time_service.o
    0x20000004   0x080018d8   0x00000010   Data   RW         1153    .data               stm32f4xx_rcc.o
    0x20000014   0x080018e8   0x00000004   PAD
    0x20000018   0x080018ec   0x00000024   Data   RW         5281    .data               irqs.o
    0x2000003c   0x08001910   0x00000006   Data   RW         5647    .data               stm32f407_spi.o
    0x20000042   0x08001916   0x00000002   PAD
    0x20000044   0x08001918   0x00000004   Data   RW         5739    .data               stm32f407_sysfunc.o


    Execution Region ER_ZI (Exec base: 0x20000048, Load base: 0x0800191c, Size: 0x00000660, Max: 0xffffffff, ABSOLUTE)

    Exec Addr    Load Addr    Size         Type   Attr      Idx    E Section Name        Object

    0x20000048        -       0x00000060   Zero   RW         6275    .bss                c_w.l(libspace.o)
    0x200000a8        -       0x00000200   Zero   RW          317    HEAP                startup_stm32f407xx.o
    0x200002a8        -       0x00000400   Zero   RW          316    STACK               startup_stm32f407xx.o


==============================================================================

Image component sizes


      Code (inc. data)   RO Data    RW Data    ZI Data      Debug   Object Name

       686         62          0         36          0       3750   irqs.o
       122          0          0          0          0     258771   main.o
       196         32          0          0          0      18288   misc.o
        14          0         61          0          0       3164   retarget.o
        64         26        392          0       1536        836   startup_stm32f407xx.o
       102         20          0          6          0       2993   stm32f407_spi.o
        44         10          0          4          0      30395   stm32f407_sysfunc.o
       536        108          0          0          0       4940   stm32f4xx_exti.o
      1146        230          0          0          0      10701   stm32f4xx_gpio.o
       564        140          0         16          0      20407   stm32f4xx_rcc.o
       224         36          0          0          0        776   stm32f4xx_syscfg.o
      1116        220          0          0          0       9498   stm32f4xx_usart.o
       340         32          0          0          0       1685   system_stm32f4xx.o
        16          4          0          4          0       1046   time_service.o
       414         28          0          0          0       1884   uart.o

    ----------------------------------------------------------------------
      5592        948        486         72       1536     369134   Object Totals
         0          0         32          0          0          0   (incl. Generated)
         8          0          1          6          0          0   (incl. Padding)

    ----------------------------------------------------------------------

      Code (inc. data)   RO Data    RW Data    ZI Data      Debug   Library Member Name

         8          0          0          0          0         68   __main.o
         0          0          0          0          0          0   __rtentry.o
        12          0          0          0          0          0   __rtentry2.o
         6          0          0          0          0          0   __rtentry4.o
        52          8          0          0          0          0   __scatter.o
        26          0          0          0          0          0   __scatter_copy.o
        28          0          0          0          0          0   __scatter_zi.o
        18          0          0          0          0         80   exit.o
         6          0          0          0          0        152   heapauxi.o
         2          0          0          0          0          0   libinit.o
         6          0          0          0          0          0   libinit2.o
         2          0          0          0          0          0   libshutdown.o
         2          0          0          0          0          0   libshutdown2.o
         8          4          0          0         96         68   libspace.o
         2          0          0          0          0          0   rtexit.o
        10          0          0          0          0          0   rtexit2.o
        74          0          0          0          0         80   sys_stackheap_outer.o
         2          0          0          0          0         68   use_no_semi.o
        10          0          0          0          0        116   fpinit.o

    ----------------------------------------------------------------------
       278         12          0          0         96        632   Library Totals
         4          0          0          0          0          0   (incl. Padding)

    ----------------------------------------------------------------------

      Code (inc. data)   RO Data    RW Data    ZI Data      Debug   Library Name

       264         12          0          0         96        516   c_w.l
        10          0          0          0          0        116   fz_wm.l

    ----------------------------------------------------------------------
       278         12          0          0         96        632   Library Totals

    ----------------------------------------------------------------------

==============================================================================


      Code (inc. data)   RO Data    RW Data    ZI Data      Debug   

      5870        960        486         72       1632     366462   Grand Totals
      5870        960        486         72       1632     366462   ELF Image Totals
      5870        960        486         72          0          0   ROM Totals

==============================================================================

    Total RO  Size (Code + RO Data)                 6356 (   6.21kB)
    Total RW  Size (RW Data + ZI Data)              1704 (   1.66kB)
    Total ROM Size (Code + RO Data + RW Data)       6428 (   6.28kB)

==============================================================================

